 elest

 Timestamp is 535344d8 (Sun Apr 20 12:54:00 2014)

 Preferred load address is 00400000

 Start         Length     Name                   Class
 0001:00000000 00000114H .idata$5                CODE
 0001:00000118 000001f0H .rdata                  CODE
 0001:00000310 0000d5d8H .text                   CODE
 0001:0000d8f0 00000004H .text$0                 CODE
 0001:0000d900 000065c0H .text$1                 CODE
 0001:00013ec0 00000004H .text$2                 CODE
 0001:00013ec4 00000014H .idata$2                CODE
 0001:00013ed8 00000014H .idata$3                CODE
 0001:00013eec 00000114H .idata$4                CODE
 0001:00014000 00000420H .idata$6                CODE
 0001:00014420 00000000H .edata                  CODE
 0002:00000000 00000004H .data                   DATA
 0002:00000008 000012c8H .bss                    DATA
 0003:00000000 00000118H .rsrc$01                DATA
 0003:00000120 000009c8H .rsrc$02                DATA

  Address         Publics by Value              Rva+Base     Lib:Object

 0001:00000000       __imp____vbaVarSub         00401000     elest1.OBJ
 0001:00000000       __imp_@__vbaVarSub         00401000     elest1.OBJ
 0001:00000004       __imp___CIcos              00401004     elest1.OBJ
 0001:00000008       __imp___adj_fptan          00401008     elest1.OBJ
 0001:0000000c       __imp_@__vbaVarMove        0040100c     elest1.OBJ
 0001:0000000c       __imp____vbaVarMove        0040100c     elest1.OBJ
 0001:00000010       __imp_@__vbaFreeVar        00401010     elest1.OBJ
 0001:00000010       __imp____vbaFreeVar        00401010     elest1.OBJ
 0001:00000014       __imp_@__vbaStrVarMove     00401014     elest1.OBJ
 0001:00000014       __imp____vbaStrVarMove     00401014     elest1.OBJ
 0001:00000018       __imp____vbaFreeVarList    00401018     elest1.OBJ
 0001:00000018       __imp_@__vbaFreeVarList    00401018     elest1.OBJ
 0001:0000001c       __imp_@__vbaEnd            0040101c     elest1.OBJ
 0001:0000001c       __imp____vbaEnd            0040101c     elest1.OBJ
 0001:00000020       __imp___adj_fdiv_m64       00401020     elest1.OBJ
 0001:00000024       __imp_@__vbaFreeObjList    00401024     elest1.OBJ
 0001:00000024       __imp____vbaFreeObjList    00401024     elest1.OBJ
 0001:00000028       __imp___adj_fprem1         00401028     elest1.OBJ
 0001:0000002c       __imp_@__vbaStrCat         0040102c     elest1.OBJ
 0001:0000002c       __imp____vbaStrCat         0040102c     elest1.OBJ
 0001:00000030       __imp_@__vbaSetSystemError 00401030     elest1.OBJ
 0001:00000030       __imp____vbaSetSystemError 00401030     elest1.OBJ
 0001:00000034       __imp____vbaHresultCheckObj 00401034     elest1.OBJ
 0001:00000034       __imp_@__vbaHresultCheckObj 00401034     elest1.OBJ
 0001:00000038       __imp___adj_fdiv_m32       00401038     elest1.OBJ
 0001:0000003c       __imp_@__vbaVarTstLe       0040103c     elest1.OBJ
 0001:0000003c       __imp____vbaVarTstLe       0040103c     elest1.OBJ
 0001:00000040       __imp_@__vbaLateMemSt      00401040     elest1.OBJ
 0001:00000040       __imp____vbaLateMemSt      00401040     elest1.OBJ
 0001:00000044       __imp_@__vbaOnError        00401044     elest1.OBJ
 0001:00000044       __imp____vbaOnError        00401044     elest1.OBJ
 0001:00000048       __imp____vbaObjSet         00401048     elest1.OBJ
 0001:00000048       __imp_@__vbaObjSet         00401048     elest1.OBJ
 0001:0000004c       __imp___adj_fdiv_m16i      0040104c     elest1.OBJ
 0001:00000050       __imp___adj_fdivr_m16i     00401050     elest1.OBJ
 0001:00000054       __imp_@__vbaFpR4           00401054     elest1.OBJ
 0001:00000054       __imp____vbaFpR4           00401054     elest1.OBJ
 0001:00000058       __imp____vbaBoolVar        00401058     elest1.OBJ
 0001:00000058       __imp_@__vbaBoolVar        00401058     elest1.OBJ
 0001:0000005c       __imp____vbaBoolVarNull    0040105c     elest1.OBJ
 0001:0000005c       __imp_@__vbaBoolVarNull    0040105c     elest1.OBJ
 0001:00000060       __imp____vbaFpR8           00401060     elest1.OBJ
 0001:00000060       __imp_@__vbaFpR8           00401060     elest1.OBJ
 0001:00000064       __imp___CIsin              00401064     elest1.OBJ
 0001:00000068       __imp____vbaChkstk         00401068     elest1.OBJ
 0001:00000070       __imp____vbaI2I4           00401070     elest1.OBJ
 0001:00000070       __imp_@__vbaI2I4           00401070     elest1.OBJ
 0001:00000078       __imp___adj_fpatan         00401078     elest1.OBJ
 0001:0000007c       __imp_@__vbaR4Var          0040107c     elest1.OBJ
 0001:0000007c       __imp____vbaR4Var          0040107c     elest1.OBJ
 0001:00000084       __imp____vba@007B2980      00401084     elest1.OBJ
 0001:00000084       __imp_@__vba@007B2980      00401084     elest1.OBJ
 0001:00000088       __imp___CIsqrt             00401088     elest1.OBJ
 0001:0000008c       __imp_@__vbaVarAnd         0040108c     elest1.OBJ
 0001:0000008c       __imp____vbaVarAnd         0040108c     elest1.OBJ
 0001:00000094       __imp____vbaExceptHandler  00401094     elest1.OBJ
 0001:00000098       __imp____vbaStrToUnicode   00401098     elest1.OBJ
 0001:00000098       __imp_@__vbaStrToUnicode   00401098     elest1.OBJ
 0001:0000009c       __imp___adj_fprem          0040109c     elest1.OBJ
 0001:000000a0       __imp___adj_fdivr_m64      004010a0     elest1.OBJ
 0001:000000a4       __imp_@__vbaVarDiv         004010a4     elest1.OBJ
 0001:000000a4       __imp____vbaVarDiv         004010a4     elest1.OBJ
 0001:000000a8       __imp____vbaVarCmpLe       004010a8     elest1.OBJ
 0001:000000a8       __imp_@__vbaVarCmpLe       004010a8     elest1.OBJ
 0001:000000ac       __imp____vbaFPException    004010ac     elest1.OBJ
 0001:000000b0       __imp____vba@06ADA8FC      004010b0     elest1.OBJ
 0001:000000b0       __imp_@__vba@06ADA8FC      004010b0     elest1.OBJ
 0001:000000b4       __imp___CIlog              004010b4     elest1.OBJ
 0001:000000b8       __imp____vbaErrorOverflow  004010b8     elest1.OBJ
 0001:000000b8       __imp_@__vbaErrorOverflow  004010b8     elest1.OBJ
 0001:000000bc       __imp_@__vbaNew2           004010bc     elest1.OBJ
 0001:000000bc       __imp____vbaNew2           004010bc     elest1.OBJ
 0001:000000c0       __imp___adj_fdiv_m32i      004010c0     elest1.OBJ
 0001:000000c4       __imp___adj_fdivr_m32i     004010c4     elest1.OBJ
 0001:000000c8       __imp_@__vbaStrCopy        004010c8     elest1.OBJ
 0001:000000c8       __imp____vbaStrCopy        004010c8     elest1.OBJ
 0001:000000cc       __imp_@__vbaVarCmpLt       004010cc     elest1.OBJ
 0001:000000cc       __imp____vbaVarCmpLt       004010cc     elest1.OBJ
 0001:000000d0       __imp____vbaFreeStrList    004010d0     elest1.OBJ
 0001:000000d0       __imp_@__vbaFreeStrList    004010d0     elest1.OBJ
 0001:000000d4       __imp___adj_fdivr_m32      004010d4     elest1.OBJ
 0001:000000d8       __imp___adj_fdiv_r         004010d8     elest1.OBJ
 0001:000000e0       __imp_@__vbaI4Var          004010e0     elest1.OBJ
 0001:000000e0       __imp____vbaI4Var          004010e0     elest1.OBJ
 0001:000000e4       __imp_@__vbaStrToAnsi      004010e4     elest1.OBJ
 0001:000000e4       __imp____vbaStrToAnsi      004010e4     elest1.OBJ
 0001:000000e8       __imp____vbaFpI4           004010e8     elest1.OBJ
 0001:000000e8       __imp_@__vbaFpI4           004010e8     elest1.OBJ
 0001:000000ec       __imp____vbaLateMemCallLd  004010ec     elest1.OBJ
 0001:000000ec       __imp_@__vbaLateMemCallLd  004010ec     elest1.OBJ
 0001:000000f0       __imp___CIatan             004010f0     elest1.OBJ
 0001:000000f4       __imp_@__vbaStrMove        004010f4     elest1.OBJ
 0001:000000f4       __imp____vbaStrMove        004010f4     elest1.OBJ
 0001:000000f8       __imp___allmul             004010f8     elest1.OBJ
 0001:000000fc       __imp_@__vbaLenVarB        004010fc     elest1.OBJ
 0001:000000fc       __imp____vbaLenVarB        004010fc     elest1.OBJ
 0001:00000100       __imp___CItan              00401100     elest1.OBJ
 0001:00000104       __imp___CIexp              00401104     elest1.OBJ
 0001:00000108       __imp____vbaFreeStr        00401108     elest1.OBJ
 0001:00000108       __imp_@__vbaFreeStr        00401108     elest1.OBJ
 0001:0000010c       __imp_@__vbaFreeObj        0040110c     elest1.OBJ
 0001:0000010c       __imp____vbaFreeObj        0040110c     elest1.OBJ
 0001:000001ac       __real@4@4003d000000000000000 004011ac     VSKIN.OBJ
 0001:000001b0       __real@4@40039000000000000000 004011b0     VSKIN.OBJ
 0001:000001b4       __real@4@4002a000000000000000 004011b4     VSKIN.OBJ
 0001:000001b8       __real@4@4002f000000000000000 004011b8     VSKIN.OBJ
 0001:000001bc       __real@4@4003a000000000000000 004011bc     VSKIN.OBJ
 0001:000001e8       __real@4@4003f000000000000000 004011e8     VSKIN.OBJ
 0001:000001f0       __real@8@4000c000000000000000 004011f0     VSKIN.OBJ
 0001:000002a0       __real@4@00000000000000000000 004012a0     VSKIN.OBJ
 0001:000002a4       __real@4@40038000000000000000 004012a4     VSKIN.OBJ
 0001:00000310       ___vbaChkstk               00401310     elest1.OBJ
 0001:00000310       VB@TEXT                    00401310     elest1.OBJ
 0001:00000316       ___vbaExceptHandler        00401316     elest1.OBJ
 0001:0000031c       ___vbaFPException          0040131c     elest1.OBJ
 0001:00000322       __adj_fdiv_m16i            00401322     elest1.OBJ
 0001:00000328       __adj_fdiv_m32             00401328     elest1.OBJ
 0001:0000032e       __adj_fdiv_m32i            0040132e     elest1.OBJ
 0001:00000334       __adj_fdiv_m64             00401334     elest1.OBJ
 0001:0000033a       __adj_fdiv_r               0040133a     elest1.OBJ
 0001:00000340       __adj_fdivr_m16i           00401340     elest1.OBJ
 0001:00000346       __adj_fdivr_m32            00401346     elest1.OBJ
 0001:0000034c       __adj_fdivr_m32i           0040134c     elest1.OBJ
 0001:00000352       __adj_fdivr_m64            00401352     elest1.OBJ
 0001:00000358       __adj_fpatan               00401358     elest1.OBJ
 0001:0000035e       __adj_fprem                0040135e     elest1.OBJ
 0001:00000364       __adj_fprem1               00401364     elest1.OBJ
 0001:0000036a       __adj_fptan                0040136a     elest1.OBJ
 0001:00000370       __CIatan                   00401370     elest1.OBJ
 0001:00000376       __CIcos                    00401376     elest1.OBJ
 0001:0000037c       __CIexp                    0040137c     elest1.OBJ
 0001:00000382       __CIlog                    00401382     elest1.OBJ
 0001:00000388       __CIsin                    00401388     elest1.OBJ
 0001:0000038e       __CIsqrt                   0040138e     elest1.OBJ
 0001:00000394       __CItan                    00401394     elest1.OBJ
 0001:0000039a       __allmul                   0040139a     elest1.OBJ
 0001:000003a0       ___vbaEnd                  004013a0     elest1.OBJ
 0001:000003a0       @__vbaEnd                  004013a0     elest1.OBJ
 0001:000003a6       ___vbaFreeVar              004013a6     elest1.OBJ
 0001:000003a6       @__vbaFreeVar              004013a6     elest1.OBJ
 0001:000003ac       ___vbaFreeObj              004013ac     elest1.OBJ
 0001:000003ac       @__vbaFreeObj              004013ac     elest1.OBJ
 0001:000003b2       @__vbaFreeStrList          004013b2     elest1.OBJ
 0001:000003b2       ___vbaFreeStrList          004013b2     elest1.OBJ
 0001:000003b8       @__vbaHresultCheckObj      004013b8     elest1.OBJ
 0001:000003b8       ___vbaHresultCheckObj      004013b8     elest1.OBJ
 0001:000003be       ___vbaNew2                 004013be     elest1.OBJ
 0001:000003be       @__vbaNew2                 004013be     elest1.OBJ
 0001:000003c4       @__vbaStrMove              004013c4     elest1.OBJ
 0001:000003c4       ___vbaStrMove              004013c4     elest1.OBJ
 0001:000003ca       ___vbaStrCat               004013ca     elest1.OBJ
 0001:000003ca       @__vbaStrCat               004013ca     elest1.OBJ
 0001:000003d0       ___vba@007B2980            004013d0     elest1.OBJ
 0001:000003d0       @__vba@007B2980            004013d0     elest1.OBJ
 0001:000003dc       @__vbaBoolVar              004013dc     elest1.OBJ
 0001:000003dc       ___vbaBoolVar              004013dc     elest1.OBJ
 0001:000003e2       @__vbaStrVarMove           004013e2     elest1.OBJ
 0001:000003e2       ___vbaStrVarMove           004013e2     elest1.OBJ
 0001:000003e8       @__vbaStrCopy              004013e8     elest1.OBJ
 0001:000003e8       ___vbaStrCopy              004013e8     elest1.OBJ
 0001:000003ee       ___vbaVarDiv               004013ee     elest1.OBJ
 0001:000003ee       @__vbaVarDiv               004013ee     elest1.OBJ
 0001:000003f4       @__vbaVarCmpLe             004013f4     elest1.OBJ
 0001:000003f4       ___vbaVarCmpLe             004013f4     elest1.OBJ
 0001:000003fa       ___vbaFpR4                 004013fa     elest1.OBJ
 0001:000003fa       @__vbaFpR4                 004013fa     elest1.OBJ
 0001:00000400       ___vbaI2I4                 00401400     elest1.OBJ
 0001:00000400       @__vbaI2I4                 00401400     elest1.OBJ
 0001:00000406       ___vbaFpR8                 00401406     elest1.OBJ
 0001:00000406       @__vbaFpR8                 00401406     elest1.OBJ
 0001:0000040c       ___vbaVarSub               0040140c     elest1.OBJ
 0001:0000040c       @__vbaVarSub               0040140c     elest1.OBJ
 0001:00000412       ___vbaVarTstLe             00401412     elest1.OBJ
 0001:00000412       @__vbaVarTstLe             00401412     elest1.OBJ
 0001:00000418       @__vbaVarCmpLt             00401418     elest1.OBJ
 0001:00000418       ___vbaVarCmpLt             00401418     elest1.OBJ
 0001:0000041e       @__vbaVarAnd               0040141e     elest1.OBJ
 0001:0000041e       ___vbaVarAnd               0040141e     elest1.OBJ
 0001:00000424       ___vbaBoolVarNull          00401424     elest1.OBJ
 0001:00000424       @__vbaBoolVarNull          00401424     elest1.OBJ
 0001:0000042a       @__vbaVarMove              0040142a     elest1.OBJ
 0001:0000042a       ___vbaVarMove              0040142a     elest1.OBJ
 0001:00000430       @__vbaErrorOverflow        00401430     elest1.OBJ
 0001:00000430       ___vbaErrorOverflow        00401430     elest1.OBJ
 0001:00000436       @__vbaR4Var                00401436     elest1.OBJ
 0001:00000436       ___vbaR4Var                00401436     elest1.OBJ
 0001:0000043c       @__vbaLateMemSt            0040143c     elest1.OBJ
 0001:0000043c       ___vbaLateMemSt            0040143c     elest1.OBJ
 0001:00000442       ___vbaLateMemCallLd        00401442     elest1.OBJ
 0001:00000442       @__vbaLateMemCallLd        00401442     elest1.OBJ
 0001:00000448       ___vbaFreeVarList          00401448     elest1.OBJ
 0001:00000448       @__vbaFreeVarList          00401448     elest1.OBJ
 0001:0000044e       @__vbaFreeStr              0040144e     elest1.OBJ
 0001:0000044e       ___vbaFreeStr              0040144e     elest1.OBJ
 0001:00000454       @__vbaStrToUnicode         00401454     elest1.OBJ
 0001:00000454       ___vbaStrToUnicode         00401454     elest1.OBJ
 0001:0000045a       @__vbaStrToAnsi            0040145a     elest1.OBJ
 0001:0000045a       ___vbaStrToAnsi            0040145a     elest1.OBJ
 0001:00000460       ___vba@06ADA8FC            00401460     elest1.OBJ
 0001:00000460       @__vba@06ADA8FC            00401460     elest1.OBJ
 0001:00000466       ___vbaLenVarB              00401466     elest1.OBJ
 0001:00000466       @__vbaLenVarB              00401466     elest1.OBJ
 0001:0000046c       @__vbaI4Var                0040146c     elest1.OBJ
 0001:0000046c       ___vbaI4Var                0040146c     elest1.OBJ
 0001:00000472       @__vbaFreeObjList          00401472     elest1.OBJ
 0001:00000472       ___vbaFreeObjList          00401472     elest1.OBJ
 0001:00000478       @__vbaFpI4                 00401478     elest1.OBJ
 0001:00000478       ___vbaFpI4                 00401478     elest1.OBJ
 0001:0000047e       ___vbaSetSystemError       0040147e     elest1.OBJ
 0001:0000047e       @__vbaSetSystemError       0040147e     elest1.OBJ
 0001:00000484       @__vbaObjSet               00401484     elest1.OBJ
 0001:00000484       ___vbaObjSet               00401484     elest1.OBJ
 0001:0000048a       ___vbaOnError              0040148a     elest1.OBJ
 0001:0000048a       @__vbaOnError              0040148a     elest1.OBJ
 0001:000004a8       ___vbaS                    004014a8     elest1.OBJ
 0001:00001738       ___vba@007AFCEC            00402738     elest1.OBJ
 0001:00001b28       ___vba@007AFAC4            00402b28     elest1.OBJ
 0001:00002228       ___vba@007B16CC            00403228     elest1.OBJ
 0001:00002348       ___vba@007B1724            00403348     elest1.OBJ
 0001:00002350       ___vba@007B1730            00403350     elest1.OBJ
 0001:00002358       ___vba@007B173C            00403358     elest1.OBJ
 0001:00002364       ___vba@007B174C            00403364     elest1.OBJ
 0001:00002374       ___vba@007B1760            00403374     elest1.OBJ
 0001:00002384       ___vba@007B1774            00403384     elest1.OBJ
 0001:00002394       ___vba@007B1788            00403394     elest1.OBJ
 0001:000023a4       ___vba@007B179C            004033a4     elest1.OBJ
 0001:000023b4       ___vba@007B17B0            004033b4     elest1.OBJ
 0001:000023c0       ___vba@007B17C0            004033c0     elest1.OBJ
 0001:000023d0       ___vba@007B17D4            004033d0     elest1.OBJ
 0001:0000240c       ___vba@007B1814            0040340c     elest1.OBJ
 0001:00002410       ___vba@007B181C            00403410     elest1.OBJ
 0001:00002438       ___vba@007B1848            00403438     elest1.OBJ
 0001:00002448       ___vba@007B185C            00403448     elest1.OBJ
 0001:00002450       ___vba@007B1868            00403450     elest1.OBJ
 0001:00002460       ___vba@007B187C            00403460     elest1.OBJ
 0001:00002468       ___vba@007B1888            00403468     elest1.OBJ
 0001:00002470       ___vba@007B1894            00403470     elest1.OBJ
 0001:00002478       ___vba@007B18A0            00403478     elest1.OBJ
 0001:00002480       ___vba@007B18AC            00403480     elest1.OBJ
 0001:00002488       ___vba@007B18B8            00403488     elest1.OBJ
 0001:00002490       ___vba@007B07B4            00403490     elest1.OBJ
 0001:00002498       ___vba@007B07C0            00403498     elest1.OBJ
 0001:000024a0       ___vba@007B07CC            004034a0     elest1.OBJ
 0001:000024a8       ___vba@007B07D8            004034a8     elest1.OBJ
 0001:000024b8       ___vba@007B07EC            004034b8     elest1.OBJ
 0001:000024c0       ___vba@007B07F8            004034c0     elest1.OBJ
 0001:000024cc       ___vba@007B0808            004034cc     elest1.OBJ
 0001:000024dc       ___vba@007B081C            004034dc     elest1.OBJ
 0001:000024ec       ___vba@007B0830            004034ec     elest1.OBJ
 0001:000024fc       ___vba@007B0844            004034fc     elest1.OBJ
 0001:00002510       ___vba@007B0858            00403510     elest1.OBJ
 0001:00002518       ___vba@007B0864            00403518     elest1.OBJ
 0001:0000252c       ___vba@007B0880            0040352c     elest1.OBJ
 0001:00002538       ___vba@007B0890            00403538     elest1.OBJ
 0001:00002544       ___vba@007B08D8            00403544     elest1.OBJ
 0001:00002554       ___vba@007B0924            00403554     elest1.OBJ
 0001:00002564       ___vba@007B0970            00403564     elest1.OBJ
 0001:00002578       ___vba@007B0988            00403578     elest1.OBJ
 0001:00002588       ___vba@007B099C            00403588     elest1.OBJ
 0001:0000259c       ___vba@007B2844            0040359c     elest1.OBJ
 0001:000025b4       ___vba@007B2898            004035b4     elest1.OBJ
 0001:000025c8       ___vba@007B28EC            004035c8     elest1.OBJ
 0001:000025d8       ___vba@007B2938            004035d8     elest1.OBJ
 0001:000025e4       ___vba@007B29B8            004035e4     elest1.OBJ
 0001:000025f4       ___vba@007B29CC            004035f4     elest1.OBJ
 0001:00002604       ___vba@007B29E0            00403604     elest1.OBJ
 0001:00002614       ___vba@007B29F4            00403614     elest1.OBJ
 0001:00002628       ___vba@007B2C5C            00403628     elest1.OBJ
 0001:00002634       ___vba@007B2C6C            00403634     elest1.OBJ
 0001:00002644       ___vba@007B2C80            00403644     elest1.OBJ
 0001:00002650       ___vba@007B2C90            00403650     elest1.OBJ
 0001:0000265c       ___vba@007B2CA0            0040365c     elest1.OBJ
 0001:00002668       ___vba@007B2CB0            00403668     elest1.OBJ
 0001:00002678       ___vba@007B2CC0            00403678     elest1.OBJ
 0001:00002688       ___vba@007B2CD4            00403688     elest1.OBJ
 0001:000026b0       ___vba@007B2CEC            004036b0     elest1.OBJ
 0001:000026d0       ___vba@007B2D24            004036d0     elest1.OBJ
 0001:000026f8       ___vba@007B2D3C            004036f8     elest1.OBJ
 0001:00002718       ___vba@007B2D74            00403718     elest1.OBJ
 0001:00002724       ___vba@007B2D84            00403724     elest1.OBJ
 0001:00002754       ___vba@007B2DA4            00403754     elest1.OBJ
 0001:00002774       ___vba@007B2DDC            00403774     elest1.OBJ
 0001:00002784       ___vba@007B2DF0            00403784     elest1.OBJ
 0001:000027a8       ___vba@007B2E04            004037a8     elest1.OBJ
 0001:000027c8       ___vba@007B2E3C            004037c8     elest1.OBJ
 0001:000027ec       ___vba@06AD95FC            004037ec     elest1.OBJ
 0001:0000280c       ___vba@06AD9634            0040380c     elest1.OBJ
 0001:0000282c       ___vba@06AD9644            0040382c     elest1.OBJ
 0001:0000284c       ___vba@06AD967C            0040384c     elest1.OBJ
 0001:00002874       ___vba@06AD9694            00403874     elest1.OBJ
 0001:00002894       ___vba@06AD96CC            00403894     elest1.OBJ
 0001:000028b8       ___vba@06AD96E0            004038b8     elest1.OBJ
 0001:000028d8       ___vba@06AD9718            004038d8     elest1.OBJ
 0001:000028fc       ___vba@06AD972C            004038fc     elest1.OBJ
 0001:0000291c       ___vba@06AD9764            0040391c     elest1.OBJ
 0001:00002944       ___vba@06AD977C            00403944     elest1.OBJ
 0001:00002964       ___vba@06AD97B4            00403964     elest1.OBJ
 0001:00002974       ___vba@06AD97CC            00403974     elest1.OBJ
 0001:00002984       ___vba@06AD97E0            00403984     elest1.OBJ
 0001:000029ac       ___vba@06AD9824            004039ac     elest1.OBJ
 0001:000029c8       ___vba@06AD985C            004039c8     elest1.OBJ
 0001:000029d4       ___vba@06AD986C            004039d4     elest1.OBJ
 0001:000029e0       ___vba@06AD987C            004039e0     elest1.OBJ
 0001:000029e8       ___vba@06AD9888            004039e8     elest1.OBJ
 0001:000029f0       ___vba@06AD9894            004039f0     elest1.OBJ
 0001:00002a00       ___vba@06AD98A8            00403a00     elest1.OBJ
 0001:00002a10       ___vba@06AD98BC            00403a10     elest1.OBJ
 0001:00002a1c       ___vba@06AD98CC            00403a1c     elest1.OBJ
 0001:00002a28       ___vba@06AD98DC            00403a28     elest1.OBJ
 0001:00002a30       ___vba@06AD98E8            00403a30     elest1.OBJ
 0001:00002a40       ___vba@06AD98FC            00403a40     elest1.OBJ
 0001:00002a4c       ___vba@06AD990C            00403a4c     elest1.OBJ
 0001:00002a68       ___vba@06AD9928            00403a68     elest1.OBJ
 0001:00002a78       ___vba@06AD9940            00403a78     elest1.OBJ
 0001:00002a8c       ___vba@06AD9954            00403a8c     elest1.OBJ
 0001:00002a9c       ___vba@06AD996C            00403a9c     elest1.OBJ
 0001:00002aac       ___vba@06AD99B8            00403aac     elest1.OBJ
 0001:00002abc       ___vba@06AD9A04            00403abc     elest1.OBJ
 0001:00002acc       ___vba@06ADA0FC            00403acc     elest1.OBJ
 0001:00002ad8       ___vba@06ADA144            00403ad8     elest1.OBJ
 0001:00002ae8       ___vba@06ADA190            00403ae8     elest1.OBJ
 0001:00002af4       ___vba@06ADA1D8            00403af4     elest1.OBJ
 0001:00002b00       ___vba@06ADA220            00403b00     elest1.OBJ
 0001:00002b0c       ___vba@06ADA268            00403b0c     elest1.OBJ
 0001:00002b18       ___vba@06ADA2B0            00403b18     elest1.OBJ
 0001:00002b28       ___vba@06ADA54C            00403b28     elest1.OBJ
 0001:00002b38       ___vba@06ADA598            00403b38     elest1.OBJ
 0001:00002b44       ___vba@06ADA5E0            00403b44     elest1.OBJ
 0001:00002b58       ___vba@06ADA630            00403b58     elest1.OBJ
 0001:00002b68       ___vba@06ADA67C            00403b68     elest1.OBJ
 0001:00002b7c       ___vba@06ADA6CC            00403b7c     elest1.OBJ
 0001:00002b88       ___vba@06ADA774            00403b88     elest1.OBJ
 0001:00002b9c       ___vba@06ADA7C4            00403b9c     elest1.OBJ
 0001:00002bb0       ___vba@06ADA814            00403bb0     elest1.OBJ
 0001:00002bc0       ___vba@06ADA860            00403bc0     elest1.OBJ
 0001:00002bd4       ___vba@06ADA8B0            00403bd4     elest1.OBJ
 0001:00002be4       ___vba@06ADA99C            00403be4     elest1.OBJ
 0001:00002bf0       ___vba@06ADA9E4            00403bf0     elest1.OBJ
 0001:00002c04       ___vba@06ADAA34            00403c04     elest1.OBJ
 0001:00002c10       ___vba@06ADAA7C            00403c10     elest1.OBJ
 0001:00002c24       ___vba@06ADAACC            00403c24     elest1.OBJ
 0001:00002c30       ___vba@06ADAB14            00403c30     elest1.OBJ
 0001:0000d6f4       ___vba@007AF674            0040e6f4     elest1.OBJ
 0001:0000d734       ___vba@007B0364            0040e734     elest1.OBJ
 0001:0000d7dc       ___vba@007B1F6C            0040e7dc     elest1.OBJ
 0001:0000d804       ___vba@007B1F98            0040e804     elest1.OBJ
 0001:0000d810       ___vba@007B1FA8            0040e810     elest1.OBJ
 0001:0000d81c       ___vba@007B1FB8            0040e81c     elest1.OBJ
 0001:0000d828       ___vba@007B1FC8            0040e828     elest1.OBJ
 0001:0000d834       ___vba@007B1FD8            0040e834     elest1.OBJ
 0001:0000d840       ___vba@007B1FE8            0040e840     elest1.OBJ
 0001:0000d84c       ___vba@007B1FF8            0040e84c     elest1.OBJ
 0001:0000d850       ___vba@007B2000            0040e850     elest1.OBJ
 0001:0000d8f0       VB@BTXT                    0040e8f0     elest1.OBJ
 0001:0000d900       ?Command1_Click@elest@@AAGXXZ 0040e900 f   elest.OBJ
 0001:0000da70       ?drawForm@VSKIN@@AAGXXZ    0040ea70 f   VSKIN.OBJ
 0001:0000f9d0       ?UserControl_DblClick@VSKIN@@AAGXXZ 004109d0 f   VSKIN.OBJ
 0001:00010180       ?drawButtons@VSKIN@@AAGXXZ 00411180 f   VSKIN.OBJ
 0001:00011db0       ?UserControl_Initialize@VSKIN@@AAGXXZ 00412db0 f   VSKIN.OBJ
 0001:00011e40       ?UserControl_MouseDown@VSKIN@@AAGXXZ 00412e40 f   VSKIN.OBJ
 0001:000123b0       ?UserControl_MouseMove@VSKIN@@AAGXXZ 004133b0 f   VSKIN.OBJ
 0001:00013000       ?UserControl_MouseUp@VSKIN@@AAGXXZ 00414000 f   VSKIN.OBJ
 0001:00013850       ?UserControl_Paint@VSKIN@@AAGXXZ 00414850 f   VSKIN.OBJ
 0001:000138e0       ?UserControl_Resize@VSKIN@@AAGXXZ 004148e0 f   VSKIN.OBJ
 0001:00013970       ?UserControl_ReadProperties@VSKIN@@AAGXXZ 00414970 f   VSKIN.OBJ
 0001:00013b20       ?UserControl_WriteProperties@VSKIN@@AAGXXZ 00414b20 f   VSKIN.OBJ
 0001:00013c60       ?Caption__Get@VSKIN@@AAGXXZ 00414c60 f   VSKIN.OBJ
 0001:00013cf0       ?Caption__Let@VSKIN@@AAGXXZ 00414cf0 f   VSKIN.OBJ
 0001:00013d80       ?Resize__Get@VSKIN@@AAGXXZ 00414d80 f   VSKIN.OBJ
 0001:00013df0       ?Resize__Let@VSKIN@@AAGXXZ 00414df0 f   VSKIN.OBJ
 0001:00013ec0       VB@ETXT                    00414ec0     elest1.OBJ
 0002:00000000       __adjust_fdiv              00416000     VBAEXE6:natsupp.obj
 0002:00000008       VB@BSS                     00416008     elest1.OBJ
 0002:00000010       ___vba@007B1928            00416010     elest1.OBJ
 0002:00000024       ___vba@007B1910            00416024     elest1.OBJ
 0002:0000033c       ___vba@007B28E0            0041633c     elest1.OBJ
 0002:000003e8       ___vba@06ACF334            004163e8     elest1.OBJ
 0002:00000af0       ___vba@06AB0E34            00416af0     elest1.OBJ

 entry point at        0001:000004a8

 Static symbols

