 eletest

 Timestamp is 53534541 (Sun Apr 20 12:55:45 2014)

 Preferred load address is 00400000

 Start         Length     Name                   Class
 0001:00000000 00000118H .idata$5                CODE
 0001:00000118 00000200H .rdata                  CODE
 0001:00000320 0000f46cH .text                   CODE
 0001:0000f790 00000004H .text$0                 CODE
 0001:0000f7a0 0000bb90H .text$1                 CODE
 0001:0001b330 00000004H .text$2                 CODE
 0001:0001b334 00000014H .idata$2                CODE
 0001:0001b348 00000014H .idata$3                CODE
 0001:0001b35c 00000118H .idata$4                CODE
 0001:0001b474 0000042cH .idata$6                CODE
 0001:0001b8a0 00000000H .edata                  CODE
 0002:00000000 00000004H .data                   DATA
 0002:00000008 000012e8H .bss                    DATA
 0003:00000000 00000118H .rsrc$01                DATA
 0003:00000120 000009d0H .rsrc$02                DATA

  Address         Publics by Value              Rva+Base     Lib:Object

 0001:00000000       __imp____vbaVarSub         00401000     eletest.OBJ
 0001:00000000       __imp_@__vbaVarSub         00401000     eletest.OBJ
 0001:00000004       __imp___CIcos              00401004     eletest.OBJ
 0001:00000008       __imp___adj_fptan          00401008     eletest.OBJ
 0001:0000000c       __imp_@__vbaVarMove        0040100c     eletest.OBJ
 0001:0000000c       __imp____vbaVarMove        0040100c     eletest.OBJ
 0001:00000010       __imp_@__vbaFreeVar        00401010     eletest.OBJ
 0001:00000010       __imp____vbaFreeVar        00401010     eletest.OBJ
 0001:00000014       __imp____vbaStrVarMove     00401014     eletest.OBJ
 0001:00000014       __imp_@__vbaStrVarMove     00401014     eletest.OBJ
 0001:00000018       __imp____vbaFreeVarList    00401018     eletest.OBJ
 0001:00000018       __imp_@__vbaFreeVarList    00401018     eletest.OBJ
 0001:0000001c       __imp_@__vbaEnd            0040101c     eletest.OBJ
 0001:0000001c       __imp____vbaEnd            0040101c     eletest.OBJ
 0001:00000020       __imp___adj_fdiv_m64       00401020     eletest.OBJ
 0001:00000024       __imp_@__vbaFreeObjList    00401024     eletest.OBJ
 0001:00000024       __imp____vbaFreeObjList    00401024     eletest.OBJ
 0001:00000028       __imp___adj_fprem1         00401028     eletest.OBJ
 0001:0000002c       __imp____vbaStrCat         0040102c     eletest.OBJ
 0001:0000002c       __imp_@__vbaStrCat         0040102c     eletest.OBJ
 0001:00000030       __imp_@__vbaSetSystemError 00401030     eletest.OBJ
 0001:00000030       __imp____vbaSetSystemError 00401030     eletest.OBJ
 0001:00000034       __imp____vbaHresultCheckObj 00401034     eletest.OBJ
 0001:00000034       __imp_@__vbaHresultCheckObj 00401034     eletest.OBJ
 0001:00000038       __imp___adj_fdiv_m32       00401038     eletest.OBJ
 0001:0000003c       __imp____vbaVarTstLe       0040103c     eletest.OBJ
 0001:0000003c       __imp_@__vbaVarTstLe       0040103c     eletest.OBJ
 0001:00000040       __imp_@__vbaLateMemSt      00401040     eletest.OBJ
 0001:00000040       __imp____vbaLateMemSt      00401040     eletest.OBJ
 0001:00000044       __imp_@__vbaOnError        00401044     eletest.OBJ
 0001:00000044       __imp____vbaOnError        00401044     eletest.OBJ
 0001:00000048       __imp____vbaObjSet         00401048     eletest.OBJ
 0001:00000048       __imp_@__vbaObjSet         00401048     eletest.OBJ
 0001:0000004c       __imp___adj_fdiv_m16i      0040104c     eletest.OBJ
 0001:00000050       __imp___adj_fdivr_m16i     00401050     eletest.OBJ
 0001:00000054       __imp_@__vbaFpR4           00401054     eletest.OBJ
 0001:00000054       __imp____vbaFpR4           00401054     eletest.OBJ
 0001:00000058       __imp____vbaBoolVar        00401058     eletest.OBJ
 0001:00000058       __imp_@__vbaBoolVar        00401058     eletest.OBJ
 0001:0000005c       __imp_@__vbaBoolVarNull    0040105c     eletest.OBJ
 0001:0000005c       __imp____vbaBoolVarNull    0040105c     eletest.OBJ
 0001:00000060       __imp____vbaFpR8           00401060     eletest.OBJ
 0001:00000060       __imp_@__vbaFpR8           00401060     eletest.OBJ
 0001:00000064       __imp___CIsin              00401064     eletest.OBJ
 0001:00000068       __imp____vbaChkstk         00401068     eletest.OBJ
 0001:00000070       __imp_@__vbaStrCmp         00401070     eletest.OBJ
 0001:00000070       __imp____vbaStrCmp         00401070     eletest.OBJ
 0001:00000074       __imp____vbaI2I4           00401074     eletest.OBJ
 0001:00000074       __imp_@__vbaI2I4           00401074     eletest.OBJ
 0001:0000007c       __imp___adj_fpatan         0040107c     eletest.OBJ
 0001:00000080       __imp____vbaR4Var          00401080     eletest.OBJ
 0001:00000080       __imp_@__vbaR4Var          00401080     eletest.OBJ
 0001:00000088       __imp____vba@00792FE8      00401088     eletest.OBJ
 0001:00000088       __imp_@__vba@00792FE8      00401088     eletest.OBJ
 0001:0000008c       __imp___CIsqrt             0040108c     eletest.OBJ
 0001:00000090       __imp____vbaVarAnd         00401090     eletest.OBJ
 0001:00000090       __imp_@__vbaVarAnd         00401090     eletest.OBJ
 0001:00000098       __imp____vbaExceptHandler  00401098     eletest.OBJ
 0001:0000009c       __imp____vbaStrToUnicode   0040109c     eletest.OBJ
 0001:0000009c       __imp_@__vbaStrToUnicode   0040109c     eletest.OBJ
 0001:000000a0       __imp___adj_fprem          004010a0     eletest.OBJ
 0001:000000a4       __imp___adj_fdivr_m64      004010a4     eletest.OBJ
 0001:000000a8       __imp_@__vbaVarDiv         004010a8     eletest.OBJ
 0001:000000a8       __imp____vbaVarDiv         004010a8     eletest.OBJ
 0001:000000ac       __imp____vbaVarCmpLe       004010ac     eletest.OBJ
 0001:000000ac       __imp_@__vbaVarCmpLe       004010ac     eletest.OBJ
 0001:000000b0       __imp____vbaFPException    004010b0     eletest.OBJ
 0001:000000b4       __imp____vba@06C959F4      004010b4     eletest.OBJ
 0001:000000b4       __imp_@__vba@06C959F4      004010b4     eletest.OBJ
 0001:000000b8       __imp___CIlog              004010b8     eletest.OBJ
 0001:000000bc       __imp____vbaErrorOverflow  004010bc     eletest.OBJ
 0001:000000bc       __imp_@__vbaErrorOverflow  004010bc     eletest.OBJ
 0001:000000c0       __imp_@__vbaNew2           004010c0     eletest.OBJ
 0001:000000c0       __imp____vbaNew2           004010c0     eletest.OBJ
 0001:000000c4       __imp___adj_fdiv_m32i      004010c4     eletest.OBJ
 0001:000000c8       __imp___adj_fdivr_m32i     004010c8     eletest.OBJ
 0001:000000cc       __imp____vbaStrCopy        004010cc     eletest.OBJ
 0001:000000cc       __imp_@__vbaStrCopy        004010cc     eletest.OBJ
 0001:000000d0       __imp_@__vbaVarCmpLt       004010d0     eletest.OBJ
 0001:000000d0       __imp____vbaVarCmpLt       004010d0     eletest.OBJ
 0001:000000d4       __imp____vbaFreeStrList    004010d4     eletest.OBJ
 0001:000000d4       __imp_@__vbaFreeStrList    004010d4     eletest.OBJ
 0001:000000d8       __imp___adj_fdivr_m32      004010d8     eletest.OBJ
 0001:000000dc       __imp___adj_fdiv_r         004010dc     eletest.OBJ
 0001:000000e4       __imp____vbaI4Var          004010e4     eletest.OBJ
 0001:000000e4       __imp_@__vbaI4Var          004010e4     eletest.OBJ
 0001:000000e8       __imp____vbaStrToAnsi      004010e8     eletest.OBJ
 0001:000000e8       __imp_@__vbaStrToAnsi      004010e8     eletest.OBJ
 0001:000000ec       __imp____vbaFpI4           004010ec     eletest.OBJ
 0001:000000ec       __imp_@__vbaFpI4           004010ec     eletest.OBJ
 0001:000000f0       __imp____vbaLateMemCallLd  004010f0     eletest.OBJ
 0001:000000f0       __imp_@__vbaLateMemCallLd  004010f0     eletest.OBJ
 0001:000000f4       __imp___CIatan             004010f4     eletest.OBJ
 0001:000000f8       __imp_@__vbaStrMove        004010f8     eletest.OBJ
 0001:000000f8       __imp____vbaStrMove        004010f8     eletest.OBJ
 0001:000000fc       __imp___allmul             004010fc     eletest.OBJ
 0001:00000100       __imp_@__vbaLenVarB        00401100     eletest.OBJ
 0001:00000100       __imp____vbaLenVarB        00401100     eletest.OBJ
 0001:00000104       __imp___CItan              00401104     eletest.OBJ
 0001:00000108       __imp___CIexp              00401108     eletest.OBJ
 0001:0000010c       __imp_@__vbaFreeObj        0040110c     eletest.OBJ
 0001:0000010c       __imp____vbaFreeObj        0040110c     eletest.OBJ
 0001:00000110       __imp____vbaFreeStr        00401110     eletest.OBJ
 0001:00000110       __imp_@__vbaFreeStr        00401110     eletest.OBJ
 0001:000001bc       __real@4@4003d000000000000000 004011bc     VSKIN.OBJ
 0001:000001c0       __real@4@40039000000000000000 004011c0     VSKIN.OBJ
 0001:000001c4       __real@4@4002a000000000000000 004011c4     VSKIN.OBJ
 0001:000001c8       __real@4@4002f000000000000000 004011c8     VSKIN.OBJ
 0001:000001cc       __real@4@4003a000000000000000 004011cc     VSKIN.OBJ
 0001:000001f8       __real@4@4003f000000000000000 004011f8     VSKIN.OBJ
 0001:00000200       __real@8@4000c000000000000000 00401200     VSKIN.OBJ
 0001:000002b0       __real@4@00000000000000000000 004012b0     VSKIN.OBJ
 0001:000002b4       __real@4@40038000000000000000 004012b4     VSKIN.OBJ
 0001:00000320       ___vbaChkstk               00401320     eletest.OBJ
 0001:00000320       VB@TEXT                    00401320     eletest.OBJ
 0001:00000326       ___vbaExceptHandler        00401326     eletest.OBJ
 0001:0000032c       ___vbaFPException          0040132c     eletest.OBJ
 0001:00000332       __adj_fdiv_m16i            00401332     eletest.OBJ
 0001:00000338       __adj_fdiv_m32             00401338     eletest.OBJ
 0001:0000033e       __adj_fdiv_m32i            0040133e     eletest.OBJ
 0001:00000344       __adj_fdiv_m64             00401344     eletest.OBJ
 0001:0000034a       __adj_fdiv_r               0040134a     eletest.OBJ
 0001:00000350       __adj_fdivr_m16i           00401350     eletest.OBJ
 0001:00000356       __adj_fdivr_m32            00401356     eletest.OBJ
 0001:0000035c       __adj_fdivr_m32i           0040135c     eletest.OBJ
 0001:00000362       __adj_fdivr_m64            00401362     eletest.OBJ
 0001:00000368       __adj_fpatan               00401368     eletest.OBJ
 0001:0000036e       __adj_fprem                0040136e     eletest.OBJ
 0001:00000374       __adj_fprem1               00401374     eletest.OBJ
 0001:0000037a       __adj_fptan                0040137a     eletest.OBJ
 0001:00000380       __CIatan                   00401380     eletest.OBJ
 0001:00000386       __CIcos                    00401386     eletest.OBJ
 0001:0000038c       __CIexp                    0040138c     eletest.OBJ
 0001:00000392       __CIlog                    00401392     eletest.OBJ
 0001:00000398       __CIsin                    00401398     eletest.OBJ
 0001:0000039e       __CIsqrt                   0040139e     eletest.OBJ
 0001:000003a4       __CItan                    004013a4     eletest.OBJ
 0001:000003aa       __allmul                   004013aa     eletest.OBJ
 0001:000003b6       @__vbaEnd                  004013b6     eletest.OBJ
 0001:000003b6       ___vbaEnd                  004013b6     eletest.OBJ
 0001:000003bc       ___vbaFreeVar              004013bc     eletest.OBJ
 0001:000003bc       @__vbaFreeVar              004013bc     eletest.OBJ
 0001:000003c2       ___vba@00792FE8            004013c2     eletest.OBJ
 0001:000003c2       @__vba@00792FE8            004013c2     eletest.OBJ
 0001:000003c8       @__vbaFreeObjList          004013c8     eletest.OBJ
 0001:000003c8       ___vbaFreeObjList          004013c8     eletest.OBJ
 0001:000003ce       @__vbaFreeStr              004013ce     eletest.OBJ
 0001:000003ce       ___vbaFreeStr              004013ce     eletest.OBJ
 0001:000003d4       @__vbaStrCmp               004013d4     eletest.OBJ
 0001:000003d4       ___vbaStrCmp               004013d4     eletest.OBJ
 0001:000003da       ___vbaFreeStrList          004013da     eletest.OBJ
 0001:000003da       @__vbaFreeStrList          004013da     eletest.OBJ
 0001:000003e0       @__vbaSetSystemError       004013e0     eletest.OBJ
 0001:000003e0       ___vbaSetSystemError       004013e0     eletest.OBJ
 0001:000003e6       ___vbaStrCat               004013e6     eletest.OBJ
 0001:000003e6       @__vbaStrCat               004013e6     eletest.OBJ
 0001:000003ec       @__vbaStrMove              004013ec     eletest.OBJ
 0001:000003ec       ___vbaStrMove              004013ec     eletest.OBJ
 0001:000003f2       ___vbaStrToAnsi            004013f2     eletest.OBJ
 0001:000003f2       @__vbaStrToAnsi            004013f2     eletest.OBJ
 0001:000003f8       @__vbaNew2                 004013f8     eletest.OBJ
 0001:000003f8       ___vbaNew2                 004013f8     eletest.OBJ
 0001:000003fe       ___vbaFreeObj              004013fe     eletest.OBJ
 0001:000003fe       @__vbaFreeObj              004013fe     eletest.OBJ
 0001:00000404       ___vbaHresultCheckObj      00401404     eletest.OBJ
 0001:00000404       @__vbaHresultCheckObj      00401404     eletest.OBJ
 0001:0000040a       ___vbaObjSet               0040140a     eletest.OBJ
 0001:0000040a       @__vbaObjSet               0040140a     eletest.OBJ
 0001:00000410       @__vbaBoolVar              00401410     eletest.OBJ
 0001:00000410       ___vbaBoolVar              00401410     eletest.OBJ
 0001:00000416       ___vbaStrVarMove           00401416     eletest.OBJ
 0001:00000416       @__vbaStrVarMove           00401416     eletest.OBJ
 0001:0000041c       ___vbaStrCopy              0040141c     eletest.OBJ
 0001:0000041c       @__vbaStrCopy              0040141c     eletest.OBJ
 0001:00000422       ___vbaVarDiv               00401422     eletest.OBJ
 0001:00000422       @__vbaVarDiv               00401422     eletest.OBJ
 0001:00000428       ___vbaVarCmpLe             00401428     eletest.OBJ
 0001:00000428       @__vbaVarCmpLe             00401428     eletest.OBJ
 0001:0000042e       @__vbaFpR4                 0040142e     eletest.OBJ
 0001:0000042e       ___vbaFpR4                 0040142e     eletest.OBJ
 0001:00000434       @__vbaI2I4                 00401434     eletest.OBJ
 0001:00000434       ___vbaI2I4                 00401434     eletest.OBJ
 0001:0000043a       ___vbaFpR8                 0040143a     eletest.OBJ
 0001:0000043a       @__vbaFpR8                 0040143a     eletest.OBJ
 0001:00000440       @__vbaVarSub               00401440     eletest.OBJ
 0001:00000440       ___vbaVarSub               00401440     eletest.OBJ
 0001:00000446       @__vbaVarTstLe             00401446     eletest.OBJ
 0001:00000446       ___vbaVarTstLe             00401446     eletest.OBJ
 0001:0000044c       ___vbaVarCmpLt             0040144c     eletest.OBJ
 0001:0000044c       @__vbaVarCmpLt             0040144c     eletest.OBJ
 0001:00000452       @__vbaVarAnd               00401452     eletest.OBJ
 0001:00000452       ___vbaVarAnd               00401452     eletest.OBJ
 0001:00000458       @__vbaBoolVarNull          00401458     eletest.OBJ
 0001:00000458       ___vbaBoolVarNull          00401458     eletest.OBJ
 0001:0000045e       @__vbaVarMove              0040145e     eletest.OBJ
 0001:0000045e       ___vbaVarMove              0040145e     eletest.OBJ
 0001:00000464       ___vbaErrorOverflow        00401464     eletest.OBJ
 0001:00000464       @__vbaErrorOverflow        00401464     eletest.OBJ
 0001:0000046a       ___vbaR4Var                0040146a     eletest.OBJ
 0001:0000046a       @__vbaR4Var                0040146a     eletest.OBJ
 0001:00000470       @__vbaLateMemSt            00401470     eletest.OBJ
 0001:00000470       ___vbaLateMemSt            00401470     eletest.OBJ
 0001:00000476       ___vbaLateMemCallLd        00401476     eletest.OBJ
 0001:00000476       @__vbaLateMemCallLd        00401476     eletest.OBJ
 0001:0000047c       ___vbaFreeVarList          0040147c     eletest.OBJ
 0001:0000047c       @__vbaFreeVarList          0040147c     eletest.OBJ
 0001:00000482       ___vbaStrToUnicode         00401482     eletest.OBJ
 0001:00000482       @__vbaStrToUnicode         00401482     eletest.OBJ
 0001:00000488       @__vba@06C959F4            00401488     eletest.OBJ
 0001:00000488       ___vba@06C959F4            00401488     eletest.OBJ
 0001:0000048e       ___vbaLenVarB              0040148e     eletest.OBJ
 0001:0000048e       @__vbaLenVarB              0040148e     eletest.OBJ
 0001:00000494       ___vbaI4Var                00401494     eletest.OBJ
 0001:00000494       @__vbaI4Var                00401494     eletest.OBJ
 0001:0000049a       @__vbaFpI4                 0040149a     eletest.OBJ
 0001:0000049a       ___vbaFpI4                 0040149a     eletest.OBJ
 0001:000004a0       @__vbaOnError              004014a0     eletest.OBJ
 0001:000004a0       ___vbaOnError              004014a0     eletest.OBJ
 0001:000004c0       ___vbaS                    004014c0     eletest.OBJ
 0001:00001b80       ___vba@00790BE4            00402b80     eletest.OBJ
 0001:00001f70       ___vba@00792174            00402f70     eletest.OBJ
 0001:0000209c       ___vba@007921CC            0040309c     eletest.OBJ
 0001:000020a8       ___vba@007921DC            004030a8     eletest.OBJ
 0001:000020b0       ___vba@007921E8            004030b0     eletest.OBJ
 0001:000020bc       ___vba@007921F8            004030bc     eletest.OBJ
 0001:000020cc       ___vba@0079220C            004030cc     eletest.OBJ
 0001:000020dc       ___vba@00792220            004030dc     eletest.OBJ
 0001:000020ec       ___vba@00792234            004030ec     eletest.OBJ
 0001:000020fc       ___vba@00792248            004030fc     eletest.OBJ
 0001:0000210c       ___vba@0079225C            0040310c     eletest.OBJ
 0001:00002114       ___vba@00792268            00403114     eletest.OBJ
 0001:00002124       ___vba@0079227C            00403124     eletest.OBJ
 0001:00002160       ___vba@007922BC            00403160     eletest.OBJ
 0001:00002164       ___vba@007922C4            00403164     eletest.OBJ
 0001:0000218c       ___vba@007922F0            0040318c     eletest.OBJ
 0001:00002194       ___vba@007922FC            00403194     eletest.OBJ
 0001:0000219c       ___vba@00792308            0040319c     eletest.OBJ
 0001:000021a4       ___vba@00792314            004031a4     eletest.OBJ
 0001:000021ac       ___vba@00792320            004031ac     eletest.OBJ
 0001:000021b4       ___vba@0079232C            004031b4     eletest.OBJ
 0001:000021bc       ___vba@00792338            004031bc     eletest.OBJ
 0001:000021c4       ___vba@00792344            004031c4     eletest.OBJ
 0001:000021cc       ___vba@00792350            004031cc     eletest.OBJ
 0001:000021d4       ___vba@0079235C            004031d4     eletest.OBJ
 0001:000021dc       ___vba@00792368            004031dc     eletest.OBJ
 0001:000021e4       ___vba@00790E0C            004031e4     eletest.OBJ
 0001:000021ec       ___vba@00790E18            004031ec     eletest.OBJ
 0001:000021f4       ___vba@00790E24            004031f4     eletest.OBJ
 0001:000021fc       ___vba@00790E30            004031fc     eletest.OBJ
 0001:00002204       ___vba@00790E3C            00403204     eletest.OBJ
 0001:0000220c       ___vba@00790E48            0040320c     eletest.OBJ
 0001:00002214       ___vba@00790E54            00403214     eletest.OBJ
 0001:0000221c       ___vba@00790E60            0040321c     eletest.OBJ
 0001:00002224       ___vba@00790E6C            00403224     eletest.OBJ
 0001:0000222c       ___vba@00790E78            0040322c     eletest.OBJ
 0001:00002234       ___vba@00790E84            00403234     eletest.OBJ
 0001:0000223c       ___vba@00790E90            0040323c     eletest.OBJ
 0001:00002244       ___vba@00790E9C            00403244     eletest.OBJ
 0001:0000224c       ___vba@00790EA8            0040324c     eletest.OBJ
 0001:00002254       ___vba@00790EB4            00403254     eletest.OBJ
 0001:0000225c       ___vba@00790EC0            0040325c     eletest.OBJ
 0001:00002264       ___vba@00790ECC            00403264     eletest.OBJ
 0001:0000226c       ___vba@00790ED8            0040326c     eletest.OBJ
 0001:00002274       ___vba@00790EE4            00403274     eletest.OBJ
 0001:0000227c       ___vba@00790EF0            0040327c     eletest.OBJ
 0001:00002284       ___vba@00790EFC            00403284     eletest.OBJ
 0001:0000228c       ___vba@00790F08            0040328c     eletest.OBJ
 0001:00002294       ___vba@00790F14            00403294     eletest.OBJ
 0001:0000229c       ___vba@00790F20            0040329c     eletest.OBJ
 0001:000022a4       ___vba@00790F2C            004032a4     eletest.OBJ
 0001:000022ac       ___vba@00790F38            004032ac     eletest.OBJ
 0001:000022b4       ___vba@00790F44            004032b4     eletest.OBJ
 0001:000022bc       ___vba@00790F50            004032bc     eletest.OBJ
 0001:000022c4       ___vba@00790F5C            004032c4     eletest.OBJ
 0001:000022d4       ___vba@00790F70            004032d4     eletest.OBJ
 0001:000022dc       ___vba@00790F7C            004032dc     eletest.OBJ
 0001:000022ec       ___vba@00790F90            004032ec     eletest.OBJ
 0001:000022f4       ___vba@00790F9C            004032f4     eletest.OBJ
 0001:00002304       ___vba@00790FB0            00403304     eletest.OBJ
 0001:00002310       ___vba@00790FC0            00403310     eletest.OBJ
 0001:0000231c       ___vba@00790FD0            0040331c     eletest.OBJ
 0001:0000232c       ___vba@00790FE4            0040332c     eletest.OBJ
 0001:00002338       ___vba@00790FF0            00403338     eletest.OBJ
 0001:00002348       ___vba@00790344            00403348     eletest.OBJ
 0001:0000236c       ___vba@00790358            0040336c     eletest.OBJ
 0001:0000238c       ___vba@00790390            0040338c     eletest.OBJ
 0001:000023b4       ___vba@007903A8            004033b4     eletest.OBJ
 0001:000023d0       ___vba@007903E0            004033d0     eletest.OBJ
 0001:000023dc       ___vba@007903F0            004033dc     eletest.OBJ
 0001:000023ec       ___vba@00790404            004033ec     eletest.OBJ
 0001:000023fc       ___vba@00790418            004033fc     eletest.OBJ
 0001:0000240c       ___vba@0079042C            0040340c     eletest.OBJ
 0001:0000241c       ___vba@00790440            0040341c     eletest.OBJ
 0001:00002430       ___vba@00790454            00403430     eletest.OBJ
 0001:00002438       ___vba@00790460            00403438     eletest.OBJ
 0001:00002458       ___vba@00790488            00403458     eletest.OBJ
 0001:0000246c       ___vba@0079049C            0040346c     eletest.OBJ
 0001:00002474       ___vba@007904A8            00403474     eletest.OBJ
 0001:00002480       ___vba@007904B8            00403480     eletest.OBJ
 0001:0000248c       ___vba@007904C8            0040348c     eletest.OBJ
 0001:0000249c       ___vba@007904DC            0040349c     eletest.OBJ
 0001:000024b0       ___vba@007904F4            004034b0     eletest.OBJ
 0001:000024bc       ___vba@00790504            004034bc     eletest.OBJ
 0001:000024d0       ___vba@0079051C            004034d0     eletest.OBJ
 0001:000024e0       ___vba@00790534            004034e0     eletest.OBJ
 0001:000024f0       ___vba@00792C3C            004034f0     eletest.OBJ
 0001:00002500       ___vba@00792C50            00403500     eletest.OBJ
 0001:00002518       ___vba@00792C6C            00403518     eletest.OBJ
 0001:00002528       ___vba@00792C80            00403528     eletest.OBJ
 0001:00002534       ___vba@00792C90            00403534     eletest.OBJ
 0001:00002540       ___vba@00792CA0            00403540     eletest.OBJ
 0001:0000254c       ___vba@00792CB0            0040354c     eletest.OBJ
 0001:00002560       ___vba@00792CC8            00403560     eletest.OBJ
 0001:00002570       ___vba@00792CDC            00403570     eletest.OBJ
 0001:0000257c       ___vba@00792CEC            0040357c     eletest.OBJ
 0001:0000258c       ___vba@00792D00            0040358c     eletest.OBJ
 0001:0000259c       ___vba@00792D14            0040359c     eletest.OBJ
 0001:000025ac       ___vba@00792D28            004035ac     eletest.OBJ
 0001:000025c0       ___vba@00792D40            004035c0     eletest.OBJ
 0001:000025d0       ___vba@00792D54            004035d0     eletest.OBJ
 0001:000025e0       ___vba@00792D68            004035e0     eletest.OBJ
 0001:000025f4       ___vba@00792D80            004035f4     eletest.OBJ
 0001:00002608       ___vba@00792D98            00403608     eletest.OBJ
 0001:00002618       ___vba@00792DAC            00403618     eletest.OBJ
 0001:00002628       ___vba@00792DC0            00403628     eletest.OBJ
 0001:00002638       ___vba@00792DD4            00403638     eletest.OBJ
 0001:00002644       ___vba@00792DE4            00403644     eletest.OBJ
 0001:00002654       ___vba@00792DF8            00403654     eletest.OBJ
 0001:00002660       ___vba@00792E08            00403660     eletest.OBJ
 0001:00002678       ___vba@00792E24            00403678     eletest.OBJ
 0001:0000268c       ___vba@00792E64            0040368c     eletest.OBJ
 0001:000026a0       ___vba@00792E7C            004036a0     eletest.OBJ
 0001:000026b4       ___vba@00792E94            004036b4     eletest.OBJ
 0001:000026c4       ___vba@00792EA8            004036c4     eletest.OBJ
 0001:000026d8       ___vba@00792EC0            004036d8     eletest.OBJ
 0001:000026e8       ___vba@00792ED4            004036e8     eletest.OBJ
 0001:000026f4       ___vba@00792EE4            004036f4     eletest.OBJ
 0001:00002704       ___vba@00792EF8            00403704     eletest.OBJ
 0001:0000271c       ___vba@00792F14            0040371c     eletest.OBJ
 0001:0000272c       ___vba@00792F28            0040372c     eletest.OBJ
 0001:00002740       ___vba@00792F44            00403740     eletest.OBJ
 0001:0000274c       ___vba@00792F54            0040374c     eletest.OBJ
 0001:00002758       ___vba@00792F9C            00403758     eletest.OBJ
 0001:00002768       ___vba@00793020            00403768     eletest.OBJ
 0001:0000277c       ___vba@00793038            0040377c     eletest.OBJ
 0001:0000278c       ___vba@0079304C            0040378c     eletest.OBJ
 0001:000027a0       ___vba@007930C4            004037a0     eletest.OBJ
 0001:000027b0       ___vba@00793110            004037b0     eletest.OBJ
 0001:000027bc       ___vba@00793158            004037bc     eletest.OBJ
 0001:000027d0       ___vba@007931A8            004037d0     eletest.OBJ
 0001:000027e4       ___vba@007931F8            004037e4     eletest.OBJ
 0001:000027f0       ___vba@00793240            004037f0     eletest.OBJ
 0001:00002800       ___vba@007932EC            00403800     eletest.OBJ
 0001:00002814       ___vba@00793340            00403814     eletest.OBJ
 0001:00002824       ___vba@0079338C            00403824     eletest.OBJ
 0001:0000283c       ___vba@007933E0            0040383c     eletest.OBJ
 0001:00002848       ___vba@00793428            00403848     eletest.OBJ
 0001:00002858       ___vba@0079343C            00403858     eletest.OBJ
 0001:00002868       ___vba@00793450            00403868     eletest.OBJ
 0001:00002878       ___vba@00793464            00403878     eletest.OBJ
 0001:00002888       ___vba@00793478            00403888     eletest.OBJ
 0001:00002898       ___vba@0079348C            00403898     eletest.OBJ
 0001:000028a8       ___vba@007934A0            004038a8     eletest.OBJ
 0001:000028b8       ___vba@007927EC            004038b8     eletest.OBJ
 0001:000028c4       ___vba@007927FC            004038c4     eletest.OBJ
 0001:000028d0       ___vba@0079280C            004038d0     eletest.OBJ
 0001:000028e0       ___vba@0079281C            004038e0     eletest.OBJ
 0001:000028f0       ___vba@00792830            004038f0     eletest.OBJ
 0001:00002918       ___vba@00792848            00403918     eletest.OBJ
 0001:00002938       ___vba@00792880            00403938     eletest.OBJ
 0001:00002960       ___vba@00792898            00403960     eletest.OBJ
 0001:00002980       ___vba@007928D0            00403980     eletest.OBJ
 0001:0000298c       ___vba@007928E0            0040398c     eletest.OBJ
 0001:000029bc       ___vba@00792900            004039bc     eletest.OBJ
 0001:000029dc       ___vba@00792938            004039dc     eletest.OBJ
 0001:000029ec       ___vba@0079294C            004039ec     eletest.OBJ
 0001:00002a10       ___vba@00792960            00403a10     eletest.OBJ
 0001:00002a30       ___vba@00792998            00403a30     eletest.OBJ
 0001:00002a54       ___vba@007929AC            00403a54     eletest.OBJ
 0001:00002a74       ___vba@00793704            00403a74     eletest.OBJ
 0001:00002a94       ___vba@00793714            00403a94     eletest.OBJ
 0001:00002ab4       ___vba@0079374C            00403ab4     eletest.OBJ
 0001:00002adc       ___vba@00793764            00403adc     eletest.OBJ
 0001:00002afc       ___vba@0079379C            00403afc     eletest.OBJ
 0001:00002b20       ___vba@007937B0            00403b20     eletest.OBJ
 0001:00002b40       ___vba@007937E8            00403b40     eletest.OBJ
 0001:00002b64       ___vba@007937FC            00403b64     eletest.OBJ
 0001:00002b84       ___vba@00793834            00403b84     eletest.OBJ
 0001:00002bac       ___vba@0079384C            00403bac     eletest.OBJ
 0001:00002bcc       ___vba@00793884            00403bcc     eletest.OBJ
 0001:00002bf4       ___vba@0079389C            00403bf4     eletest.OBJ
 0001:00002c10       ___vba@007938D4            00403c10     eletest.OBJ
 0001:00002c1c       ___vba@007938E4            00403c1c     eletest.OBJ
 0001:00002c28       ___vba@007938F4            00403c28     eletest.OBJ
 0001:00002c34       ___vba@06C95064            00403c34     eletest.OBJ
 0001:00002c3c       ___vba@06C95070            00403c3c     eletest.OBJ
 0001:00002c4c       ___vba@06C95084            00403c4c     eletest.OBJ
 0001:00002c5c       ___vba@06C95098            00403c5c     eletest.OBJ
 0001:00002c68       ___vba@06C950A8            00403c68     eletest.OBJ
 0001:00002c74       ___vba@06C950B8            00403c74     eletest.OBJ
 0001:00002c7c       ___vba@06C950C4            00403c7c     eletest.OBJ
 0001:00002c8c       ___vba@06C950D8            00403c8c     eletest.OBJ
 0001:00002c98       ___vba@06C950E8            00403c98     eletest.OBJ
 0001:00002cb4       ___vba@06C95104            00403cb4     eletest.OBJ
 0001:00002cc4       ___vba@06C9511C            00403cc4     eletest.OBJ
 0001:00002cd8       ___vba@06C95130            00403cd8     eletest.OBJ
 0001:00002ce8       ___vba@06C95148            00403ce8     eletest.OBJ
 0001:00002cf8       ___vba@06C95194            00403cf8     eletest.OBJ
 0001:00002d08       ___vba@06C951E0            00403d08     eletest.OBJ
 0001:00002d18       ___vba@06C9522C            00403d18     eletest.OBJ
 0001:00002d24       ___vba@06C9523C            00403d24     eletest.OBJ
 0001:00002d34       ___vba@06C954EC            00403d34     eletest.OBJ
 0001:00002d44       ___vba@06C95538            00403d44     eletest.OBJ
 0001:00002d50       ___vba@06C95580            00403d50     eletest.OBJ
 0001:00002d5c       ___vba@06C955C8            00403d5c     eletest.OBJ
 0001:00002d68       ___vba@06C95610            00403d68     eletest.OBJ
 0001:00002d74       ___vba@06C95658            00403d74     eletest.OBJ
 0001:00002d84       ___vba@06C95714            00403d84     eletest.OBJ
 0001:00002d90       ___vba@06C9575C            00403d90     eletest.OBJ
 0001:00002da4       ___vba@06C957AC            00403da4     eletest.OBJ
 0001:00002db4       ___vba@06C957F8            00403db4     eletest.OBJ
 0001:00002dc8       ___vba@06C95848            00403dc8     eletest.OBJ
 0001:00002dd4       ___vba@06C95890            00403dd4     eletest.OBJ
 0001:00002de4       ___vba@06C95904            00403de4     eletest.OBJ
 0001:00002df8       ___vba@06C95954            00403df8     eletest.OBJ
 0001:00002e0c       ___vba@06C959A4            00403e0c     eletest.OBJ
 0001:00002e20       ___vba@06C95A2C            00403e20     eletest.OBJ
 0001:00002e30       ___vba@06C95A78            00403e30     eletest.OBJ
 0001:00002e3c       ___vba@06C95AC0            00403e3c     eletest.OBJ
 0001:00002e48       ___vba@06C95B64            00403e48     eletest.OBJ
 0001:00002e58       ___vba@00790794            00403e58     eletest.OBJ
 0001:0000f58c       ___vba@0079056C            0041058c     eletest.OBJ
 0001:0000f5cc       ___vba@007909BC            004105cc     eletest.OBJ
 0001:0000f674       ___vba@007925C4            00410674     eletest.OBJ
 0001:0000f69c       ___vba@007925F0            0041069c     eletest.OBJ
 0001:0000f6a8       ___vba@00792600            004106a8     eletest.OBJ
 0001:0000f6b4       ___vba@00792610            004106b4     eletest.OBJ
 0001:0000f6c0       ___vba@00792620            004106c0     eletest.OBJ
 0001:0000f6cc       ___vba@00792630            004106cc     eletest.OBJ
 0001:0000f6d8       ___vba@00792640            004106d8     eletest.OBJ
 0001:0000f6e4       ___vba@00792650            004106e4     eletest.OBJ
 0001:0000f6f0       ___vba@00792660            004106f0     eletest.OBJ
 0001:0000f6f4       ___vba@00792668            004106f4     eletest.OBJ
 0001:0000f790       VB@BTXT                    00410790     eletest.OBJ
 0001:0000f7a0       ?Command1_Click@elewordtest@@AAGXXZ 004107a0 f   elewordtest.OBJ
 0001:00014ca0       ?Command2_Click@elewordtest@@AAGXXZ 00415ca0 f   elewordtest.OBJ
 0001:00014ee0       ?drawForm@VSKIN@@AAGXXZ    00415ee0 f   VSKIN.OBJ
 0001:00016e40       ?UserControl_DblClick@VSKIN@@AAGXXZ 00417e40 f   VSKIN.OBJ
 0001:000175f0       ?drawButtons@VSKIN@@AAGXXZ 004185f0 f   VSKIN.OBJ
 0001:00019220       ?UserControl_Initialize@VSKIN@@AAGXXZ 0041a220 f   VSKIN.OBJ
 0001:000192b0       ?UserControl_MouseDown@VSKIN@@AAGXXZ 0041a2b0 f   VSKIN.OBJ
 0001:00019820       ?UserControl_MouseMove@VSKIN@@AAGXXZ 0041a820 f   VSKIN.OBJ
 0001:0001a470       ?UserControl_MouseUp@VSKIN@@AAGXXZ 0041b470 f   VSKIN.OBJ
 0001:0001acc0       ?UserControl_Paint@VSKIN@@AAGXXZ 0041bcc0 f   VSKIN.OBJ
 0001:0001ad50       ?UserControl_Resize@VSKIN@@AAGXXZ 0041bd50 f   VSKIN.OBJ
 0001:0001ade0       ?UserControl_ReadProperties@VSKIN@@AAGXXZ 0041bde0 f   VSKIN.OBJ
 0001:0001af90       ?UserControl_WriteProperties@VSKIN@@AAGXXZ 0041bf90 f   VSKIN.OBJ
 0001:0001b0d0       ?Caption__Get@VSKIN@@AAGXXZ 0041c0d0 f   VSKIN.OBJ
 0001:0001b160       ?Caption__Let@VSKIN@@AAGXXZ 0041c160 f   VSKIN.OBJ
 0001:0001b1f0       ?Resize__Get@VSKIN@@AAGXXZ 0041c1f0 f   VSKIN.OBJ
 0001:0001b260       ?Resize__Let@VSKIN@@AAGXXZ 0041c260 f   VSKIN.OBJ
 0001:0001b330       VB@ETXT                    0041c330     eletest.OBJ
 0002:00000000       __adjust_fdiv              0041d000     VBAEXE6:natsupp.obj
 0002:00000008       VB@BSS                     0041d008     eletest.OBJ
 0002:00000010       ___vba@007923D0            0041d010     eletest.OBJ
 0002:00000024       ___vba@007923B8            0041d024     eletest.OBJ
 0002:00000354       ___vba@00793334            0041d354     eletest.OBJ
 0002:00000404       ___vba@0631005C            0041d404     eletest.OBJ
 0002:00000b10       ___vba@06C84484            0041db10     eletest.OBJ

 entry point at        0001:000004c0

 Static symbols

