 hightest

 Timestamp is 53534570 (Sun Apr 20 12:56:32 2014)

 Preferred load address is 00400000

 Start         Length     Name                   Class
 0001:00000000 00000118H .idata$5                CODE
 0001:00000118 00000200H .rdata                  CODE
 0001:00000320 0000e26cH .text                   CODE
 0001:0000e590 00000004H .text$0                 CODE
 0001:0000e5a0 00008f00H .text$1                 CODE
 0001:000174a0 00000004H .text$2                 CODE
 0001:000174a4 00000014H .idata$2                CODE
 0001:000174b8 00000014H .idata$3                CODE
 0001:000174cc 00000118H .idata$4                CODE
 0001:000175e4 0000042cH .idata$6                CODE
 0001:00017a10 00000000H .edata                  CODE
 0002:00000000 00000004H .data                   DATA
 0002:00000008 000012e8H .bss                    DATA
 0003:00000000 00000118H .rsrc$01                DATA
 0003:00000120 000009d8H .rsrc$02                DATA

  Address         Publics by Value              Rva+Base     Lib:Object

 0001:00000000       __imp____vbaVarSub         00401000     hightest1.OBJ
 0001:00000000       __imp_@__vbaVarSub         00401000     hightest1.OBJ
 0001:00000004       __imp___CIcos              00401004     hightest1.OBJ
 0001:00000008       __imp___adj_fptan          00401008     hightest1.OBJ
 0001:0000000c       __imp_@__vbaVarMove        0040100c     hightest1.OBJ
 0001:0000000c       __imp____vbaVarMove        0040100c     hightest1.OBJ
 0001:00000010       __imp_@__vbaFreeVar        00401010     hightest1.OBJ
 0001:00000010       __imp____vbaFreeVar        00401010     hightest1.OBJ
 0001:00000014       __imp_@__vbaStrVarMove     00401014     hightest1.OBJ
 0001:00000014       __imp____vbaStrVarMove     00401014     hightest1.OBJ
 0001:00000018       __imp____vbaFreeVarList    00401018     hightest1.OBJ
 0001:00000018       __imp_@__vbaFreeVarList    00401018     hightest1.OBJ
 0001:0000001c       __imp____vbaEnd            0040101c     hightest1.OBJ
 0001:0000001c       __imp_@__vbaEnd            0040101c     hightest1.OBJ
 0001:00000020       __imp___adj_fdiv_m64       00401020     hightest1.OBJ
 0001:00000024       __imp_@__vbaFreeObjList    00401024     hightest1.OBJ
 0001:00000024       __imp____vbaFreeObjList    00401024     hightest1.OBJ
 0001:00000028       __imp___adj_fprem1         00401028     hightest1.OBJ
 0001:0000002c       __imp____vbaStrCat         0040102c     hightest1.OBJ
 0001:0000002c       __imp_@__vbaStrCat         0040102c     hightest1.OBJ
 0001:00000030       __imp____vbaSetSystemError 00401030     hightest1.OBJ
 0001:00000030       __imp_@__vbaSetSystemError 00401030     hightest1.OBJ
 0001:00000034       __imp____vbaHresultCheckObj 00401034     hightest1.OBJ
 0001:00000034       __imp_@__vbaHresultCheckObj 00401034     hightest1.OBJ
 0001:00000038       __imp___adj_fdiv_m32       00401038     hightest1.OBJ
 0001:0000003c       __imp____vbaVarTstLe       0040103c     hightest1.OBJ
 0001:0000003c       __imp_@__vbaVarTstLe       0040103c     hightest1.OBJ
 0001:00000040       __imp_@__vbaLateMemSt      00401040     hightest1.OBJ
 0001:00000040       __imp____vbaLateMemSt      00401040     hightest1.OBJ
 0001:00000044       __imp_@__vbaOnError        00401044     hightest1.OBJ
 0001:00000044       __imp____vbaOnError        00401044     hightest1.OBJ
 0001:00000048       __imp_@__vbaObjSet         00401048     hightest1.OBJ
 0001:00000048       __imp____vbaObjSet         00401048     hightest1.OBJ
 0001:0000004c       __imp___adj_fdiv_m16i      0040104c     hightest1.OBJ
 0001:00000050       __imp___adj_fdivr_m16i     00401050     hightest1.OBJ
 0001:00000054       __imp_@__vbaFpR4           00401054     hightest1.OBJ
 0001:00000054       __imp____vbaFpR4           00401054     hightest1.OBJ
 0001:00000058       __imp_@__vbaBoolVar        00401058     hightest1.OBJ
 0001:00000058       __imp____vbaBoolVar        00401058     hightest1.OBJ
 0001:0000005c       __imp_@__vbaBoolVarNull    0040105c     hightest1.OBJ
 0001:0000005c       __imp____vbaBoolVarNull    0040105c     hightest1.OBJ
 0001:00000060       __imp____vbaFpR8           00401060     hightest1.OBJ
 0001:00000060       __imp_@__vbaFpR8           00401060     hightest1.OBJ
 0001:00000064       __imp___CIsin              00401064     hightest1.OBJ
 0001:00000068       __imp____vbaChkstk         00401068     hightest1.OBJ
 0001:00000070       __imp_@__vbaStrCmp         00401070     hightest1.OBJ
 0001:00000070       __imp____vbaStrCmp         00401070     hightest1.OBJ
 0001:00000074       __imp_@__vbaI2I4           00401074     hightest1.OBJ
 0001:00000074       __imp____vbaI2I4           00401074     hightest1.OBJ
 0001:0000007c       __imp___adj_fpatan         0040107c     hightest1.OBJ
 0001:00000080       __imp_@__vbaR4Var          00401080     hightest1.OBJ
 0001:00000080       __imp____vbaR4Var          00401080     hightest1.OBJ
 0001:00000088       __imp____vba@06C915C4      00401088     hightest1.OBJ
 0001:00000088       __imp_@__vba@06C915C4      00401088     hightest1.OBJ
 0001:0000008c       __imp___CIsqrt             0040108c     hightest1.OBJ
 0001:00000090       __imp____vbaVarAnd         00401090     hightest1.OBJ
 0001:00000090       __imp_@__vbaVarAnd         00401090     hightest1.OBJ
 0001:00000098       __imp____vbaExceptHandler  00401098     hightest1.OBJ
 0001:0000009c       __imp_@__vbaStrToUnicode   0040109c     hightest1.OBJ
 0001:0000009c       __imp____vbaStrToUnicode   0040109c     hightest1.OBJ
 0001:000000a0       __imp___adj_fprem          004010a0     hightest1.OBJ
 0001:000000a4       __imp___adj_fdivr_m64      004010a4     hightest1.OBJ
 0001:000000a8       __imp_@__vbaVarDiv         004010a8     hightest1.OBJ
 0001:000000a8       __imp____vbaVarDiv         004010a8     hightest1.OBJ
 0001:000000ac       __imp____vbaVarCmpLe       004010ac     hightest1.OBJ
 0001:000000ac       __imp_@__vbaVarCmpLe       004010ac     hightest1.OBJ
 0001:000000b0       __imp____vbaFPException    004010b0     hightest1.OBJ
 0001:000000b4       __imp____vba@0034645C      004010b4     hightest1.OBJ
 0001:000000b4       __imp_@__vba@0034645C      004010b4     hightest1.OBJ
 0001:000000b8       __imp___CIlog              004010b8     hightest1.OBJ
 0001:000000bc       __imp____vbaErrorOverflow  004010bc     hightest1.OBJ
 0001:000000bc       __imp_@__vbaErrorOverflow  004010bc     hightest1.OBJ
 0001:000000c0       __imp_@__vbaNew2           004010c0     hightest1.OBJ
 0001:000000c0       __imp____vbaNew2           004010c0     hightest1.OBJ
 0001:000000c4       __imp___adj_fdiv_m32i      004010c4     hightest1.OBJ
 0001:000000c8       __imp___adj_fdivr_m32i     004010c8     hightest1.OBJ
 0001:000000cc       __imp_@__vbaStrCopy        004010cc     hightest1.OBJ
 0001:000000cc       __imp____vbaStrCopy        004010cc     hightest1.OBJ
 0001:000000d0       __imp_@__vbaVarCmpLt       004010d0     hightest1.OBJ
 0001:000000d0       __imp____vbaVarCmpLt       004010d0     hightest1.OBJ
 0001:000000d4       __imp_@__vbaFreeStrList    004010d4     hightest1.OBJ
 0001:000000d4       __imp____vbaFreeStrList    004010d4     hightest1.OBJ
 0001:000000d8       __imp___adj_fdivr_m32      004010d8     hightest1.OBJ
 0001:000000dc       __imp___adj_fdiv_r         004010dc     hightest1.OBJ
 0001:000000e4       __imp____vbaI4Var          004010e4     hightest1.OBJ
 0001:000000e4       __imp_@__vbaI4Var          004010e4     hightest1.OBJ
 0001:000000e8       __imp____vbaStrToAnsi      004010e8     hightest1.OBJ
 0001:000000e8       __imp_@__vbaStrToAnsi      004010e8     hightest1.OBJ
 0001:000000ec       __imp____vbaFpI4           004010ec     hightest1.OBJ
 0001:000000ec       __imp_@__vbaFpI4           004010ec     hightest1.OBJ
 0001:000000f0       __imp_@__vbaLateMemCallLd  004010f0     hightest1.OBJ
 0001:000000f0       __imp____vbaLateMemCallLd  004010f0     hightest1.OBJ
 0001:000000f4       __imp___CIatan             004010f4     hightest1.OBJ
 0001:000000f8       __imp_@__vbaStrMove        004010f8     hightest1.OBJ
 0001:000000f8       __imp____vbaStrMove        004010f8     hightest1.OBJ
 0001:000000fc       __imp___allmul             004010fc     hightest1.OBJ
 0001:00000100       __imp____vbaLenVarB        00401100     hightest1.OBJ
 0001:00000100       __imp_@__vbaLenVarB        00401100     hightest1.OBJ
 0001:00000104       __imp___CItan              00401104     hightest1.OBJ
 0001:00000108       __imp___CIexp              00401108     hightest1.OBJ
 0001:0000010c       __imp_@__vbaFreeObj        0040110c     hightest1.OBJ
 0001:0000010c       __imp____vbaFreeObj        0040110c     hightest1.OBJ
 0001:00000110       __imp____vbaFreeStr        00401110     hightest1.OBJ
 0001:00000110       __imp_@__vbaFreeStr        00401110     hightest1.OBJ
 0001:000001bc       __real@4@4003d000000000000000 004011bc     VSKIN.OBJ
 0001:000001c0       __real@4@40039000000000000000 004011c0     VSKIN.OBJ
 0001:000001c4       __real@4@4002a000000000000000 004011c4     VSKIN.OBJ
 0001:000001c8       __real@4@4002f000000000000000 004011c8     VSKIN.OBJ
 0001:000001cc       __real@4@4003a000000000000000 004011cc     VSKIN.OBJ
 0001:000001f8       __real@4@4003f000000000000000 004011f8     VSKIN.OBJ
 0001:00000200       __real@8@4000c000000000000000 00401200     VSKIN.OBJ
 0001:000002b0       __real@4@00000000000000000000 004012b0     VSKIN.OBJ
 0001:000002b4       __real@4@40038000000000000000 004012b4     VSKIN.OBJ
 0001:00000320       VB@TEXT                    00401320     hightest1.OBJ
 0001:00000320       ___vbaChkstk               00401320     hightest1.OBJ
 0001:00000326       ___vbaExceptHandler        00401326     hightest1.OBJ
 0001:0000032c       ___vbaFPException          0040132c     hightest1.OBJ
 0001:00000332       __adj_fdiv_m16i            00401332     hightest1.OBJ
 0001:00000338       __adj_fdiv_m32             00401338     hightest1.OBJ
 0001:0000033e       __adj_fdiv_m32i            0040133e     hightest1.OBJ
 0001:00000344       __adj_fdiv_m64             00401344     hightest1.OBJ
 0001:0000034a       __adj_fdiv_r               0040134a     hightest1.OBJ
 0001:00000350       __adj_fdivr_m16i           00401350     hightest1.OBJ
 0001:00000356       __adj_fdivr_m32            00401356     hightest1.OBJ
 0001:0000035c       __adj_fdivr_m32i           0040135c     hightest1.OBJ
 0001:00000362       __adj_fdivr_m64            00401362     hightest1.OBJ
 0001:00000368       __adj_fpatan               00401368     hightest1.OBJ
 0001:0000036e       __adj_fprem                0040136e     hightest1.OBJ
 0001:00000374       __adj_fprem1               00401374     hightest1.OBJ
 0001:0000037a       __adj_fptan                0040137a     hightest1.OBJ
 0001:00000380       __CIatan                   00401380     hightest1.OBJ
 0001:00000386       __CIcos                    00401386     hightest1.OBJ
 0001:0000038c       __CIexp                    0040138c     hightest1.OBJ
 0001:00000392       __CIlog                    00401392     hightest1.OBJ
 0001:00000398       __CIsin                    00401398     hightest1.OBJ
 0001:0000039e       __CIsqrt                   0040139e     hightest1.OBJ
 0001:000003a4       __CItan                    004013a4     hightest1.OBJ
 0001:000003aa       __allmul                   004013aa     hightest1.OBJ
 0001:000003b6       ___vbaEnd                  004013b6     hightest1.OBJ
 0001:000003b6       @__vbaEnd                  004013b6     hightest1.OBJ
 0001:000003bc       ___vbaFreeVar              004013bc     hightest1.OBJ
 0001:000003bc       @__vbaFreeVar              004013bc     hightest1.OBJ
 0001:000003c2       @__vba@06C915C4            004013c2     hightest1.OBJ
 0001:000003c2       ___vba@06C915C4            004013c2     hightest1.OBJ
 0001:000003c8       ___vbaFreeObjList          004013c8     hightest1.OBJ
 0001:000003c8       @__vbaFreeObjList          004013c8     hightest1.OBJ
 0001:000003ce       ___vbaFreeStr              004013ce     hightest1.OBJ
 0001:000003ce       @__vbaFreeStr              004013ce     hightest1.OBJ
 0001:000003d4       ___vbaStrCmp               004013d4     hightest1.OBJ
 0001:000003d4       @__vbaStrCmp               004013d4     hightest1.OBJ
 0001:000003da       ___vbaObjSet               004013da     hightest1.OBJ
 0001:000003da       @__vbaObjSet               004013da     hightest1.OBJ
 0001:000003e0       ___vbaFreeObj              004013e0     hightest1.OBJ
 0001:000003e0       @__vbaFreeObj              004013e0     hightest1.OBJ
 0001:000003e6       ___vbaFreeStrList          004013e6     hightest1.OBJ
 0001:000003e6       @__vbaFreeStrList          004013e6     hightest1.OBJ
 0001:000003ec       @__vbaSetSystemError       004013ec     hightest1.OBJ
 0001:000003ec       ___vbaSetSystemError       004013ec     hightest1.OBJ
 0001:000003f2       @__vbaStrCat               004013f2     hightest1.OBJ
 0001:000003f2       ___vbaStrCat               004013f2     hightest1.OBJ
 0001:000003f8       @__vbaStrMove              004013f8     hightest1.OBJ
 0001:000003f8       ___vbaStrMove              004013f8     hightest1.OBJ
 0001:000003fe       @__vbaStrToAnsi            004013fe     hightest1.OBJ
 0001:000003fe       ___vbaStrToAnsi            004013fe     hightest1.OBJ
 0001:00000404       @__vbaHresultCheckObj      00401404     hightest1.OBJ
 0001:00000404       ___vbaHresultCheckObj      00401404     hightest1.OBJ
 0001:0000040a       @__vbaNew2                 0040140a     hightest1.OBJ
 0001:0000040a       ___vbaNew2                 0040140a     hightest1.OBJ
 0001:00000410       ___vbaBoolVar              00401410     hightest1.OBJ
 0001:00000410       @__vbaBoolVar              00401410     hightest1.OBJ
 0001:00000416       ___vbaStrVarMove           00401416     hightest1.OBJ
 0001:00000416       @__vbaStrVarMove           00401416     hightest1.OBJ
 0001:0000041c       ___vbaStrCopy              0040141c     hightest1.OBJ
 0001:0000041c       @__vbaStrCopy              0040141c     hightest1.OBJ
 0001:00000422       @__vbaVarDiv               00401422     hightest1.OBJ
 0001:00000422       ___vbaVarDiv               00401422     hightest1.OBJ
 0001:00000428       @__vbaVarCmpLe             00401428     hightest1.OBJ
 0001:00000428       ___vbaVarCmpLe             00401428     hightest1.OBJ
 0001:0000042e       @__vbaFpR4                 0040142e     hightest1.OBJ
 0001:0000042e       ___vbaFpR4                 0040142e     hightest1.OBJ
 0001:00000434       ___vbaI2I4                 00401434     hightest1.OBJ
 0001:00000434       @__vbaI2I4                 00401434     hightest1.OBJ
 0001:0000043a       ___vbaFpR8                 0040143a     hightest1.OBJ
 0001:0000043a       @__vbaFpR8                 0040143a     hightest1.OBJ
 0001:00000440       @__vbaVarSub               00401440     hightest1.OBJ
 0001:00000440       ___vbaVarSub               00401440     hightest1.OBJ
 0001:00000446       ___vbaVarTstLe             00401446     hightest1.OBJ
 0001:00000446       @__vbaVarTstLe             00401446     hightest1.OBJ
 0001:0000044c       @__vbaVarCmpLt             0040144c     hightest1.OBJ
 0001:0000044c       ___vbaVarCmpLt             0040144c     hightest1.OBJ
 0001:00000452       ___vbaVarAnd               00401452     hightest1.OBJ
 0001:00000452       @__vbaVarAnd               00401452     hightest1.OBJ
 0001:00000458       @__vbaBoolVarNull          00401458     hightest1.OBJ
 0001:00000458       ___vbaBoolVarNull          00401458     hightest1.OBJ
 0001:0000045e       ___vbaVarMove              0040145e     hightest1.OBJ
 0001:0000045e       @__vbaVarMove              0040145e     hightest1.OBJ
 0001:00000464       ___vbaErrorOverflow        00401464     hightest1.OBJ
 0001:00000464       @__vbaErrorOverflow        00401464     hightest1.OBJ
 0001:0000046a       ___vbaR4Var                0040146a     hightest1.OBJ
 0001:0000046a       @__vbaR4Var                0040146a     hightest1.OBJ
 0001:00000470       @__vbaLateMemSt            00401470     hightest1.OBJ
 0001:00000470       ___vbaLateMemSt            00401470     hightest1.OBJ
 0001:00000476       @__vbaLateMemCallLd        00401476     hightest1.OBJ
 0001:00000476       ___vbaLateMemCallLd        00401476     hightest1.OBJ
 0001:0000047c       @__vbaFreeVarList          0040147c     hightest1.OBJ
 0001:0000047c       ___vbaFreeVarList          0040147c     hightest1.OBJ
 0001:00000482       @__vbaStrToUnicode         00401482     hightest1.OBJ
 0001:00000482       ___vbaStrToUnicode         00401482     hightest1.OBJ
 0001:00000488       ___vba@0034645C            00401488     hightest1.OBJ
 0001:00000488       @__vba@0034645C            00401488     hightest1.OBJ
 0001:0000048e       @__vbaLenVarB              0040148e     hightest1.OBJ
 0001:0000048e       ___vbaLenVarB              0040148e     hightest1.OBJ
 0001:00000494       @__vbaI4Var                00401494     hightest1.OBJ
 0001:00000494       ___vbaI4Var                00401494     hightest1.OBJ
 0001:0000049a       ___vbaFpI4                 0040149a     hightest1.OBJ
 0001:0000049a       @__vbaFpI4                 0040149a     hightest1.OBJ
 0001:000004a0       @__vbaOnError              004014a0     hightest1.OBJ
 0001:000004a0       ___vbaOnError              004014a0     hightest1.OBJ
 0001:000004c0       ___vbaS                    004014c0     hightest1.OBJ
 0001:00001884       ___vba@00344154            00402884     hightest1.OBJ
 0001:00001c74       ___vba@00345D5C            00402c74     hightest1.OBJ
 0001:00001da0       ___vba@00345DB4            00402da0     hightest1.OBJ
 0001:00001dac       ___vba@00345DC4            00402dac     hightest1.OBJ
 0001:00001db4       ___vba@00345DD0            00402db4     hightest1.OBJ
 0001:00001dc0       ___vba@00345DE0            00402dc0     hightest1.OBJ
 0001:00001dd0       ___vba@00345DF4            00402dd0     hightest1.OBJ
 0001:00001de0       ___vba@00345E08            00402de0     hightest1.OBJ
 0001:00001df0       ___vba@00345E1C            00402df0     hightest1.OBJ
 0001:00001e00       ___vba@00345E30            00402e00     hightest1.OBJ
 0001:00001e10       ___vba@00345E44            00402e10     hightest1.OBJ
 0001:00001e18       ___vba@00345E50            00402e18     hightest1.OBJ
 0001:00001e28       ___vba@00345E64            00402e28     hightest1.OBJ
 0001:00001e64       ___vba@00345EA4            00402e64     hightest1.OBJ
 0001:00001e68       ___vba@00345EAC            00402e68     hightest1.OBJ
 0001:00001e90       ___vba@00345ED8            00402e90     hightest1.OBJ
 0001:00001e98       ___vba@00345EE4            00402e98     hightest1.OBJ
 0001:00001ea8       ___vba@00345EF8            00402ea8     hightest1.OBJ
 0001:00001eb4       ___vba@00345F08            00402eb4     hightest1.OBJ
 0001:00001ebc       ___vba@00345F14            00402ebc     hightest1.OBJ
 0001:00001ec4       ___vba@00345F20            00402ec4     hightest1.OBJ
 0001:00001ecc       ___vba@00345F2C            00402ecc     hightest1.OBJ
 0001:00001ed4       ___vba@00345F38            00402ed4     hightest1.OBJ
 0001:00001edc       ___vba@00345F44            00402edc     hightest1.OBJ
 0001:00001ee8       ___vba@00343464            00402ee8     hightest1.OBJ
 0001:00001ef0       ___vba@00343470            00402ef0     hightest1.OBJ
 0001:00001f00       ___vba@00343484            00402f00     hightest1.OBJ
 0001:00001f08       ___vba@00343490            00402f08     hightest1.OBJ
 0001:00001f10       ___vba@0034349C            00402f10     hightest1.OBJ
 0001:00001f20       ___vba@003434B0            00402f20     hightest1.OBJ
 0001:00001f28       ___vba@003434BC            00402f28     hightest1.OBJ
 0001:00001f30       ___vba@003434C8            00402f30     hightest1.OBJ
 0001:00001f38       ___vba@003434D4            00402f38     hightest1.OBJ
 0001:00001f40       ___vba@003434E0            00402f40     hightest1.OBJ
 0001:00001f50       ___vba@003434F4            00402f50     hightest1.OBJ
 0001:00001f58       ___vba@00343500            00402f58     hightest1.OBJ
 0001:00001f60       ___vba@0034350C            00402f60     hightest1.OBJ
 0001:00001f68       ___vba@00343518            00402f68     hightest1.OBJ
 0001:00001f70       ___vba@00343524            00402f70     hightest1.OBJ
 0001:00001f78       ___vba@00343530            00402f78     hightest1.OBJ
 0001:00001f80       ___vba@0034353C            00402f80     hightest1.OBJ
 0001:00001f88       ___vba@00343548            00402f88     hightest1.OBJ
 0001:00001f94       ___vba@00343554            00402f94     hightest1.OBJ
 0001:00001fa4       ___vba@00343568            00402fa4     hightest1.OBJ
 0001:00001fc8       ___vba@0034357C            00402fc8     hightest1.OBJ
 0001:00001fe8       ___vba@003435B4            00402fe8     hightest1.OBJ
 0001:00002010       ___vba@003435CC            00403010     hightest1.OBJ
 0001:0000202c       ___vba@00343604            0040302c     hightest1.OBJ
 0001:00002038       ___vba@00343614            00403038     hightest1.OBJ
 0001:00002048       ___vba@00343628            00403048     hightest1.OBJ
 0001:00002058       ___vba@0034363C            00403058     hightest1.OBJ
 0001:00002068       ___vba@00343650            00403068     hightest1.OBJ
 0001:0000207c       ___vba@00346C74            0040307c     hightest1.OBJ
 0001:00002084       ___vba@00346C80            00403084     hightest1.OBJ
 0001:000020a4       ___vba@00346CA8            004030a4     hightest1.OBJ
 0001:000020b4       ___vba@00346CBC            004030b4     hightest1.OBJ
 0001:000020c8       ___vba@00346CD0            004030c8     hightest1.OBJ
 0001:000020d8       ___vba@00346CE4            004030d8     hightest1.OBJ
 0001:000020e4       ___vba@00346CF4            004030e4     hightest1.OBJ
 0001:000020f0       ___vba@00346D04            004030f0     hightest1.OBJ
 0001:00002100       ___vba@00346D18            00403100     hightest1.OBJ
 0001:0000210c       ___vba@00346D28            0040310c     hightest1.OBJ
 0001:00002128       ___vba@00346D48            00403128     hightest1.OBJ
 0001:0000213c       ___vba@00346D60            0040313c     hightest1.OBJ
 0001:0000214c       ___vba@00346D74            0040314c     hightest1.OBJ
 0001:00002160       ___vba@00346D8C            00403160     hightest1.OBJ
 0001:00002174       ___vba@00346DA4            00403174     hightest1.OBJ
 0001:00002184       ___vba@00346DB8            00403184     hightest1.OBJ
 0001:00002194       ___vba@00346DCC            00403194     hightest1.OBJ
 0001:000021a8       ___vba@00346DE4            004031a8     hightest1.OBJ
 0001:000021bc       ___vba@00346DFC            004031bc     hightest1.OBJ
 0001:000021d0       ___vba@00346E14            004031d0     hightest1.OBJ
 0001:000021e8       ___vba@00346E30            004031e8     hightest1.OBJ
 0001:000021f8       ___vba@00346E44            004031f8     hightest1.OBJ
 0001:00002210       ___vba@00346E60            00403210     hightest1.OBJ
 0001:00002220       ___vba@06C914DC            00403220     hightest1.OBJ
 0001:00002230       ___vba@06C914F0            00403230     hightest1.OBJ
 0001:00002240       ___vba@06C91504            00403240     hightest1.OBJ
 0001:00002254       ___vba@06C91520            00403254     hightest1.OBJ
 0001:00002260       ___vba@06C91530            00403260     hightest1.OBJ
 0001:0000226c       ___vba@06C91578            0040326c     hightest1.OBJ
 0001:0000227c       ___vba@06C915FC            0040327c     hightest1.OBJ
 0001:00002290       ___vba@06C9164C            00403290     hightest1.OBJ
 0001:000022a0       ___vba@06C91698            004032a0     hightest1.OBJ
 0001:000022ac       ___vba@06C916A8            004032ac     hightest1.OBJ
 0001:000022bc       ___vba@06C916BC            004032bc     hightest1.OBJ
 0001:000022c8       ___vba@06C9173C            004032c8     hightest1.OBJ
 0001:000022d4       ___vba@06C91784            004032d4     hightest1.OBJ
 0001:000022e4       ___vba@06C917D0            004032e4     hightest1.OBJ
 0001:000022f8       ___vba@06C91820            004032f8     hightest1.OBJ
 0001:0000230c       ___vba@06C91870            0040330c     hightest1.OBJ
 0001:00002318       ___vba@06C918B8            00403318     hightest1.OBJ
 0001:00002328       ___vba@06C91964            00403328     hightest1.OBJ
 0001:00002340       ___vba@06C919B8            00403340     hightest1.OBJ
 0001:00002354       ___vba@06C91A0C            00403354     hightest1.OBJ
 0001:00002364       ___vba@06C91A20            00403364     hightest1.OBJ
 0001:00002374       ___vba@06C91A34            00403374     hightest1.OBJ
 0001:00002384       ___vba@06C91A48            00403384     hightest1.OBJ
 0001:00002394       ___vba@06C91A5C            00403394     hightest1.OBJ
 0001:000023a4       ___vba@06C91A70            004033a4     hightest1.OBJ
 0001:000023b4       ___vba@06C91A84            004033b4     hightest1.OBJ
 0001:000023c0       ___vba@06C91A94            004033c0     hightest1.OBJ
 0001:000023d0       ___vba@06C91AA8            004033d0     hightest1.OBJ
 0001:000023dc       ___vba@06C91AB8            004033dc     hightest1.OBJ
 0001:000023e8       ___vba@06C91AC8            004033e8     hightest1.OBJ
 0001:000023f4       ___vba@06C91AD8            004033f4     hightest1.OBJ
 0001:00002404       ___vba@06C91AE8            00403404     hightest1.OBJ
 0001:00002414       ___vba@06C91AFC            00403414     hightest1.OBJ
 0001:00002424       ___vba@06C91B14            00403424     hightest1.OBJ
 0001:00002450       ___vba@06C91D7C            00403450     hightest1.OBJ
 0001:00002470       ___vba@06C91DB4            00403470     hightest1.OBJ
 0001:00002498       ___vba@06C91DCC            00403498     hightest1.OBJ
 0001:000024b8       ___vba@06C91E04            004034b8     hightest1.OBJ
 0001:000024c4       ___vba@06C91E14            004034c4     hightest1.OBJ
 0001:000024f4       ___vba@06C91E34            004034f4     hightest1.OBJ
 0001:00002514       ___vba@06C91E6C            00403514     hightest1.OBJ
 0001:00002524       ___vba@06C91E80            00403524     hightest1.OBJ
 0001:00002548       ___vba@06C91E94            00403548     hightest1.OBJ
 0001:00002568       ___vba@06C91ECC            00403568     hightest1.OBJ
 0001:0000258c       ___vba@06C91EE0            0040358c     hightest1.OBJ
 0001:000025ac       ___vba@06C91F18            004035ac     hightest1.OBJ
 0001:000025cc       ___vba@06C91F28            004035cc     hightest1.OBJ
 0001:000025ec       ___vba@06C91F60            004035ec     hightest1.OBJ
 0001:00002618       ___vba@06C91FA4            00403618     hightest1.OBJ
 0001:00002638       ___vba@06C91FDC            00403638     hightest1.OBJ
 0001:0000265c       ___vba@06C91FF0            0040365c     hightest1.OBJ
 0001:0000267c       ___vba@06C92028            0040367c     hightest1.OBJ
 0001:000026a0       ___vba@06C9203C            004036a0     hightest1.OBJ
 0001:000026c0       ___vba@06C92074            004036c0     hightest1.OBJ
 0001:000026e8       ___vba@06C9208C            004036e8     hightest1.OBJ
 0001:00002708       ___vba@06C920C4            00403708     hightest1.OBJ
 0001:00002730       ___vba@06C920DC            00403730     hightest1.OBJ
 0001:0000274c       ___vba@06C92114            0040374c     hightest1.OBJ
 0001:00002758       ___vba@06C92124            00403758     hightest1.OBJ
 0001:00002764       ___vba@06C92134            00403764     hightest1.OBJ
 0001:0000276c       ___vba@06C92140            0040376c     hightest1.OBJ
 0001:00002774       ___vba@06C9214C            00403774     hightest1.OBJ
 0001:00002784       ___vba@06C92160            00403784     hightest1.OBJ
 0001:00002794       ___vba@06C92174            00403794     hightest1.OBJ
 0001:000027a0       ___vba@06C92184            004037a0     hightest1.OBJ
 0001:000027ac       ___vba@06C92194            004037ac     hightest1.OBJ
 0001:000027b8       ___vba@06C92A6C            004037b8     hightest1.OBJ
 0001:000027d4       ___vba@06C92A88            004037d4     hightest1.OBJ
 0001:000027e4       ___vba@06C92AA0            004037e4     hightest1.OBJ
 0001:000027f8       ___vba@06C92AB4            004037f8     hightest1.OBJ
 0001:00002808       ___vba@06C92ACC            00403808     hightest1.OBJ
 0001:00002818       ___vba@06C92B18            00403818     hightest1.OBJ
 0001:00002828       ___vba@06C92B64            00403828     hightest1.OBJ
 0001:00002838       ___vba@06C92BB0            00403838     hightest1.OBJ
 0001:00002844       ___vba@06C92BF8            00403844     hightest1.OBJ
 0001:00002854       ___vba@06C92C44            00403854     hightest1.OBJ
 0001:00002860       ___vba@06C92C54            00403860     hightest1.OBJ
 0001:00002874       ___vba@06C92CCC            00403874     hightest1.OBJ
 0001:00002880       ___vba@06C92D14            00403880     hightest1.OBJ
 0001:0000288c       ___vba@06C92D5C            0040388c     hightest1.OBJ
 0001:00002898       ___vba@06C92DA4            00403898     hightest1.OBJ
 0001:000028a8       ___vba@06C92DF0            004038a8     hightest1.OBJ
 0001:000028b8       ___vba@06C92E3C            004038b8     hightest1.OBJ
 0001:000028c4       ___vba@06C92EF4            004038c4     hightest1.OBJ
 0001:000028d4       ___vba@06C92F40            004038d4     hightest1.OBJ
 0001:000028e8       ___vba@06C92F90            004038e8     hightest1.OBJ
 0001:000028f4       ___vba@06C92FD8            004038f4     hightest1.OBJ
 0001:00002904       ___vba@06C93024            00403904     hightest1.OBJ
 0001:00002918       ___vba@06C93074            00403918     hightest1.OBJ
 0001:0000292c       ___vba@0034640C            0040392c     hightest1.OBJ
 0001:00002940       ___vba@00346494            00403940     hightest1.OBJ
 0001:00002950       ___vba@003464E0            00403950     hightest1.OBJ
 0001:0000295c       ___vba@00346528            0040395c     hightest1.OBJ
 0001:00002968       ___vba@00346570            00403968     hightest1.OBJ
 0001:00002978       ___vba@00343D04            00403978     hightest1.OBJ
 0001:0000e38c       ___vba@00343ADC            0040f38c     hightest1.OBJ
 0001:0000e3cc       ___vba@00343F2C            0040f3cc     hightest1.OBJ
 0001:0000e474       ___vba@00346824            0040f474     hightest1.OBJ
 0001:0000e49c       ___vba@00346850            0040f49c     hightest1.OBJ
 0001:0000e4a8       ___vba@00346860            0040f4a8     hightest1.OBJ
 0001:0000e4b4       ___vba@00346870            0040f4b4     hightest1.OBJ
 0001:0000e4c0       ___vba@00346880            0040f4c0     hightest1.OBJ
 0001:0000e4cc       ___vba@00346890            0040f4cc     hightest1.OBJ
 0001:0000e4d8       ___vba@003468A0            0040f4d8     hightest1.OBJ
 0001:0000e4e4       ___vba@003468B0            0040f4e4     hightest1.OBJ
 0001:0000e4f0       ___vba@003468C0            0040f4f0     hightest1.OBJ
 0001:0000e4f4       ___vba@003468C8            0040f4f4     hightest1.OBJ
 0001:0000e590       VB@BTXT                    0040f590     hightest1.OBJ
 0001:0000e5a0       ?Command1_Click@hightest@@AAGXXZ 0040f5a0 f   hightest.OBJ
 0001:00010ee0       ?Command2_Click@hightest@@AAGXXZ 00411ee0 f   hightest.OBJ
 0001:00011050       ?drawForm@VSKIN@@AAGXXZ    00412050 f   VSKIN.OBJ
 0001:00012fb0       ?UserControl_DblClick@VSKIN@@AAGXXZ 00413fb0 f   VSKIN.OBJ
 0001:00013760       ?drawButtons@VSKIN@@AAGXXZ 00414760 f   VSKIN.OBJ
 0001:00015390       ?UserControl_Initialize@VSKIN@@AAGXXZ 00416390 f   VSKIN.OBJ
 0001:00015420       ?UserControl_MouseDown@VSKIN@@AAGXXZ 00416420 f   VSKIN.OBJ
 0001:00015990       ?UserControl_MouseMove@VSKIN@@AAGXXZ 00416990 f   VSKIN.OBJ
 0001:000165e0       ?UserControl_MouseUp@VSKIN@@AAGXXZ 004175e0 f   VSKIN.OBJ
 0001:00016e30       ?UserControl_Paint@VSKIN@@AAGXXZ 00417e30 f   VSKIN.OBJ
 0001:00016ec0       ?UserControl_Resize@VSKIN@@AAGXXZ 00417ec0 f   VSKIN.OBJ
 0001:00016f50       ?UserControl_ReadProperties@VSKIN@@AAGXXZ 00417f50 f   VSKIN.OBJ
 0001:00017100       ?UserControl_WriteProperties@VSKIN@@AAGXXZ 00418100 f   VSKIN.OBJ
 0001:00017240       ?Caption__Get@VSKIN@@AAGXXZ 00418240 f   VSKIN.OBJ
 0001:000172d0       ?Caption__Let@VSKIN@@AAGXXZ 004182d0 f   VSKIN.OBJ
 0001:00017360       ?Resize__Get@VSKIN@@AAGXXZ 00418360 f   VSKIN.OBJ
 0001:000173d0       ?Resize__Let@VSKIN@@AAGXXZ 004183d0 f   VSKIN.OBJ
 0001:000174a0       VB@ETXT                    004184a0     hightest1.OBJ
 0002:00000000       __adjust_fdiv              00419000     VBAEXE6:natsupp.obj
 0002:00000008       VB@BSS                     00419008     hightest1.OBJ
 0002:00000010       ___vba@00346630            00419010     hightest1.OBJ
 0002:00000024       ___vba@00346618            00419024     hightest1.OBJ
 0002:00000354       ___vba@06C91A00            00419354     hightest1.OBJ
 0002:00000404       ___vba@06CDE424            00419404     hightest1.OBJ
 0002:00000b10       ___vba@06C81A2C            00419b10     hightest1.OBJ

 entry point at        0001:000004c0

 Static symbols

