 midst

 Timestamp is 5352950a (Sun Apr 20 00:23:54 2014)

 Preferred load address is 00400000

 Start         Length     Name                   Class
 0001:00000000 00000114H .idata$5                CODE
 0001:00000118 00000218H .rdata                  CODE
 0001:00000330 0000d460H .text                   CODE
 0001:0000d790 00000004H .text$0                 CODE
 0001:0000d7a0 000065c0H .text$1                 CODE
 0001:00013d60 00000004H .text$2                 CODE
 0001:00013d64 00000014H .idata$2                CODE
 0001:00013d78 00000014H .idata$3                CODE
 0001:00013d8c 00000114H .idata$4                CODE
 0001:00013ea0 00000420H .idata$6                CODE
 0001:000142c0 00000000H .edata                  CODE
 0002:00000000 00000004H .data                   DATA
 0002:00000008 000012c8H .bss                    DATA
 0003:00000000 00000118H .rsrc$01                DATA
 0003:00000120 000009c8H .rsrc$02                DATA

  Address         Publics by Value              Rva+Base     Lib:Object

 0001:00000000       __imp_@__vbaVarSub         00401000     midst1.OBJ
 0001:00000000       __imp____vbaVarSub         00401000     midst1.OBJ
 0001:00000004       __imp___CIcos              00401004     midst1.OBJ
 0001:00000008       __imp___adj_fptan          00401008     midst1.OBJ
 0001:0000000c       __imp____vbaVarMove        0040100c     midst1.OBJ
 0001:0000000c       __imp_@__vbaVarMove        0040100c     midst1.OBJ
 0001:00000010       __imp____vbaFreeVar        00401010     midst1.OBJ
 0001:00000010       __imp_@__vbaFreeVar        00401010     midst1.OBJ
 0001:00000014       __imp_@__vbaStrVarMove     00401014     midst1.OBJ
 0001:00000014       __imp____vbaStrVarMove     00401014     midst1.OBJ
 0001:00000018       __imp____vbaFreeVarList    00401018     midst1.OBJ
 0001:00000018       __imp_@__vbaFreeVarList    00401018     midst1.OBJ
 0001:0000001c       __imp_@__vbaEnd            0040101c     midst1.OBJ
 0001:0000001c       __imp____vbaEnd            0040101c     midst1.OBJ
 0001:00000020       __imp___adj_fdiv_m64       00401020     midst1.OBJ
 0001:00000024       __imp_@__vbaFreeObjList    00401024     midst1.OBJ
 0001:00000024       __imp____vbaFreeObjList    00401024     midst1.OBJ
 0001:00000028       __imp___adj_fprem1         00401028     midst1.OBJ
 0001:0000002c       __imp____vbaStrCat         0040102c     midst1.OBJ
 0001:0000002c       __imp_@__vbaStrCat         0040102c     midst1.OBJ
 0001:00000030       __imp____vbaSetSystemError 00401030     midst1.OBJ
 0001:00000030       __imp_@__vbaSetSystemError 00401030     midst1.OBJ
 0001:00000034       __imp_@__vbaHresultCheckObj 00401034     midst1.OBJ
 0001:00000034       __imp____vbaHresultCheckObj 00401034     midst1.OBJ
 0001:00000038       __imp___adj_fdiv_m32       00401038     midst1.OBJ
 0001:0000003c       __imp_@__vbaVarTstLe       0040103c     midst1.OBJ
 0001:0000003c       __imp____vbaVarTstLe       0040103c     midst1.OBJ
 0001:00000040       __imp____vbaLateMemSt      00401040     midst1.OBJ
 0001:00000040       __imp_@__vbaLateMemSt      00401040     midst1.OBJ
 0001:00000044       __imp____vbaOnError        00401044     midst1.OBJ
 0001:00000044       __imp_@__vbaOnError        00401044     midst1.OBJ
 0001:00000048       __imp____vbaObjSet         00401048     midst1.OBJ
 0001:00000048       __imp_@__vbaObjSet         00401048     midst1.OBJ
 0001:0000004c       __imp___adj_fdiv_m16i      0040104c     midst1.OBJ
 0001:00000050       __imp___adj_fdivr_m16i     00401050     midst1.OBJ
 0001:00000054       __imp_@__vbaFpR4           00401054     midst1.OBJ
 0001:00000054       __imp____vbaFpR4           00401054     midst1.OBJ
 0001:00000058       __imp____vbaBoolVar        00401058     midst1.OBJ
 0001:00000058       __imp_@__vbaBoolVar        00401058     midst1.OBJ
 0001:0000005c       __imp____vbaBoolVarNull    0040105c     midst1.OBJ
 0001:0000005c       __imp_@__vbaBoolVarNull    0040105c     midst1.OBJ
 0001:00000060       __imp____vbaFpR8           00401060     midst1.OBJ
 0001:00000060       __imp_@__vbaFpR8           00401060     midst1.OBJ
 0001:00000064       __imp___CIsin              00401064     midst1.OBJ
 0001:00000068       __imp____vbaChkstk         00401068     midst1.OBJ
 0001:00000070       __imp_@__vbaI2I4           00401070     midst1.OBJ
 0001:00000070       __imp____vbaI2I4           00401070     midst1.OBJ
 0001:00000078       __imp___adj_fpatan         00401078     midst1.OBJ
 0001:0000007c       __imp_@__vbaR4Var          0040107c     midst1.OBJ
 0001:0000007c       __imp____vbaR4Var          0040107c     midst1.OBJ
 0001:00000084       __imp____vba@067D4C28      00401084     midst1.OBJ
 0001:00000084       __imp_@__vba@067D4C28      00401084     midst1.OBJ
 0001:00000088       __imp___CIsqrt             00401088     midst1.OBJ
 0001:0000008c       __imp_@__vbaVarAnd         0040108c     midst1.OBJ
 0001:0000008c       __imp____vbaVarAnd         0040108c     midst1.OBJ
 0001:00000094       __imp____vbaExceptHandler  00401094     midst1.OBJ
 0001:00000098       __imp____vbaStrToUnicode   00401098     midst1.OBJ
 0001:00000098       __imp_@__vbaStrToUnicode   00401098     midst1.OBJ
 0001:0000009c       __imp___adj_fprem          0040109c     midst1.OBJ
 0001:000000a0       __imp___adj_fdivr_m64      004010a0     midst1.OBJ
 0001:000000a4       __imp_@__vbaVarDiv         004010a4     midst1.OBJ
 0001:000000a4       __imp____vbaVarDiv         004010a4     midst1.OBJ
 0001:000000a8       __imp____vbaVarCmpLe       004010a8     midst1.OBJ
 0001:000000a8       __imp_@__vbaVarCmpLe       004010a8     midst1.OBJ
 0001:000000ac       __imp____vbaFPException    004010ac     midst1.OBJ
 0001:000000b0       __imp____vba@064DBE84      004010b0     midst1.OBJ
 0001:000000b0       __imp_@__vba@064DBE84      004010b0     midst1.OBJ
 0001:000000b4       __imp___CIlog              004010b4     midst1.OBJ
 0001:000000b8       __imp_@__vbaErrorOverflow  004010b8     midst1.OBJ
 0001:000000b8       __imp____vbaErrorOverflow  004010b8     midst1.OBJ
 0001:000000bc       __imp_@__vbaNew2           004010bc     midst1.OBJ
 0001:000000bc       __imp____vbaNew2           004010bc     midst1.OBJ
 0001:000000c0       __imp___adj_fdiv_m32i      004010c0     midst1.OBJ
 0001:000000c4       __imp___adj_fdivr_m32i     004010c4     midst1.OBJ
 0001:000000c8       __imp_@__vbaStrCopy        004010c8     midst1.OBJ
 0001:000000c8       __imp____vbaStrCopy        004010c8     midst1.OBJ
 0001:000000cc       __imp_@__vbaVarCmpLt       004010cc     midst1.OBJ
 0001:000000cc       __imp____vbaVarCmpLt       004010cc     midst1.OBJ
 0001:000000d0       __imp_@__vbaFreeStrList    004010d0     midst1.OBJ
 0001:000000d0       __imp____vbaFreeStrList    004010d0     midst1.OBJ
 0001:000000d4       __imp___adj_fdivr_m32      004010d4     midst1.OBJ
 0001:000000d8       __imp___adj_fdiv_r         004010d8     midst1.OBJ
 0001:000000e0       __imp____vbaI4Var          004010e0     midst1.OBJ
 0001:000000e0       __imp_@__vbaI4Var          004010e0     midst1.OBJ
 0001:000000e4       __imp_@__vbaStrToAnsi      004010e4     midst1.OBJ
 0001:000000e4       __imp____vbaStrToAnsi      004010e4     midst1.OBJ
 0001:000000e8       __imp____vbaFpI4           004010e8     midst1.OBJ
 0001:000000e8       __imp_@__vbaFpI4           004010e8     midst1.OBJ
 0001:000000ec       __imp____vbaLateMemCallLd  004010ec     midst1.OBJ
 0001:000000ec       __imp_@__vbaLateMemCallLd  004010ec     midst1.OBJ
 0001:000000f0       __imp___CIatan             004010f0     midst1.OBJ
 0001:000000f4       __imp_@__vbaStrMove        004010f4     midst1.OBJ
 0001:000000f4       __imp____vbaStrMove        004010f4     midst1.OBJ
 0001:000000f8       __imp___allmul             004010f8     midst1.OBJ
 0001:000000fc       __imp_@__vbaLenVarB        004010fc     midst1.OBJ
 0001:000000fc       __imp____vbaLenVarB        004010fc     midst1.OBJ
 0001:00000100       __imp___CItan              00401100     midst1.OBJ
 0001:00000104       __imp___CIexp              00401104     midst1.OBJ
 0001:00000108       __imp____vbaFreeStr        00401108     midst1.OBJ
 0001:00000108       __imp_@__vbaFreeStr        00401108     midst1.OBJ
 0001:0000010c       __imp____vbaFreeObj        0040110c     midst1.OBJ
 0001:0000010c       __imp_@__vbaFreeObj        0040110c     midst1.OBJ
 0001:000001d4       __real@4@4003d000000000000000 004011d4     VSKIN.OBJ
 0001:000001d8       __real@4@40039000000000000000 004011d8     VSKIN.OBJ
 0001:000001dc       __real@4@4002a000000000000000 004011dc     VSKIN.OBJ
 0001:000001e0       __real@4@4002f000000000000000 004011e0     VSKIN.OBJ
 0001:000001e4       __real@4@4003a000000000000000 004011e4     VSKIN.OBJ
 0001:00000210       __real@4@4003f000000000000000 00401210     VSKIN.OBJ
 0001:00000218       __real@8@4000c000000000000000 00401218     VSKIN.OBJ
 0001:000002c8       __real@4@00000000000000000000 004012c8     VSKIN.OBJ
 0001:000002cc       __real@4@40038000000000000000 004012cc     VSKIN.OBJ
 0001:00000330       ___vbaChkstk               00401330     midst1.OBJ
 0001:00000330       VB@TEXT                    00401330     midst1.OBJ
 0001:00000336       ___vbaExceptHandler        00401336     midst1.OBJ
 0001:0000033c       ___vbaFPException          0040133c     midst1.OBJ
 0001:00000342       __adj_fdiv_m16i            00401342     midst1.OBJ
 0001:00000348       __adj_fdiv_m32             00401348     midst1.OBJ
 0001:0000034e       __adj_fdiv_m32i            0040134e     midst1.OBJ
 0001:00000354       __adj_fdiv_m64             00401354     midst1.OBJ
 0001:0000035a       __adj_fdiv_r               0040135a     midst1.OBJ
 0001:00000360       __adj_fdivr_m16i           00401360     midst1.OBJ
 0001:00000366       __adj_fdivr_m32            00401366     midst1.OBJ
 0001:0000036c       __adj_fdivr_m32i           0040136c     midst1.OBJ
 0001:00000372       __adj_fdivr_m64            00401372     midst1.OBJ
 0001:00000378       __adj_fpatan               00401378     midst1.OBJ
 0001:0000037e       __adj_fprem                0040137e     midst1.OBJ
 0001:00000384       __adj_fprem1               00401384     midst1.OBJ
 0001:0000038a       __adj_fptan                0040138a     midst1.OBJ
 0001:00000390       __CIatan                   00401390     midst1.OBJ
 0001:00000396       __CIcos                    00401396     midst1.OBJ
 0001:0000039c       __CIexp                    0040139c     midst1.OBJ
 0001:000003a2       __CIlog                    004013a2     midst1.OBJ
 0001:000003a8       __CIsin                    004013a8     midst1.OBJ
 0001:000003ae       __CIsqrt                   004013ae     midst1.OBJ
 0001:000003b4       __CItan                    004013b4     midst1.OBJ
 0001:000003ba       __allmul                   004013ba     midst1.OBJ
 0001:000003c0       ___vbaEnd                  004013c0     midst1.OBJ
 0001:000003c0       @__vbaEnd                  004013c0     midst1.OBJ
 0001:000003c6       @__vbaFreeVar              004013c6     midst1.OBJ
 0001:000003c6       ___vbaFreeVar              004013c6     midst1.OBJ
 0001:000003cc       ___vbaFreeObj              004013cc     midst1.OBJ
 0001:000003cc       @__vbaFreeObj              004013cc     midst1.OBJ
 0001:000003d2       @__vbaFreeStrList          004013d2     midst1.OBJ
 0001:000003d2       ___vbaFreeStrList          004013d2     midst1.OBJ
 0001:000003d8       ___vbaHresultCheckObj      004013d8     midst1.OBJ
 0001:000003d8       @__vbaHresultCheckObj      004013d8     midst1.OBJ
 0001:000003de       ___vbaNew2                 004013de     midst1.OBJ
 0001:000003de       @__vbaNew2                 004013de     midst1.OBJ
 0001:000003e4       @__vbaStrMove              004013e4     midst1.OBJ
 0001:000003e4       ___vbaStrMove              004013e4     midst1.OBJ
 0001:000003ea       ___vbaStrCat               004013ea     midst1.OBJ
 0001:000003ea       @__vbaStrCat               004013ea     midst1.OBJ
 0001:000003f0       ___vba@067D4C28            004013f0     midst1.OBJ
 0001:000003f0       @__vba@067D4C28            004013f0     midst1.OBJ
 0001:000003fc       ___vbaBoolVar              004013fc     midst1.OBJ
 0001:000003fc       @__vbaBoolVar              004013fc     midst1.OBJ
 0001:00000402       @__vbaStrVarMove           00401402     midst1.OBJ
 0001:00000402       ___vbaStrVarMove           00401402     midst1.OBJ
 0001:00000408       @__vbaStrCopy              00401408     midst1.OBJ
 0001:00000408       ___vbaStrCopy              00401408     midst1.OBJ
 0001:0000040e       @__vbaVarDiv               0040140e     midst1.OBJ
 0001:0000040e       ___vbaVarDiv               0040140e     midst1.OBJ
 0001:00000414       @__vbaVarCmpLe             00401414     midst1.OBJ
 0001:00000414       ___vbaVarCmpLe             00401414     midst1.OBJ
 0001:0000041a       ___vbaFpR4                 0040141a     midst1.OBJ
 0001:0000041a       @__vbaFpR4                 0040141a     midst1.OBJ
 0001:00000420       @__vbaI2I4                 00401420     midst1.OBJ
 0001:00000420       ___vbaI2I4                 00401420     midst1.OBJ
 0001:00000426       ___vbaFpR8                 00401426     midst1.OBJ
 0001:00000426       @__vbaFpR8                 00401426     midst1.OBJ
 0001:0000042c       @__vbaVarSub               0040142c     midst1.OBJ
 0001:0000042c       ___vbaVarSub               0040142c     midst1.OBJ
 0001:00000432       ___vbaVarTstLe             00401432     midst1.OBJ
 0001:00000432       @__vbaVarTstLe             00401432     midst1.OBJ
 0001:00000438       ___vbaVarCmpLt             00401438     midst1.OBJ
 0001:00000438       @__vbaVarCmpLt             00401438     midst1.OBJ
 0001:0000043e       @__vbaVarAnd               0040143e     midst1.OBJ
 0001:0000043e       ___vbaVarAnd               0040143e     midst1.OBJ
 0001:00000444       @__vbaBoolVarNull          00401444     midst1.OBJ
 0001:00000444       ___vbaBoolVarNull          00401444     midst1.OBJ
 0001:0000044a       ___vbaVarMove              0040144a     midst1.OBJ
 0001:0000044a       @__vbaVarMove              0040144a     midst1.OBJ
 0001:00000450       ___vbaErrorOverflow        00401450     midst1.OBJ
 0001:00000450       @__vbaErrorOverflow        00401450     midst1.OBJ
 0001:00000456       @__vbaR4Var                00401456     midst1.OBJ
 0001:00000456       ___vbaR4Var                00401456     midst1.OBJ
 0001:0000045c       @__vbaLateMemSt            0040145c     midst1.OBJ
 0001:0000045c       ___vbaLateMemSt            0040145c     midst1.OBJ
 0001:00000462       ___vbaLateMemCallLd        00401462     midst1.OBJ
 0001:00000462       @__vbaLateMemCallLd        00401462     midst1.OBJ
 0001:00000468       @__vbaFreeVarList          00401468     midst1.OBJ
 0001:00000468       ___vbaFreeVarList          00401468     midst1.OBJ
 0001:0000046e       @__vbaFreeStr              0040146e     midst1.OBJ
 0001:0000046e       ___vbaFreeStr              0040146e     midst1.OBJ
 0001:00000474       @__vbaStrToUnicode         00401474     midst1.OBJ
 0001:00000474       ___vbaStrToUnicode         00401474     midst1.OBJ
 0001:0000047a       ___vbaStrToAnsi            0040147a     midst1.OBJ
 0001:0000047a       @__vbaStrToAnsi            0040147a     midst1.OBJ
 0001:00000480       @__vba@064DBE84            00401480     midst1.OBJ
 0001:00000480       ___vba@064DBE84            00401480     midst1.OBJ
 0001:00000486       ___vbaLenVarB              00401486     midst1.OBJ
 0001:00000486       @__vbaLenVarB              00401486     midst1.OBJ
 0001:0000048c       @__vbaI4Var                0040148c     midst1.OBJ
 0001:0000048c       ___vbaI4Var                0040148c     midst1.OBJ
 0001:00000492       ___vbaFreeObjList          00401492     midst1.OBJ
 0001:00000492       @__vbaFreeObjList          00401492     midst1.OBJ
 0001:00000498       @__vbaFpI4                 00401498     midst1.OBJ
 0001:00000498       ___vbaFpI4                 00401498     midst1.OBJ
 0001:0000049e       @__vbaSetSystemError       0040149e     midst1.OBJ
 0001:0000049e       ___vbaSetSystemError       0040149e     midst1.OBJ
 0001:000004a4       @__vbaObjSet               004014a4     midst1.OBJ
 0001:000004a4       ___vbaObjSet               004014a4     midst1.OBJ
 0001:000004aa       ___vbaOnError              004014aa     midst1.OBJ
 0001:000004aa       @__vbaOnError              004014aa     midst1.OBJ
 0001:000004c8       ___vbaS                    004014c8     midst1.OBJ
 0001:00001704       ___vba@067D538C            00402704     midst1.OBJ
 0001:00001af4       ___vba@067D3DFC            00402af4     midst1.OBJ
 0001:000020e4       ___vba@067D691C            004030e4     midst1.OBJ
 0001:00002204       ___vba@067D6974            00403204     midst1.OBJ
 0001:0000220c       ___vba@067D6980            0040320c     midst1.OBJ
 0001:00002214       ___vba@067D698C            00403214     midst1.OBJ
 0001:00002220       ___vba@067D699C            00403220     midst1.OBJ
 0001:00002230       ___vba@067D69B0            00403230     midst1.OBJ
 0001:00002240       ___vba@067D69C4            00403240     midst1.OBJ
 0001:00002250       ___vba@067D69D8            00403250     midst1.OBJ
 0001:00002260       ___vba@067D69EC            00403260     midst1.OBJ
 0001:00002270       ___vba@067D6A00            00403270     midst1.OBJ
 0001:00002278       ___vba@067D6A0C            00403278     midst1.OBJ
 0001:00002288       ___vba@067D6A20            00403288     midst1.OBJ
 0001:000022c4       ___vba@067D6A60            004032c4     midst1.OBJ
 0001:000022c8       ___vba@067D6A68            004032c8     midst1.OBJ
 0001:000022f0       ___vba@067D6A94            004032f0     midst1.OBJ
 0001:000022f8       ___vba@067D6AA0            004032f8     midst1.OBJ
 0001:00002300       ___vba@067D6AAC            00403300     midst1.OBJ
 0001:00002310       ___vba@067D6AC0            00403310     midst1.OBJ
 0001:00002318       ___vba@067D6ACC            00403318     midst1.OBJ
 0001:00002328       ___vba@067D6AE0            00403328     midst1.OBJ
 0001:00002334       ___vba@067D6AF0            00403334     midst1.OBJ
 0001:0000233c       ___vba@067D6AFC            0040333c     midst1.OBJ
 0001:00002344       ___vba@067D6B08            00403344     midst1.OBJ
 0001:0000234c       ___vba@067D48C4            0040334c     midst1.OBJ
 0001:00002354       ___vba@067D48D0            00403354     midst1.OBJ
 0001:00002364       ___vba@067D48E4            00403364     midst1.OBJ
 0001:0000236c       ___vba@067D48F0            0040336c     midst1.OBJ
 0001:00002378       ___vba@067D4900            00403378     midst1.OBJ
 0001:00002388       ___vba@067D4914            00403388     midst1.OBJ
 0001:00002398       ___vba@067D4928            00403398     midst1.OBJ
 0001:000023a8       ___vba@067D493C            004033a8     midst1.OBJ
 0001:000023bc       ___vba@067D4950            004033bc     midst1.OBJ
 0001:000023c4       ___vba@067D495C            004033c4     midst1.OBJ
 0001:000023d8       ___vba@067D4978            004033d8     midst1.OBJ
 0001:000023e4       ___vba@067D4988            004033e4     midst1.OBJ
 0001:000023f0       ___vba@067D49D0            004033f0     midst1.OBJ
 0001:00002400       ___vba@067D4A1C            00403400     midst1.OBJ
 0001:00002410       ___vba@067D4A68            00403410     midst1.OBJ
 0001:00002424       ___vba@067D4AEC            00403424     midst1.OBJ
 0001:0000243c       ___vba@067D4B40            0040343c     midst1.OBJ
 0001:00002450       ___vba@067D4B94            00403450     midst1.OBJ
 0001:00002460       ___vba@067D4BE0            00403460     midst1.OBJ
 0001:0000246c       ___vba@067D4C60            0040346c     midst1.OBJ
 0001:0000247c       ___vba@067D4C74            0040347c     midst1.OBJ
 0001:0000248c       ___vba@067D4C88            0040348c     midst1.OBJ
 0001:0000249c       ___vba@067D4C9C            0040349c     midst1.OBJ
 0001:000024ac       ___vba@067D4CB0            004034ac     midst1.OBJ
 0001:000024bc       ___vba@067D4CC4            004034bc     midst1.OBJ
 0001:000024cc       ___vba@067D4CD8            004034cc     midst1.OBJ
 0001:000024dc       ___vba@067D5A04            004034dc     midst1.OBJ
 0001:000024e8       ___vba@067D5A14            004034e8     midst1.OBJ
 0001:000024f8       ___vba@067D5A28            004034f8     midst1.OBJ
 0001:00002504       ___vba@067D5A38            00403504     midst1.OBJ
 0001:00002510       ___vba@067D5A48            00403510     midst1.OBJ
 0001:00002520       ___vba@067D5A58            00403520     midst1.OBJ
 0001:00002530       ___vba@067D5A6C            00403530     midst1.OBJ
 0001:00002558       ___vba@067D5A84            00403558     midst1.OBJ
 0001:00002578       ___vba@067D5ABC            00403578     midst1.OBJ
 0001:000025a0       ___vba@067D5AD4            004035a0     midst1.OBJ
 0001:000025c0       ___vba@067D5B0C            004035c0     midst1.OBJ
 0001:000025cc       ___vba@067D5B1C            004035cc     midst1.OBJ
 0001:000025fc       ___vba@067D5B3C            004035fc     midst1.OBJ
 0001:0000261c       ___vba@067D5B74            0040361c     midst1.OBJ
 0001:0000262c       ___vba@067D5B88            0040362c     midst1.OBJ
 0001:00002650       ___vba@067D5B9C            00403650     midst1.OBJ
 0001:00002670       ___vba@067D5BD4            00403670     midst1.OBJ
 0001:00002694       ___vba@067D39AC            00403694     midst1.OBJ
 0001:000026b4       ___vba@067D39E4            004036b4     midst1.OBJ
 0001:000026d4       ___vba@067D39F4            004036d4     midst1.OBJ
 0001:000026f4       ___vba@067D3A2C            004036f4     midst1.OBJ
 0001:0000271c       ___vba@067D3A44            0040371c     midst1.OBJ
 0001:0000273c       ___vba@067D3A7C            0040373c     midst1.OBJ
 0001:00002760       ___vba@067D3A90            00403760     midst1.OBJ
 0001:00002780       ___vba@067D3AC8            00403780     midst1.OBJ
 0001:000027a4       ___vba@067D3ADC            004037a4     midst1.OBJ
 0001:000027c4       ___vba@067D3B14            004037c4     midst1.OBJ
 0001:000027ec       ___vba@067D3B2C            004037ec     midst1.OBJ
 0001:0000280c       ___vba@067D3B64            0040380c     midst1.OBJ
 0001:0000281c       ___vba@067D3B7C            0040381c     midst1.OBJ
 0001:0000282c       ___vba@067D3B90            0040382c     midst1.OBJ
 0001:00002854       ___vba@065074A4            00403854     midst1.OBJ
 0001:00002870       ___vba@065074DC            00403870     midst1.OBJ
 0001:0000287c       ___vba@065074EC            0040387c     midst1.OBJ
 0001:00002888       ___vba@065074FC            00403888     midst1.OBJ
 0001:00002890       ___vba@06507508            00403890     midst1.OBJ
 0001:00002898       ___vba@06507514            00403898     midst1.OBJ
 0001:000028a8       ___vba@06507528            004038a8     midst1.OBJ
 0001:000028b8       ___vba@0650753C            004038b8     midst1.OBJ
 0001:000028c4       ___vba@0650754C            004038c4     midst1.OBJ
 0001:000028d0       ___vba@0650755C            004038d0     midst1.OBJ
 0001:000028d8       ___vba@06507568            004038d8     midst1.OBJ
 0001:000028e8       ___vba@0650757C            004038e8     midst1.OBJ
 0001:000028f4       ___vba@0650758C            004038f4     midst1.OBJ
 0001:00002910       ___vba@065075A8            00403910     midst1.OBJ
 0001:00002920       ___vba@065075C0            00403920     midst1.OBJ
 0001:00002934       ___vba@065075D4            00403934     midst1.OBJ
 0001:00002944       ___vba@065075EC            00403944     midst1.OBJ
 0001:00002954       ___vba@06507638            00403954     midst1.OBJ
 0001:00002964       ___vba@06507684            00403964     midst1.OBJ
 0001:00002974       ___vba@064DB684            00403974     midst1.OBJ
 0001:00002980       ___vba@064DB6CC            00403980     midst1.OBJ
 0001:00002990       ___vba@064DB718            00403990     midst1.OBJ
 0001:0000299c       ___vba@064DB760            0040399c     midst1.OBJ
 0001:000029a8       ___vba@064DB7A8            004039a8     midst1.OBJ
 0001:000029b4       ___vba@064DB7F0            004039b4     midst1.OBJ
 0001:000029c0       ___vba@064DB838            004039c0     midst1.OBJ
 0001:000029d0       ___vba@064DBAD4            004039d0     midst1.OBJ
 0001:000029e0       ___vba@064DBB20            004039e0     midst1.OBJ
 0001:000029ec       ___vba@064DBB68            004039ec     midst1.OBJ
 0001:00002a00       ___vba@064DBBB8            00403a00     midst1.OBJ
 0001:00002a10       ___vba@064DBC04            00403a10     midst1.OBJ
 0001:00002a24       ___vba@064DBC54            00403a24     midst1.OBJ
 0001:00002a30       ___vba@064DBCFC            00403a30     midst1.OBJ
 0001:00002a44       ___vba@064DBD4C            00403a44     midst1.OBJ
 0001:00002a58       ___vba@064DBD9C            00403a58     midst1.OBJ
 0001:00002a68       ___vba@064DBDE8            00403a68     midst1.OBJ
 0001:00002a7c       ___vba@064DBE38            00403a7c     midst1.OBJ
 0001:00002a8c       ___vba@064DBF24            00403a8c     midst1.OBJ
 0001:00002a98       ___vba@064DBF6C            00403a98     midst1.OBJ
 0001:00002aac       ___vba@064DBFBC            00403aac     midst1.OBJ
 0001:00002ab8       ___vba@064DC004            00403ab8     midst1.OBJ
 0001:00002acc       ___vba@064DC054            00403acc     midst1.OBJ
 0001:00002ad8       ___vba@064DC09C            00403ad8     midst1.OBJ
 0001:0000d59c       ___vba@067D355C            0040e59c     midst1.OBJ
 0001:0000d5dc       ___vba@067D4D14            0040e5dc     midst1.OBJ
 0001:0000d684       ___vba@067D607C            0040e684     midst1.OBJ
 0001:0000d6ac       ___vba@067D60A8            0040e6ac     midst1.OBJ
 0001:0000d6b8       ___vba@067D60B8            0040e6b8     midst1.OBJ
 0001:0000d6c4       ___vba@067D60C8            0040e6c4     midst1.OBJ
 0001:0000d6d0       ___vba@067D60D8            0040e6d0     midst1.OBJ
 0001:0000d6dc       ___vba@067D60E8            0040e6dc     midst1.OBJ
 0001:0000d6e8       ___vba@067D60F8            0040e6e8     midst1.OBJ
 0001:0000d6f4       ___vba@067D6108            0040e6f4     midst1.OBJ
 0001:0000d6f8       ___vba@067D6110            0040e6f8     midst1.OBJ
 0001:0000d790       VB@BTXT                    0040e790     midst1.OBJ
 0001:0000d7a0       ?Command1_Click@midst@@AAGXXZ 0040e7a0 f   midst.OBJ
 0001:0000d910       ?drawForm@VSKIN@@AAGXXZ    0040e910 f   VSKIN.OBJ
 0001:0000f870       ?UserControl_DblClick@VSKIN@@AAGXXZ 00410870 f   VSKIN.OBJ
 0001:00010020       ?drawButtons@VSKIN@@AAGXXZ 00411020 f   VSKIN.OBJ
 0001:00011c50       ?UserControl_Initialize@VSKIN@@AAGXXZ 00412c50 f   VSKIN.OBJ
 0001:00011ce0       ?UserControl_MouseDown@VSKIN@@AAGXXZ 00412ce0 f   VSKIN.OBJ
 0001:00012250       ?UserControl_MouseMove@VSKIN@@AAGXXZ 00413250 f   VSKIN.OBJ
 0001:00012ea0       ?UserControl_MouseUp@VSKIN@@AAGXXZ 00413ea0 f   VSKIN.OBJ
 0001:000136f0       ?UserControl_Paint@VSKIN@@AAGXXZ 004146f0 f   VSKIN.OBJ
 0001:00013780       ?UserControl_Resize@VSKIN@@AAGXXZ 00414780 f   VSKIN.OBJ
 0001:00013810       ?UserControl_ReadProperties@VSKIN@@AAGXXZ 00414810 f   VSKIN.OBJ
 0001:000139c0       ?UserControl_WriteProperties@VSKIN@@AAGXXZ 004149c0 f   VSKIN.OBJ
 0001:00013b00       ?Caption__Get@VSKIN@@AAGXXZ 00414b00 f   VSKIN.OBJ
 0001:00013b90       ?Caption__Let@VSKIN@@AAGXXZ 00414b90 f   VSKIN.OBJ
 0001:00013c20       ?Resize__Get@VSKIN@@AAGXXZ 00414c20 f   VSKIN.OBJ
 0001:00013c90       ?Resize__Let@VSKIN@@AAGXXZ 00414c90 f   VSKIN.OBJ
 0001:00013d60       VB@ETXT                    00414d60     midst1.OBJ
 0002:00000000       __adjust_fdiv              00416000     VBAEXE6:natsupp.obj
 0002:00000008       VB@BSS                     00416008     midst1.OBJ
 0002:00000010       ___vba@067D6518            00416010     midst1.OBJ
 0002:00000024       ___vba@067D6500            00416024     midst1.OBJ
 0002:0000033c       ___vba@067D4B88            0041633c     midst1.OBJ
 0002:000003e8       ___vba@0071826C            004163e8     midst1.OBJ
 0002:00000af0       ___vba@064A3D14            00416af0     midst1.OBJ

 entry point at        0001:000004c8

 Static symbols

