 midtest

 Timestamp is 535345a0 (Sun Apr 20 12:57:20 2014)

 Preferred load address is 00400000

 Start         Length     Name                   Class
 0001:00000000 00000118H .idata$5                CODE
 0001:00000118 00000200H .rdata                  CODE
 0001:00000320 0000f52cH .text                   CODE
 0001:0000f850 00000004H .text$0                 CODE
 0001:0000f860 0000bb90H .text$1                 CODE
 0001:0001b3f0 00000004H .text$2                 CODE
 0001:0001b3f4 00000014H .idata$2                CODE
 0001:0001b408 00000014H .idata$3                CODE
 0001:0001b41c 00000118H .idata$4                CODE
 0001:0001b534 0000042cH .idata$6                CODE
 0001:0001b960 00000000H .edata                  CODE
 0002:00000000 00000004H .data                   DATA
 0002:00000008 000012e8H .bss                    DATA
 0003:00000000 00000118H .rsrc$01                DATA
 0003:00000120 000009d0H .rsrc$02                DATA

  Address         Publics by Value              Rva+Base     Lib:Object

 0001:00000000       __imp____vbaVarSub         00401000     midtest.OBJ
 0001:00000000       __imp_@__vbaVarSub         00401000     midtest.OBJ
 0001:00000004       __imp___CIcos              00401004     midtest.OBJ
 0001:00000008       __imp___adj_fptan          00401008     midtest.OBJ
 0001:0000000c       __imp_@__vbaVarMove        0040100c     midtest.OBJ
 0001:0000000c       __imp____vbaVarMove        0040100c     midtest.OBJ
 0001:00000010       __imp_@__vbaFreeVar        00401010     midtest.OBJ
 0001:00000010       __imp____vbaFreeVar        00401010     midtest.OBJ
 0001:00000014       __imp_@__vbaStrVarMove     00401014     midtest.OBJ
 0001:00000014       __imp____vbaStrVarMove     00401014     midtest.OBJ
 0001:00000018       __imp____vbaFreeVarList    00401018     midtest.OBJ
 0001:00000018       __imp_@__vbaFreeVarList    00401018     midtest.OBJ
 0001:0000001c       __imp____vbaEnd            0040101c     midtest.OBJ
 0001:0000001c       __imp_@__vbaEnd            0040101c     midtest.OBJ
 0001:00000020       __imp___adj_fdiv_m64       00401020     midtest.OBJ
 0001:00000024       __imp_@__vbaFreeObjList    00401024     midtest.OBJ
 0001:00000024       __imp____vbaFreeObjList    00401024     midtest.OBJ
 0001:00000028       __imp___adj_fprem1         00401028     midtest.OBJ
 0001:0000002c       __imp____vbaStrCat         0040102c     midtest.OBJ
 0001:0000002c       __imp_@__vbaStrCat         0040102c     midtest.OBJ
 0001:00000030       __imp____vbaSetSystemError 00401030     midtest.OBJ
 0001:00000030       __imp_@__vbaSetSystemError 00401030     midtest.OBJ
 0001:00000034       __imp____vbaHresultCheckObj 00401034     midtest.OBJ
 0001:00000034       __imp_@__vbaHresultCheckObj 00401034     midtest.OBJ
 0001:00000038       __imp___adj_fdiv_m32       00401038     midtest.OBJ
 0001:0000003c       __imp____vbaVarTstLe       0040103c     midtest.OBJ
 0001:0000003c       __imp_@__vbaVarTstLe       0040103c     midtest.OBJ
 0001:00000040       __imp_@__vbaLateMemSt      00401040     midtest.OBJ
 0001:00000040       __imp____vbaLateMemSt      00401040     midtest.OBJ
 0001:00000044       __imp_@__vbaOnError        00401044     midtest.OBJ
 0001:00000044       __imp____vbaOnError        00401044     midtest.OBJ
 0001:00000048       __imp____vbaObjSet         00401048     midtest.OBJ
 0001:00000048       __imp_@__vbaObjSet         00401048     midtest.OBJ
 0001:0000004c       __imp___adj_fdiv_m16i      0040104c     midtest.OBJ
 0001:00000050       __imp___adj_fdivr_m16i     00401050     midtest.OBJ
 0001:00000054       __imp_@__vbaFpR4           00401054     midtest.OBJ
 0001:00000054       __imp____vbaFpR4           00401054     midtest.OBJ
 0001:00000058       __imp_@__vbaBoolVar        00401058     midtest.OBJ
 0001:00000058       __imp____vbaBoolVar        00401058     midtest.OBJ
 0001:0000005c       __imp____vbaBoolVarNull    0040105c     midtest.OBJ
 0001:0000005c       __imp_@__vbaBoolVarNull    0040105c     midtest.OBJ
 0001:00000060       __imp_@__vbaFpR8           00401060     midtest.OBJ
 0001:00000060       __imp____vbaFpR8           00401060     midtest.OBJ
 0001:00000064       __imp___CIsin              00401064     midtest.OBJ
 0001:00000068       __imp____vbaChkstk         00401068     midtest.OBJ
 0001:00000070       __imp____vbaStrCmp         00401070     midtest.OBJ
 0001:00000070       __imp_@__vbaStrCmp         00401070     midtest.OBJ
 0001:00000074       __imp_@__vbaI2I4           00401074     midtest.OBJ
 0001:00000074       __imp____vbaI2I4           00401074     midtest.OBJ
 0001:0000007c       __imp___adj_fpatan         0040107c     midtest.OBJ
 0001:00000080       __imp____vbaR4Var          00401080     midtest.OBJ
 0001:00000080       __imp_@__vbaR4Var          00401080     midtest.OBJ
 0001:00000088       __imp_@__vba@007F6824      00401088     midtest.OBJ
 0001:00000088       __imp____vba@007F6824      00401088     midtest.OBJ
 0001:0000008c       __imp___CIsqrt             0040108c     midtest.OBJ
 0001:00000090       __imp_@__vbaVarAnd         00401090     midtest.OBJ
 0001:00000090       __imp____vbaVarAnd         00401090     midtest.OBJ
 0001:00000098       __imp____vbaExceptHandler  00401098     midtest.OBJ
 0001:0000009c       __imp____vbaStrToUnicode   0040109c     midtest.OBJ
 0001:0000009c       __imp_@__vbaStrToUnicode   0040109c     midtest.OBJ
 0001:000000a0       __imp___adj_fprem          004010a0     midtest.OBJ
 0001:000000a4       __imp___adj_fdivr_m64      004010a4     midtest.OBJ
 0001:000000a8       __imp_@__vbaVarDiv         004010a8     midtest.OBJ
 0001:000000a8       __imp____vbaVarDiv         004010a8     midtest.OBJ
 0001:000000ac       __imp____vbaVarCmpLe       004010ac     midtest.OBJ
 0001:000000ac       __imp_@__vbaVarCmpLe       004010ac     midtest.OBJ
 0001:000000b0       __imp____vbaFPException    004010b0     midtest.OBJ
 0001:000000b4       __imp_@__vba@06C5F520      004010b4     midtest.OBJ
 0001:000000b4       __imp____vba@06C5F520      004010b4     midtest.OBJ
 0001:000000b8       __imp___CIlog              004010b8     midtest.OBJ
 0001:000000bc       __imp_@__vbaErrorOverflow  004010bc     midtest.OBJ
 0001:000000bc       __imp____vbaErrorOverflow  004010bc     midtest.OBJ
 0001:000000c0       __imp_@__vbaNew2           004010c0     midtest.OBJ
 0001:000000c0       __imp____vbaNew2           004010c0     midtest.OBJ
 0001:000000c4       __imp___adj_fdiv_m32i      004010c4     midtest.OBJ
 0001:000000c8       __imp___adj_fdivr_m32i     004010c8     midtest.OBJ
 0001:000000cc       __imp____vbaStrCopy        004010cc     midtest.OBJ
 0001:000000cc       __imp_@__vbaStrCopy        004010cc     midtest.OBJ
 0001:000000d0       __imp_@__vbaVarCmpLt       004010d0     midtest.OBJ
 0001:000000d0       __imp____vbaVarCmpLt       004010d0     midtest.OBJ
 0001:000000d4       __imp_@__vbaFreeStrList    004010d4     midtest.OBJ
 0001:000000d4       __imp____vbaFreeStrList    004010d4     midtest.OBJ
 0001:000000d8       __imp___adj_fdivr_m32      004010d8     midtest.OBJ
 0001:000000dc       __imp___adj_fdiv_r         004010dc     midtest.OBJ
 0001:000000e4       __imp____vbaI4Var          004010e4     midtest.OBJ
 0001:000000e4       __imp_@__vbaI4Var          004010e4     midtest.OBJ
 0001:000000e8       __imp____vbaStrToAnsi      004010e8     midtest.OBJ
 0001:000000e8       __imp_@__vbaStrToAnsi      004010e8     midtest.OBJ
 0001:000000ec       __imp____vbaFpI4           004010ec     midtest.OBJ
 0001:000000ec       __imp_@__vbaFpI4           004010ec     midtest.OBJ
 0001:000000f0       __imp_@__vbaLateMemCallLd  004010f0     midtest.OBJ
 0001:000000f0       __imp____vbaLateMemCallLd  004010f0     midtest.OBJ
 0001:000000f4       __imp___CIatan             004010f4     midtest.OBJ
 0001:000000f8       __imp_@__vbaStrMove        004010f8     midtest.OBJ
 0001:000000f8       __imp____vbaStrMove        004010f8     midtest.OBJ
 0001:000000fc       __imp___allmul             004010fc     midtest.OBJ
 0001:00000100       __imp____vbaLenVarB        00401100     midtest.OBJ
 0001:00000100       __imp_@__vbaLenVarB        00401100     midtest.OBJ
 0001:00000104       __imp___CItan              00401104     midtest.OBJ
 0001:00000108       __imp___CIexp              00401108     midtest.OBJ
 0001:0000010c       __imp____vbaFreeObj        0040110c     midtest.OBJ
 0001:0000010c       __imp_@__vbaFreeObj        0040110c     midtest.OBJ
 0001:00000110       __imp____vbaFreeStr        00401110     midtest.OBJ
 0001:00000110       __imp_@__vbaFreeStr        00401110     midtest.OBJ
 0001:000001bc       __real@4@4003d000000000000000 004011bc     VSKIN.OBJ
 0001:000001c0       __real@4@40039000000000000000 004011c0     VSKIN.OBJ
 0001:000001c4       __real@4@4002a000000000000000 004011c4     VSKIN.OBJ
 0001:000001c8       __real@4@4002f000000000000000 004011c8     VSKIN.OBJ
 0001:000001cc       __real@4@4003a000000000000000 004011cc     VSKIN.OBJ
 0001:000001f8       __real@4@4003f000000000000000 004011f8     VSKIN.OBJ
 0001:00000200       __real@8@4000c000000000000000 00401200     VSKIN.OBJ
 0001:000002b0       __real@4@00000000000000000000 004012b0     VSKIN.OBJ
 0001:000002b4       __real@4@40038000000000000000 004012b4     VSKIN.OBJ
 0001:00000320       ___vbaChkstk               00401320     midtest.OBJ
 0001:00000320       VB@TEXT                    00401320     midtest.OBJ
 0001:00000326       ___vbaExceptHandler        00401326     midtest.OBJ
 0001:0000032c       ___vbaFPException          0040132c     midtest.OBJ
 0001:00000332       __adj_fdiv_m16i            00401332     midtest.OBJ
 0001:00000338       __adj_fdiv_m32             00401338     midtest.OBJ
 0001:0000033e       __adj_fdiv_m32i            0040133e     midtest.OBJ
 0001:00000344       __adj_fdiv_m64             00401344     midtest.OBJ
 0001:0000034a       __adj_fdiv_r               0040134a     midtest.OBJ
 0001:00000350       __adj_fdivr_m16i           00401350     midtest.OBJ
 0001:00000356       __adj_fdivr_m32            00401356     midtest.OBJ
 0001:0000035c       __adj_fdivr_m32i           0040135c     midtest.OBJ
 0001:00000362       __adj_fdivr_m64            00401362     midtest.OBJ
 0001:00000368       __adj_fpatan               00401368     midtest.OBJ
 0001:0000036e       __adj_fprem                0040136e     midtest.OBJ
 0001:00000374       __adj_fprem1               00401374     midtest.OBJ
 0001:0000037a       __adj_fptan                0040137a     midtest.OBJ
 0001:00000380       __CIatan                   00401380     midtest.OBJ
 0001:00000386       __CIcos                    00401386     midtest.OBJ
 0001:0000038c       __CIexp                    0040138c     midtest.OBJ
 0001:00000392       __CIlog                    00401392     midtest.OBJ
 0001:00000398       __CIsin                    00401398     midtest.OBJ
 0001:0000039e       __CIsqrt                   0040139e     midtest.OBJ
 0001:000003a4       __CItan                    004013a4     midtest.OBJ
 0001:000003aa       __allmul                   004013aa     midtest.OBJ
 0001:000003b6       @__vbaEnd                  004013b6     midtest.OBJ
 0001:000003b6       ___vbaEnd                  004013b6     midtest.OBJ
 0001:000003bc       @__vbaFreeVar              004013bc     midtest.OBJ
 0001:000003bc       ___vbaFreeVar              004013bc     midtest.OBJ
 0001:000003c2       @__vba@007F6824            004013c2     midtest.OBJ
 0001:000003c2       ___vba@007F6824            004013c2     midtest.OBJ
 0001:000003c8       ___vbaFreeObjList          004013c8     midtest.OBJ
 0001:000003c8       @__vbaFreeObjList          004013c8     midtest.OBJ
 0001:000003ce       ___vbaFreeStr              004013ce     midtest.OBJ
 0001:000003ce       @__vbaFreeStr              004013ce     midtest.OBJ
 0001:000003d4       ___vbaStrCmp               004013d4     midtest.OBJ
 0001:000003d4       @__vbaStrCmp               004013d4     midtest.OBJ
 0001:000003da       @__vbaObjSet               004013da     midtest.OBJ
 0001:000003da       ___vbaObjSet               004013da     midtest.OBJ
 0001:000003e0       ___vbaFreeObj              004013e0     midtest.OBJ
 0001:000003e0       @__vbaFreeObj              004013e0     midtest.OBJ
 0001:000003e6       ___vbaFreeStrList          004013e6     midtest.OBJ
 0001:000003e6       @__vbaFreeStrList          004013e6     midtest.OBJ
 0001:000003ec       ___vbaSetSystemError       004013ec     midtest.OBJ
 0001:000003ec       @__vbaSetSystemError       004013ec     midtest.OBJ
 0001:000003f2       @__vbaStrCat               004013f2     midtest.OBJ
 0001:000003f2       ___vbaStrCat               004013f2     midtest.OBJ
 0001:000003f8       @__vbaStrMove              004013f8     midtest.OBJ
 0001:000003f8       ___vbaStrMove              004013f8     midtest.OBJ
 0001:000003fe       ___vbaStrToAnsi            004013fe     midtest.OBJ
 0001:000003fe       @__vbaStrToAnsi            004013fe     midtest.OBJ
 0001:00000404       @__vbaHresultCheckObj      00401404     midtest.OBJ
 0001:00000404       ___vbaHresultCheckObj      00401404     midtest.OBJ
 0001:0000040a       @__vbaNew2                 0040140a     midtest.OBJ
 0001:0000040a       ___vbaNew2                 0040140a     midtest.OBJ
 0001:00000410       ___vbaBoolVar              00401410     midtest.OBJ
 0001:00000410       @__vbaBoolVar              00401410     midtest.OBJ
 0001:00000416       ___vbaStrVarMove           00401416     midtest.OBJ
 0001:00000416       @__vbaStrVarMove           00401416     midtest.OBJ
 0001:0000041c       ___vbaStrCopy              0040141c     midtest.OBJ
 0001:0000041c       @__vbaStrCopy              0040141c     midtest.OBJ
 0001:00000422       ___vbaVarDiv               00401422     midtest.OBJ
 0001:00000422       @__vbaVarDiv               00401422     midtest.OBJ
 0001:00000428       @__vbaVarCmpLe             00401428     midtest.OBJ
 0001:00000428       ___vbaVarCmpLe             00401428     midtest.OBJ
 0001:0000042e       ___vbaFpR4                 0040142e     midtest.OBJ
 0001:0000042e       @__vbaFpR4                 0040142e     midtest.OBJ
 0001:00000434       ___vbaI2I4                 00401434     midtest.OBJ
 0001:00000434       @__vbaI2I4                 00401434     midtest.OBJ
 0001:0000043a       ___vbaFpR8                 0040143a     midtest.OBJ
 0001:0000043a       @__vbaFpR8                 0040143a     midtest.OBJ
 0001:00000440       @__vbaVarSub               00401440     midtest.OBJ
 0001:00000440       ___vbaVarSub               00401440     midtest.OBJ
 0001:00000446       ___vbaVarTstLe             00401446     midtest.OBJ
 0001:00000446       @__vbaVarTstLe             00401446     midtest.OBJ
 0001:0000044c       @__vbaVarCmpLt             0040144c     midtest.OBJ
 0001:0000044c       ___vbaVarCmpLt             0040144c     midtest.OBJ
 0001:00000452       @__vbaVarAnd               00401452     midtest.OBJ
 0001:00000452       ___vbaVarAnd               00401452     midtest.OBJ
 0001:00000458       ___vbaBoolVarNull          00401458     midtest.OBJ
 0001:00000458       @__vbaBoolVarNull          00401458     midtest.OBJ
 0001:0000045e       @__vbaVarMove              0040145e     midtest.OBJ
 0001:0000045e       ___vbaVarMove              0040145e     midtest.OBJ
 0001:00000464       @__vbaErrorOverflow        00401464     midtest.OBJ
 0001:00000464       ___vbaErrorOverflow        00401464     midtest.OBJ
 0001:0000046a       @__vbaR4Var                0040146a     midtest.OBJ
 0001:0000046a       ___vbaR4Var                0040146a     midtest.OBJ
 0001:00000470       @__vbaLateMemSt            00401470     midtest.OBJ
 0001:00000470       ___vbaLateMemSt            00401470     midtest.OBJ
 0001:00000476       @__vbaLateMemCallLd        00401476     midtest.OBJ
 0001:00000476       ___vbaLateMemCallLd        00401476     midtest.OBJ
 0001:0000047c       @__vbaFreeVarList          0040147c     midtest.OBJ
 0001:0000047c       ___vbaFreeVarList          0040147c     midtest.OBJ
 0001:00000482       ___vbaStrToUnicode         00401482     midtest.OBJ
 0001:00000482       @__vbaStrToUnicode         00401482     midtest.OBJ
 0001:00000488       ___vba@06C5F520            00401488     midtest.OBJ
 0001:00000488       @__vba@06C5F520            00401488     midtest.OBJ
 0001:0000048e       @__vbaLenVarB              0040148e     midtest.OBJ
 0001:0000048e       ___vbaLenVarB              0040148e     midtest.OBJ
 0001:00000494       @__vbaI4Var                00401494     midtest.OBJ
 0001:00000494       ___vbaI4Var                00401494     midtest.OBJ
 0001:0000049a       @__vbaFpI4                 0040149a     midtest.OBJ
 0001:0000049a       ___vbaFpI4                 0040149a     midtest.OBJ
 0001:000004a0       @__vbaOnError              004014a0     midtest.OBJ
 0001:000004a0       ___vbaOnError              004014a0     midtest.OBJ
 0001:000004c0       ___vbaS                    004014c0     midtest.OBJ
 0001:00001bb4       ___vba@007F411C            00402bb4     midtest.OBJ
 0001:00001fa4       ___vba@007F5D24            00402fa4     midtest.OBJ
 0001:000020d0       ___vba@007F5D7C            004030d0     midtest.OBJ
 0001:000020dc       ___vba@007F5D8C            004030dc     midtest.OBJ
 0001:000020e4       ___vba@007F5D98            004030e4     midtest.OBJ
 0001:000020f0       ___vba@007F5DA8            004030f0     midtest.OBJ
 0001:00002100       ___vba@007F5DBC            00403100     midtest.OBJ
 0001:00002110       ___vba@007F5DD0            00403110     midtest.OBJ
 0001:00002120       ___vba@007F5DE4            00403120     midtest.OBJ
 0001:00002130       ___vba@007F5DF8            00403130     midtest.OBJ
 0001:00002140       ___vba@007F5E0C            00403140     midtest.OBJ
 0001:00002148       ___vba@007F5E18            00403148     midtest.OBJ
 0001:00002158       ___vba@007F5E2C            00403158     midtest.OBJ
 0001:00002194       ___vba@007F5E6C            00403194     midtest.OBJ
 0001:00002198       ___vba@007F5E74            00403198     midtest.OBJ
 0001:000021c0       ___vba@007F5EA0            004031c0     midtest.OBJ
 0001:000021c8       ___vba@007F5EAC            004031c8     midtest.OBJ
 0001:000021d0       ___vba@007F5EB8            004031d0     midtest.OBJ
 0001:000021d8       ___vba@007F5EC4            004031d8     midtest.OBJ
 0001:000021e0       ___vba@007F5ED0            004031e0     midtest.OBJ
 0001:000021e8       ___vba@007F5EDC            004031e8     midtest.OBJ
 0001:000021f0       ___vba@007F5EE8            004031f0     midtest.OBJ
 0001:000021f8       ___vba@007F5EF4            004031f8     midtest.OBJ
 0001:00002200       ___vba@007F5F00            00403200     midtest.OBJ
 0001:00002208       ___vba@007F5F0C            00403208     midtest.OBJ
 0001:00002210       ___vba@007F5F18            00403210     midtest.OBJ
 0001:00002218       ___vba@007F4344            00403218     midtest.OBJ
 0001:00002220       ___vba@007F4350            00403220     midtest.OBJ
 0001:00002228       ___vba@007F435C            00403228     midtest.OBJ
 0001:00002230       ___vba@007F4368            00403230     midtest.OBJ
 0001:00002238       ___vba@007F4374            00403238     midtest.OBJ
 0001:00002240       ___vba@007F4380            00403240     midtest.OBJ
 0001:00002248       ___vba@007F438C            00403248     midtest.OBJ
 0001:00002250       ___vba@007F4398            00403250     midtest.OBJ
 0001:00002258       ___vba@007F43A4            00403258     midtest.OBJ
 0001:00002260       ___vba@007F43B0            00403260     midtest.OBJ
 0001:00002268       ___vba@007F43BC            00403268     midtest.OBJ
 0001:00002270       ___vba@007F43C8            00403270     midtest.OBJ
 0001:00002278       ___vba@007F43D4            00403278     midtest.OBJ
 0001:00002280       ___vba@007F43E0            00403280     midtest.OBJ
 0001:00002288       ___vba@007F43EC            00403288     midtest.OBJ
 0001:00002290       ___vba@007F43F8            00403290     midtest.OBJ
 0001:00002298       ___vba@007F4404            00403298     midtest.OBJ
 0001:000022a0       ___vba@007F4410            004032a0     midtest.OBJ
 0001:000022a8       ___vba@007F441C            004032a8     midtest.OBJ
 0001:000022b0       ___vba@007F4428            004032b0     midtest.OBJ
 0001:000022b8       ___vba@007F4434            004032b8     midtest.OBJ
 0001:000022c0       ___vba@007F4440            004032c0     midtest.OBJ
 0001:000022c8       ___vba@007F444C            004032c8     midtest.OBJ
 0001:000022d0       ___vba@007F4458            004032d0     midtest.OBJ
 0001:000022d8       ___vba@007F4464            004032d8     midtest.OBJ
 0001:000022e0       ___vba@007F4470            004032e0     midtest.OBJ
 0001:000022e8       ___vba@007F447C            004032e8     midtest.OBJ
 0001:000022f0       ___vba@007F4488            004032f0     midtest.OBJ
 0001:000022f8       ___vba@007F4494            004032f8     midtest.OBJ
 0001:00002308       ___vba@007F44A8            00403308     midtest.OBJ
 0001:00002310       ___vba@007F44B4            00403310     midtest.OBJ
 0001:00002320       ___vba@007F44C8            00403320     midtest.OBJ
 0001:00002328       ___vba@007F44D4            00403328     midtest.OBJ
 0001:00002338       ___vba@007F44E8            00403338     midtest.OBJ
 0001:00002344       ___vba@007F44F8            00403344     midtest.OBJ
 0001:00002350       ___vba@007F4508            00403350     midtest.OBJ
 0001:00002360       ___vba@007F451C            00403360     midtest.OBJ
 0001:0000236c       ___vba@007F4528            0040336c     midtest.OBJ
 0001:0000237c       ___vba@007F387C            0040337c     midtest.OBJ
 0001:000023a0       ___vba@007F3890            004033a0     midtest.OBJ
 0001:000023c0       ___vba@007F38C8            004033c0     midtest.OBJ
 0001:000023e8       ___vba@007F38E0            004033e8     midtest.OBJ
 0001:00002404       ___vba@007F3918            00403404     midtest.OBJ
 0001:00002410       ___vba@007F3928            00403410     midtest.OBJ
 0001:00002420       ___vba@007F393C            00403420     midtest.OBJ
 0001:00002430       ___vba@007F3950            00403430     midtest.OBJ
 0001:00002440       ___vba@007F3964            00403440     midtest.OBJ
 0001:00002454       ___vba@007F3978            00403454     midtest.OBJ
 0001:0000245c       ___vba@007F3984            0040345c     midtest.OBJ
 0001:0000247c       ___vba@007F39AC            0040347c     midtest.OBJ
 0001:0000248c       ___vba@007F39C0            0040348c     midtest.OBJ
 0001:000024a0       ___vba@007F39D4            004034a0     midtest.OBJ
 0001:000024b4       ___vba@007F39EC            004034b4     midtest.OBJ
 0001:000024c0       ___vba@007F39FC            004034c0     midtest.OBJ
 0001:000024cc       ___vba@007F3A0C            004034cc     midtest.OBJ
 0001:000024e0       ___vba@007F3A24            004034e0     midtest.OBJ
 0001:000024f8       ___vba@007F3A40            004034f8     midtest.OBJ
 0001:00002510       ___vba@007F3A5C            00403510     midtest.OBJ
 0001:00002520       ___vba@007F639C            00403520     midtest.OBJ
 0001:00002534       ___vba@007F63B4            00403534     midtest.OBJ
 0001:00002544       ___vba@007F63C8            00403544     midtest.OBJ
 0001:00002554       ___vba@007F63DC            00403554     midtest.OBJ
 0001:00002564       ___vba@007F63F0            00403564     midtest.OBJ
 0001:00002578       ___vba@007F6408            00403578     midtest.OBJ
 0001:00002594       ___vba@007F6428            00403594     midtest.OBJ
 0001:000025a8       ___vba@007F6440            004035a8     midtest.OBJ
 0001:000025c4       ___vba@007F6460            004035c4     midtest.OBJ
 0001:000025d8       ___vba@007F6478            004035d8     midtest.OBJ
 0001:000025e8       ___vba@007F648C            004035e8     midtest.OBJ
 0001:000025fc       ___vba@007F64A4            004035fc     midtest.OBJ
 0001:0000261c       ___vba@007F64C8            0040361c     midtest.OBJ
 0001:00002630       ___vba@007F64E0            00403630     midtest.OBJ
 0001:00002640       ___vba@007F64F4            00403640     midtest.OBJ
 0001:00002650       ___vba@007F6508            00403650     midtest.OBJ
 0001:00002668       ___vba@007F6524            00403668     midtest.OBJ
 0001:00002680       ___vba@007F6540            00403680     midtest.OBJ
 0001:00002698       ___vba@007F655C            00403698     midtest.OBJ
 0001:000026a8       ___vba@007F6570            004036a8     midtest.OBJ
 0001:000026b8       ___vba@007F65C4            004036b8     midtest.OBJ
 0001:000026d0       ___vba@007F65E0            004036d0     midtest.OBJ
 0001:000026e4       ___vba@007F65F8            004036e4     midtest.OBJ
 0001:000026f4       ___vba@007F660C            004036f4     midtest.OBJ
 0001:00002704       ___vba@007F6620            00403704     midtest.OBJ
 0001:0000271c       ___vba@007F663C            0040371c     midtest.OBJ
 0001:00002738       ___vba@007F665C            00403738     midtest.OBJ
 0001:00002748       ___vba@007F6670            00403748     midtest.OBJ
 0001:00002758       ___vba@007F6684            00403758     midtest.OBJ
 0001:00002768       ___vba@007F6698            00403768     midtest.OBJ
 0001:0000277c       ___vba@007F66B0            0040377c     midtest.OBJ
 0001:00002794       ___vba@007F66CC            00403794     midtest.OBJ
 0001:000027ac       ___vba@007F66E8            004037ac     midtest.OBJ
 0001:000027bc       ___vba@007F66FC            004037bc     midtest.OBJ
 0001:000027d0       ___vba@007F6714            004037d0     midtest.OBJ
 0001:000027e4       ___vba@007F672C            004037e4     midtest.OBJ
 0001:000027f8       ___vba@007F6748            004037f8     midtest.OBJ
 0001:00002804       ___vba@007F6758            00403804     midtest.OBJ
 0001:00002810       ___vba@007F67A0            00403810     midtest.OBJ
 0001:00002820       ___vba@007F685C            00403820     midtest.OBJ
 0001:00002834       ___vba@007F68AC            00403834     midtest.OBJ
 0001:00002844       ___vba@007F68F8            00403844     midtest.OBJ
 0001:00002850       ___vba@007F6940            00403850     midtest.OBJ
 0001:0000285c       ___vba@007F6988            0040385c     midtest.OBJ
 0001:0000286c       ___vba@007F69D4            0040386c     midtest.OBJ
 0001:00002880       ___vba@007F6A4C            00403880     midtest.OBJ
 0001:00002894       ___vba@007F6A9C            00403894     midtest.OBJ
 0001:000028a0       ___vba@007F6AE4            004038a0     midtest.OBJ
 0001:000028b0       ___vba@007F6B30            004038b0     midtest.OBJ
 0001:000028c0       ___vba@007F6B7C            004038c0     midtest.OBJ
 0001:000028d8       ___vba@007F6BD0            004038d8     midtest.OBJ
 0001:000028e8       ___vba@007F6BE0            004038e8     midtest.OBJ
 0001:00002908       ___vba@007F5F90            00403908     midtest.OBJ
 0001:00002918       ___vba@007F5FA4            00403918     midtest.OBJ
 0001:00002928       ___vba@007F5FB8            00403928     midtest.OBJ
 0001:00002938       ___vba@007F5FCC            00403938     midtest.OBJ
 0001:00002948       ___vba@007F5FE0            00403948     midtest.OBJ
 0001:00002958       ___vba@007F5FF4            00403958     midtest.OBJ
 0001:00002968       ___vba@007F6008            00403968     midtest.OBJ
 0001:00002974       ___vba@007F6018            00403974     midtest.OBJ
 0001:00002984       ___vba@007F602C            00403984     midtest.OBJ
 0001:00002990       ___vba@007F603C            00403990     midtest.OBJ
 0001:0000299c       ___vba@007F604C            0040399c     midtest.OBJ
 0001:000029a8       ___vba@007F605C            004039a8     midtest.OBJ
 0001:000029b8       ___vba@007F606C            004039b8     midtest.OBJ
 0001:000029c8       ___vba@007F6080            004039c8     midtest.OBJ
 0001:000029f0       ___vba@007F6098            004039f0     midtest.OBJ
 0001:00002a10       ___vba@007F60D0            00403a10     midtest.OBJ
 0001:00002a38       ___vba@007F60E8            00403a38     midtest.OBJ
 0001:00002a58       ___vba@007F6120            00403a58     midtest.OBJ
 0001:00002a60       ___vba@007F6130            00403a60     midtest.OBJ
 0001:00002a90       ___vba@06C5E224            00403a90     midtest.OBJ
 0001:00002ab0       ___vba@06C5E25C            00403ab0     midtest.OBJ
 0001:00002ac0       ___vba@06C5E270            00403ac0     midtest.OBJ
 0001:00002ae4       ___vba@06C5E284            00403ae4     midtest.OBJ
 0001:00002b04       ___vba@06C5E2BC            00403b04     midtest.OBJ
 0001:00002b28       ___vba@06C5E2D0            00403b28     midtest.OBJ
 0001:00002b48       ___vba@06C5E308            00403b48     midtest.OBJ
 0001:00002b68       ___vba@06C5E318            00403b68     midtest.OBJ
 0001:00002b88       ___vba@06C5E350            00403b88     midtest.OBJ
 0001:00002bb0       ___vba@06C5E368            00403bb0     midtest.OBJ
 0001:00002bd0       ___vba@06C5E3A0            00403bd0     midtest.OBJ
 0001:00002bf4       ___vba@06C5E3B4            00403bf4     midtest.OBJ
 0001:00002c14       ___vba@06C5E3EC            00403c14     midtest.OBJ
 0001:00002c20       ___vba@06C5E400            00403c20     midtest.OBJ
 0001:00002c2c       ___vba@06C5E410            00403c2c     midtest.OBJ
 0001:00002c54       ___vba@06C5E44C            00403c54     midtest.OBJ
 0001:00002c74       ___vba@06C5E484            00403c74     midtest.OBJ
 0001:00002c9c       ___vba@06C5E49C            00403c9c     midtest.OBJ
 0001:00002cbc       ___vba@06C5E4D4            00403cbc     midtest.OBJ
 0001:00002ce4       ___vba@06C5E4EC            00403ce4     midtest.OBJ
 0001:00002d00       ___vba@06C5E524            00403d00     midtest.OBJ
 0001:00002d0c       ___vba@06C5E534            00403d0c     midtest.OBJ
 0001:00002d18       ___vba@06C5E544            00403d18     midtest.OBJ
 0001:00002d20       ___vba@06C5E550            00403d20     midtest.OBJ
 0001:00002d28       ___vba@06C5E55C            00403d28     midtest.OBJ
 0001:00002d38       ___vba@06C5E570            00403d38     midtest.OBJ
 0001:00002d48       ___vba@06C5E584            00403d48     midtest.OBJ
 0001:00002d54       ___vba@06C5E594            00403d54     midtest.OBJ
 0001:00002d60       ___vba@06C5E5A4            00403d60     midtest.OBJ
 0001:00002d68       ___vba@06C5E5B0            00403d68     midtest.OBJ
 0001:00002d78       ___vba@06C5E5C4            00403d78     midtest.OBJ
 0001:00002d84       ___vba@06C5E5D4            00403d84     midtest.OBJ
 0001:00002da0       ___vba@06C5E5F0            00403da0     midtest.OBJ
 0001:00002db0       ___vba@06C5E608            00403db0     midtest.OBJ
 0001:00002dc4       ___vba@06C5E61C            00403dc4     midtest.OBJ
 0001:00002dd4       ___vba@06C5E634            00403dd4     midtest.OBJ
 0001:00002de8       ___vba@06C5EF4C            00403de8     midtest.OBJ
 0001:00002df8       ___vba@06C5EF98            00403df8     midtest.OBJ
 0001:00002e08       ___vba@06C5EFE4            00403e08     midtest.OBJ
 0001:00002e14       ___vba@06C5F02C            00403e14     midtest.OBJ
 0001:00002e24       ___vba@06C5F078            00403e24     midtest.OBJ
 0001:00002e30       ___vba@06C5F0C0            00403e30     midtest.OBJ
 0001:00002e3c       ___vba@06C5F174            00403e3c     midtest.OBJ
 0001:00002e48       ___vba@06C5F1BC            00403e48     midtest.OBJ
 0001:00002e58       ___vba@06C5F208            00403e58     midtest.OBJ
 0001:00002e68       ___vba@06C5F254            00403e68     midtest.OBJ
 0001:00002e74       ___vba@06C5F29C            00403e74     midtest.OBJ
 0001:00002e88       ___vba@06C5F2EC            00403e88     midtest.OBJ
 0001:00002e98       ___vba@06C5F39C            00403e98     midtest.OBJ
 0001:00002ea4       ___vba@06C5F3E4            00403ea4     midtest.OBJ
 0001:00002eb4       ___vba@06C5F430            00403eb4     midtest.OBJ
 0001:00002ec8       ___vba@06C5F480            00403ec8     midtest.OBJ
 0001:00002edc       ___vba@06C5F4D0            00403edc     midtest.OBJ
 0001:00002ef0       ___vba@06C5F5C4            00403ef0     midtest.OBJ
 0001:00002efc       ___vba@06C5F60C            00403efc     midtest.OBJ
 0001:00002f08       ___vba@06C5F654            00403f08     midtest.OBJ
 0001:00002f18       ___vba@007F3CCC            00403f18     midtest.OBJ
 0001:0000f64c       ___vba@007F3AA4            0041064c     midtest.OBJ
 0001:0000f68c       ___vba@007F3EF4            0041068c     midtest.OBJ
 0001:0000f734       ___vba@007F5AFC            00410734     midtest.OBJ
 0001:0000f75c       ___vba@007F5B28            0041075c     midtest.OBJ
 0001:0000f768       ___vba@007F5B38            00410768     midtest.OBJ
 0001:0000f774       ___vba@007F5B48            00410774     midtest.OBJ
 0001:0000f780       ___vba@007F5B58            00410780     midtest.OBJ
 0001:0000f78c       ___vba@007F5B68            0041078c     midtest.OBJ
 0001:0000f798       ___vba@007F5B78            00410798     midtest.OBJ
 0001:0000f7a4       ___vba@007F5B88            004107a4     midtest.OBJ
 0001:0000f7b0       ___vba@007F5B98            004107b0     midtest.OBJ
 0001:0000f7b4       ___vba@007F5BA0            004107b4     midtest.OBJ
 0001:0000f850       VB@BTXT                    00410850     midtest.OBJ
 0001:0000f860       ?Command1_Click@midwordtest@@AAGXXZ 00410860 f   midwordtest.OBJ
 0001:00014d60       ?Command2_Click@midwordtest@@AAGXXZ 00415d60 f   midwordtest.OBJ
 0001:00014fa0       ?drawForm@VSKIN@@AAGXXZ    00415fa0 f   VSKIN.OBJ
 0001:00016f00       ?UserControl_DblClick@VSKIN@@AAGXXZ 00417f00 f   VSKIN.OBJ
 0001:000176b0       ?drawButtons@VSKIN@@AAGXXZ 004186b0 f   VSKIN.OBJ
 0001:000192e0       ?UserControl_Initialize@VSKIN@@AAGXXZ 0041a2e0 f   VSKIN.OBJ
 0001:00019370       ?UserControl_MouseDown@VSKIN@@AAGXXZ 0041a370 f   VSKIN.OBJ
 0001:000198e0       ?UserControl_MouseMove@VSKIN@@AAGXXZ 0041a8e0 f   VSKIN.OBJ
 0001:0001a530       ?UserControl_MouseUp@VSKIN@@AAGXXZ 0041b530 f   VSKIN.OBJ
 0001:0001ad80       ?UserControl_Paint@VSKIN@@AAGXXZ 0041bd80 f   VSKIN.OBJ
 0001:0001ae10       ?UserControl_Resize@VSKIN@@AAGXXZ 0041be10 f   VSKIN.OBJ
 0001:0001aea0       ?UserControl_ReadProperties@VSKIN@@AAGXXZ 0041bea0 f   VSKIN.OBJ
 0001:0001b050       ?UserControl_WriteProperties@VSKIN@@AAGXXZ 0041c050 f   VSKIN.OBJ
 0001:0001b190       ?Caption__Get@VSKIN@@AAGXXZ 0041c190 f   VSKIN.OBJ
 0001:0001b220       ?Caption__Let@VSKIN@@AAGXXZ 0041c220 f   VSKIN.OBJ
 0001:0001b2b0       ?Resize__Get@VSKIN@@AAGXXZ 0041c2b0 f   VSKIN.OBJ
 0001:0001b320       ?Resize__Let@VSKIN@@AAGXXZ 0041c320 f   VSKIN.OBJ
 0001:0001b3f0       VB@ETXT                    0041c3f0     midtest.OBJ
 0002:00000000       __adjust_fdiv              0041d000     VBAEXE6:natsupp.obj
 0002:00000008       VB@BSS                     0041d008     midtest.OBJ
 0002:00000010       ___vba@007F56E0            0041d010     midtest.OBJ
 0002:00000024       ___vba@007F56C8            0041d024     midtest.OBJ
 0002:00000354       ___vba@007F5F84            0041d354     midtest.OBJ
 0002:00000404       ___vba@06C542F4            0041d404     midtest.OBJ
 0002:00000b10       ___vba@06C7A1BC            0041db10     midtest.OBJ

 entry point at        0001:000004c0

 Static symbols

