 midte

 Timestamp is 53534470 (Sun Apr 20 12:52:16 2014)

 Preferred load address is 00400000

 Start         Length     Name                   Class
 0001:00000000 00000118H .idata$5                CODE
 0001:00000118 00000228H .rdata                  CODE
 0001:00000340 0000de38H .text                   CODE
 0001:0000e180 00000004H .text$0                 CODE
 0001:0000e190 00006fe0H .text$1                 CODE
 0001:00015170 00000004H .text$2                 CODE
 0001:00015174 00000014H .idata$2                CODE
 0001:00015188 00000014H .idata$3                CODE
 0001:0001519c 00000118H .idata$4                CODE
 0001:000152b4 0000042cH .idata$6                CODE
 0001:000156e0 00000000H .edata                  CODE
 0002:00000000 00000004H .data                   DATA
 0002:00000008 000012d0H .bss                    DATA
 0003:00000000 00000118H .rsrc$01                DATA
 0003:00000120 000009c8H .rsrc$02                DATA

  Address         Publics by Value              Rva+Base     Lib:Object

 0001:00000000       __imp____vbaVarSub         00401000     midte1.OBJ
 0001:00000000       __imp_@__vbaVarSub         00401000     midte1.OBJ
 0001:00000004       __imp___CIcos              00401004     midte1.OBJ
 0001:00000008       __imp___adj_fptan          00401008     midte1.OBJ
 0001:0000000c       __imp_@__vbaVarMove        0040100c     midte1.OBJ
 0001:0000000c       __imp____vbaVarMove        0040100c     midte1.OBJ
 0001:00000010       __imp_@__vbaFreeVar        00401010     midte1.OBJ
 0001:00000010       __imp____vbaFreeVar        00401010     midte1.OBJ
 0001:00000014       __imp_@__vbaStrVarMove     00401014     midte1.OBJ
 0001:00000014       __imp____vbaStrVarMove     00401014     midte1.OBJ
 0001:00000018       __imp_@__vbaFreeVarList    00401018     midte1.OBJ
 0001:00000018       __imp____vbaFreeVarList    00401018     midte1.OBJ
 0001:0000001c       __imp____vbaEnd            0040101c     midte1.OBJ
 0001:0000001c       __imp_@__vbaEnd            0040101c     midte1.OBJ
 0001:00000020       __imp___adj_fdiv_m64       00401020     midte1.OBJ
 0001:00000024       __imp____vbaFreeObjList    00401024     midte1.OBJ
 0001:00000024       __imp_@__vbaFreeObjList    00401024     midte1.OBJ
 0001:00000028       __imp___adj_fprem1         00401028     midte1.OBJ
 0001:0000002c       __imp_@__vbaStrCat         0040102c     midte1.OBJ
 0001:0000002c       __imp____vbaStrCat         0040102c     midte1.OBJ
 0001:00000030       __imp____vbaSetSystemError 00401030     midte1.OBJ
 0001:00000030       __imp_@__vbaSetSystemError 00401030     midte1.OBJ
 0001:00000034       __imp____vbaHresultCheckObj 00401034     midte1.OBJ
 0001:00000034       __imp_@__vbaHresultCheckObj 00401034     midte1.OBJ
 0001:00000038       __imp___adj_fdiv_m32       00401038     midte1.OBJ
 0001:0000003c       __imp_@__vbaVarTstLe       0040103c     midte1.OBJ
 0001:0000003c       __imp____vbaVarTstLe       0040103c     midte1.OBJ
 0001:00000040       __imp_@__vbaLateMemSt      00401040     midte1.OBJ
 0001:00000040       __imp____vbaLateMemSt      00401040     midte1.OBJ
 0001:00000044       __imp____vbaOnError        00401044     midte1.OBJ
 0001:00000044       __imp_@__vbaOnError        00401044     midte1.OBJ
 0001:00000048       __imp_@__vbaObjSet         00401048     midte1.OBJ
 0001:00000048       __imp____vbaObjSet         00401048     midte1.OBJ
 0001:0000004c       __imp___adj_fdiv_m16i      0040104c     midte1.OBJ
 0001:00000050       __imp___adj_fdivr_m16i     00401050     midte1.OBJ
 0001:00000054       __imp_@__vbaFpR4           00401054     midte1.OBJ
 0001:00000054       __imp____vbaFpR4           00401054     midte1.OBJ
 0001:00000058       __imp____vbaBoolVar        00401058     midte1.OBJ
 0001:00000058       __imp_@__vbaBoolVar        00401058     midte1.OBJ
 0001:0000005c       __imp_@__vbaBoolVarNull    0040105c     midte1.OBJ
 0001:0000005c       __imp____vbaBoolVarNull    0040105c     midte1.OBJ
 0001:00000060       __imp____vbaFpR8           00401060     midte1.OBJ
 0001:00000060       __imp_@__vbaFpR8           00401060     midte1.OBJ
 0001:00000064       __imp___CIsin              00401064     midte1.OBJ
 0001:00000068       __imp____vbaChkstk         00401068     midte1.OBJ
 0001:00000070       __imp____vbaStrCmp         00401070     midte1.OBJ
 0001:00000070       __imp_@__vbaStrCmp         00401070     midte1.OBJ
 0001:00000074       __imp____vbaI2I4           00401074     midte1.OBJ
 0001:00000074       __imp_@__vbaI2I4           00401074     midte1.OBJ
 0001:0000007c       __imp___adj_fpatan         0040107c     midte1.OBJ
 0001:00000080       __imp____vbaR4Var          00401080     midte1.OBJ
 0001:00000080       __imp_@__vbaR4Var          00401080     midte1.OBJ
 0001:00000088       __imp_@__vba@067DFACC      00401088     midte1.OBJ
 0001:00000088       __imp____vba@067DFACC      00401088     midte1.OBJ
 0001:0000008c       __imp___CIsqrt             0040108c     midte1.OBJ
 0001:00000090       __imp_@__vbaVarAnd         00401090     midte1.OBJ
 0001:00000090       __imp____vbaVarAnd         00401090     midte1.OBJ
 0001:00000098       __imp____vbaExceptHandler  00401098     midte1.OBJ
 0001:0000009c       __imp____vbaStrToUnicode   0040109c     midte1.OBJ
 0001:0000009c       __imp_@__vbaStrToUnicode   0040109c     midte1.OBJ
 0001:000000a0       __imp___adj_fprem          004010a0     midte1.OBJ
 0001:000000a4       __imp___adj_fdivr_m64      004010a4     midte1.OBJ
 0001:000000a8       __imp____vbaVarDiv         004010a8     midte1.OBJ
 0001:000000a8       __imp_@__vbaVarDiv         004010a8     midte1.OBJ
 0001:000000ac       __imp____vbaVarCmpLe       004010ac     midte1.OBJ
 0001:000000ac       __imp_@__vbaVarCmpLe       004010ac     midte1.OBJ
 0001:000000b0       __imp____vbaFPException    004010b0     midte1.OBJ
 0001:000000b4       __imp_@__vba@064BFD1C      004010b4     midte1.OBJ
 0001:000000b4       __imp____vba@064BFD1C      004010b4     midte1.OBJ
 0001:000000b8       __imp___CIlog              004010b8     midte1.OBJ
 0001:000000bc       __imp_@__vbaErrorOverflow  004010bc     midte1.OBJ
 0001:000000bc       __imp____vbaErrorOverflow  004010bc     midte1.OBJ
 0001:000000c0       __imp____vbaNew2           004010c0     midte1.OBJ
 0001:000000c0       __imp_@__vbaNew2           004010c0     midte1.OBJ
 0001:000000c4       __imp___adj_fdiv_m32i      004010c4     midte1.OBJ
 0001:000000c8       __imp___adj_fdivr_m32i     004010c8     midte1.OBJ
 0001:000000cc       __imp____vbaStrCopy        004010cc     midte1.OBJ
 0001:000000cc       __imp_@__vbaStrCopy        004010cc     midte1.OBJ
 0001:000000d0       __imp_@__vbaVarCmpLt       004010d0     midte1.OBJ
 0001:000000d0       __imp____vbaVarCmpLt       004010d0     midte1.OBJ
 0001:000000d4       __imp____vbaFreeStrList    004010d4     midte1.OBJ
 0001:000000d4       __imp_@__vbaFreeStrList    004010d4     midte1.OBJ
 0001:000000d8       __imp___adj_fdivr_m32      004010d8     midte1.OBJ
 0001:000000dc       __imp___adj_fdiv_r         004010dc     midte1.OBJ
 0001:000000e4       __imp_@__vbaI4Var          004010e4     midte1.OBJ
 0001:000000e4       __imp____vbaI4Var          004010e4     midte1.OBJ
 0001:000000e8       __imp____vbaStrToAnsi      004010e8     midte1.OBJ
 0001:000000e8       __imp_@__vbaStrToAnsi      004010e8     midte1.OBJ
 0001:000000ec       __imp____vbaFpI4           004010ec     midte1.OBJ
 0001:000000ec       __imp_@__vbaFpI4           004010ec     midte1.OBJ
 0001:000000f0       __imp_@__vbaLateMemCallLd  004010f0     midte1.OBJ
 0001:000000f0       __imp____vbaLateMemCallLd  004010f0     midte1.OBJ
 0001:000000f4       __imp___CIatan             004010f4     midte1.OBJ
 0001:000000f8       __imp____vbaStrMove        004010f8     midte1.OBJ
 0001:000000f8       __imp_@__vbaStrMove        004010f8     midte1.OBJ
 0001:000000fc       __imp___allmul             004010fc     midte1.OBJ
 0001:00000100       __imp____vbaLenVarB        00401100     midte1.OBJ
 0001:00000100       __imp_@__vbaLenVarB        00401100     midte1.OBJ
 0001:00000104       __imp___CItan              00401104     midte1.OBJ
 0001:00000108       __imp___CIexp              00401108     midte1.OBJ
 0001:0000010c       __imp_@__vbaFreeObj        0040110c     midte1.OBJ
 0001:0000010c       __imp____vbaFreeObj        0040110c     midte1.OBJ
 0001:00000110       __imp____vbaFreeStr        00401110     midte1.OBJ
 0001:00000110       __imp_@__vbaFreeStr        00401110     midte1.OBJ
 0001:000001e4       __real@4@4003d000000000000000 004011e4     VSKIN.OBJ
 0001:000001e8       __real@4@40039000000000000000 004011e8     VSKIN.OBJ
 0001:000001ec       __real@4@4002a000000000000000 004011ec     VSKIN.OBJ
 0001:000001f0       __real@4@4002f000000000000000 004011f0     VSKIN.OBJ
 0001:000001f4       __real@4@4003a000000000000000 004011f4     VSKIN.OBJ
 0001:00000220       __real@4@4003f000000000000000 00401220     VSKIN.OBJ
 0001:00000228       __real@8@4000c000000000000000 00401228     VSKIN.OBJ
 0001:000002d8       __real@4@00000000000000000000 004012d8     VSKIN.OBJ
 0001:000002dc       __real@4@40038000000000000000 004012dc     VSKIN.OBJ
 0001:00000340       VB@TEXT                    00401340     midte1.OBJ
 0001:00000340       ___vbaChkstk               00401340     midte1.OBJ
 0001:00000346       ___vbaExceptHandler        00401346     midte1.OBJ
 0001:0000034c       ___vbaFPException          0040134c     midte1.OBJ
 0001:00000352       __adj_fdiv_m16i            00401352     midte1.OBJ
 0001:00000358       __adj_fdiv_m32             00401358     midte1.OBJ
 0001:0000035e       __adj_fdiv_m32i            0040135e     midte1.OBJ
 0001:00000364       __adj_fdiv_m64             00401364     midte1.OBJ
 0001:0000036a       __adj_fdiv_r               0040136a     midte1.OBJ
 0001:00000370       __adj_fdivr_m16i           00401370     midte1.OBJ
 0001:00000376       __adj_fdivr_m32            00401376     midte1.OBJ
 0001:0000037c       __adj_fdivr_m32i           0040137c     midte1.OBJ
 0001:00000382       __adj_fdivr_m64            00401382     midte1.OBJ
 0001:00000388       __adj_fpatan               00401388     midte1.OBJ
 0001:0000038e       __adj_fprem                0040138e     midte1.OBJ
 0001:00000394       __adj_fprem1               00401394     midte1.OBJ
 0001:0000039a       __adj_fptan                0040139a     midte1.OBJ
 0001:000003a0       __CIatan                   004013a0     midte1.OBJ
 0001:000003a6       __CIcos                    004013a6     midte1.OBJ
 0001:000003ac       __CIexp                    004013ac     midte1.OBJ
 0001:000003b2       __CIlog                    004013b2     midte1.OBJ
 0001:000003b8       __CIsin                    004013b8     midte1.OBJ
 0001:000003be       __CIsqrt                   004013be     midte1.OBJ
 0001:000003c4       __CItan                    004013c4     midte1.OBJ
 0001:000003ca       __allmul                   004013ca     midte1.OBJ
 0001:000003d0       @__vbaFreeObjList          004013d0     midte1.OBJ
 0001:000003d0       ___vbaFreeObjList          004013d0     midte1.OBJ
 0001:000003d6       @__vbaFreeStr              004013d6     midte1.OBJ
 0001:000003d6       ___vbaFreeStr              004013d6     midte1.OBJ
 0001:000003dc       @__vbaStrCmp               004013dc     midte1.OBJ
 0001:000003dc       ___vbaStrCmp               004013dc     midte1.OBJ
 0001:000003e2       ___vbaObjSet               004013e2     midte1.OBJ
 0001:000003e2       @__vbaObjSet               004013e2     midte1.OBJ
 0001:000003e8       ___vbaEnd                  004013e8     midte1.OBJ
 0001:000003e8       @__vbaEnd                  004013e8     midte1.OBJ
 0001:000003ee       ___vbaFreeVar              004013ee     midte1.OBJ
 0001:000003ee       @__vbaFreeVar              004013ee     midte1.OBJ
 0001:000003f4       @__vbaFreeObj              004013f4     midte1.OBJ
 0001:000003f4       ___vbaFreeObj              004013f4     midte1.OBJ
 0001:000003fa       @__vbaFreeStrList          004013fa     midte1.OBJ
 0001:000003fa       ___vbaFreeStrList          004013fa     midte1.OBJ
 0001:00000400       ___vbaHresultCheckObj      00401400     midte1.OBJ
 0001:00000400       @__vbaHresultCheckObj      00401400     midte1.OBJ
 0001:00000406       ___vbaNew2                 00401406     midte1.OBJ
 0001:00000406       @__vbaNew2                 00401406     midte1.OBJ
 0001:0000040c       ___vbaStrMove              0040140c     midte1.OBJ
 0001:0000040c       @__vbaStrMove              0040140c     midte1.OBJ
 0001:00000412       @__vbaStrCat               00401412     midte1.OBJ
 0001:00000412       ___vbaStrCat               00401412     midte1.OBJ
 0001:00000418       @__vba@067DFACC            00401418     midte1.OBJ
 0001:00000418       ___vba@067DFACC            00401418     midte1.OBJ
 0001:00000424       ___vbaBoolVar              00401424     midte1.OBJ
 0001:00000424       @__vbaBoolVar              00401424     midte1.OBJ
 0001:0000042a       @__vbaStrVarMove           0040142a     midte1.OBJ
 0001:0000042a       ___vbaStrVarMove           0040142a     midte1.OBJ
 0001:00000430       ___vbaStrCopy              00401430     midte1.OBJ
 0001:00000430       @__vbaStrCopy              00401430     midte1.OBJ
 0001:00000436       ___vbaVarDiv               00401436     midte1.OBJ
 0001:00000436       @__vbaVarDiv               00401436     midte1.OBJ
 0001:0000043c       ___vbaVarCmpLe             0040143c     midte1.OBJ
 0001:0000043c       @__vbaVarCmpLe             0040143c     midte1.OBJ
 0001:00000442       ___vbaFpR4                 00401442     midte1.OBJ
 0001:00000442       @__vbaFpR4                 00401442     midte1.OBJ
 0001:00000448       ___vbaI2I4                 00401448     midte1.OBJ
 0001:00000448       @__vbaI2I4                 00401448     midte1.OBJ
 0001:0000044e       ___vbaFpR8                 0040144e     midte1.OBJ
 0001:0000044e       @__vbaFpR8                 0040144e     midte1.OBJ
 0001:00000454       @__vbaVarSub               00401454     midte1.OBJ
 0001:00000454       ___vbaVarSub               00401454     midte1.OBJ
 0001:0000045a       @__vbaVarTstLe             0040145a     midte1.OBJ
 0001:0000045a       ___vbaVarTstLe             0040145a     midte1.OBJ
 0001:00000460       ___vbaVarCmpLt             00401460     midte1.OBJ
 0001:00000460       @__vbaVarCmpLt             00401460     midte1.OBJ
 0001:00000466       ___vbaVarAnd               00401466     midte1.OBJ
 0001:00000466       @__vbaVarAnd               00401466     midte1.OBJ
 0001:0000046c       ___vbaBoolVarNull          0040146c     midte1.OBJ
 0001:0000046c       @__vbaBoolVarNull          0040146c     midte1.OBJ
 0001:00000472       ___vbaVarMove              00401472     midte1.OBJ
 0001:00000472       @__vbaVarMove              00401472     midte1.OBJ
 0001:00000478       ___vbaErrorOverflow        00401478     midte1.OBJ
 0001:00000478       @__vbaErrorOverflow        00401478     midte1.OBJ
 0001:0000047e       @__vbaR4Var                0040147e     midte1.OBJ
 0001:0000047e       ___vbaR4Var                0040147e     midte1.OBJ
 0001:00000484       ___vbaLateMemSt            00401484     midte1.OBJ
 0001:00000484       @__vbaLateMemSt            00401484     midte1.OBJ
 0001:0000048a       @__vbaLateMemCallLd        0040148a     midte1.OBJ
 0001:0000048a       ___vbaLateMemCallLd        0040148a     midte1.OBJ
 0001:00000490       @__vbaFreeVarList          00401490     midte1.OBJ
 0001:00000490       ___vbaFreeVarList          00401490     midte1.OBJ
 0001:00000496       @__vbaStrToUnicode         00401496     midte1.OBJ
 0001:00000496       ___vbaStrToUnicode         00401496     midte1.OBJ
 0001:0000049c       @__vbaStrToAnsi            0040149c     midte1.OBJ
 0001:0000049c       ___vbaStrToAnsi            0040149c     midte1.OBJ
 0001:000004a2       ___vba@064BFD1C            004014a2     midte1.OBJ
 0001:000004a2       @__vba@064BFD1C            004014a2     midte1.OBJ
 0001:000004a8       ___vbaLenVarB              004014a8     midte1.OBJ
 0001:000004a8       @__vbaLenVarB              004014a8     midte1.OBJ
 0001:000004ae       ___vbaI4Var                004014ae     midte1.OBJ
 0001:000004ae       @__vbaI4Var                004014ae     midte1.OBJ
 0001:000004b4       @__vbaFpI4                 004014b4     midte1.OBJ
 0001:000004b4       ___vbaFpI4                 004014b4     midte1.OBJ
 0001:000004ba       ___vbaSetSystemError       004014ba     midte1.OBJ
 0001:000004ba       @__vbaSetSystemError       004014ba     midte1.OBJ
 0001:000004c0       ___vbaOnError              004014c0     midte1.OBJ
 0001:000004c0       @__vbaOnError              004014c0     midte1.OBJ
 0001:000004e0       ___vbaS                    004014e0     midte1.OBJ
 0001:000018c4       ___vba@067E0E34            004028c4     midte1.OBJ
 0001:00001cb4       ___vba@067E718C            00402cb4     midte1.OBJ
 0001:00001dd8       ___vba@067E71E4            00402dd8     midte1.OBJ
 0001:00001de0       ___vba@067E71F0            00402de0     midte1.OBJ
 0001:00001de8       ___vba@067E71FC            00402de8     midte1.OBJ
 0001:00001df4       ___vba@067E720C            00402df4     midte1.OBJ
 0001:00001e04       ___vba@067E7220            00402e04     midte1.OBJ
 0001:00001e14       ___vba@067E7234            00402e14     midte1.OBJ
 0001:00001e24       ___vba@067E7248            00402e24     midte1.OBJ
 0001:00001e34       ___vba@067E725C            00402e34     midte1.OBJ
 0001:00001e44       ___vba@067E7270            00402e44     midte1.OBJ
 0001:00001e4c       ___vba@067E727C            00402e4c     midte1.OBJ
 0001:00001e5c       ___vba@067E7290            00402e5c     midte1.OBJ
 0001:00001e98       ___vba@067E72D0            00402e98     midte1.OBJ
 0001:00001e9c       ___vba@067E72D8            00402e9c     midte1.OBJ
 0001:00001ec4       ___vba@067E7304            00402ec4     midte1.OBJ
 0001:00001ecc       ___vba@067E7310            00402ecc     midte1.OBJ
 0001:00001ed4       ___vba@067E731C            00402ed4     midte1.OBJ
 0001:00001edc       ___vba@067E7328            00402edc     midte1.OBJ
 0001:00001ee4       ___vba@067E7334            00402ee4     midte1.OBJ
 0001:00001eec       ___vba@067E7340            00402eec     midte1.OBJ
 0001:00001ef4       ___vba@067E734C            00402ef4     midte1.OBJ
 0001:00001efc       ___vba@067E7358            00402efc     midte1.OBJ
 0001:00001f04       ___vba@067E7364            00402f04     midte1.OBJ
 0001:00001f14       ___vba@067E7378            00402f14     midte1.OBJ
 0001:00001f1c       ___vba@067DEDDC            00402f1c     midte1.OBJ
 0001:00001f24       ___vba@067DEDE8            00402f24     midte1.OBJ
 0001:00001f2c       ___vba@067DEDF4            00402f2c     midte1.OBJ
 0001:00001f3c       ___vba@067DEE08            00402f3c     midte1.OBJ
 0001:00001f48       ___vba@067DEE18            00402f48     midte1.OBJ
 0001:00001f54       ___vba@067DEE28            00402f54     midte1.OBJ
 0001:00001f64       ___vba@067DEE3C            00402f64     midte1.OBJ
 0001:00001f6c       ___vba@067DEE48            00402f6c     midte1.OBJ
 0001:00001f7c       ___vba@067DEE5C            00402f7c     midte1.OBJ
 0001:00001f84       ___vba@067DEE68            00402f84     midte1.OBJ
 0001:00001f8c       ___vba@067DEE74            00402f8c     midte1.OBJ
 0001:00001f94       ___vba@067DEE80            00402f94     midte1.OBJ
 0001:00001f9c       ___vba@067DEE8C            00402f9c     midte1.OBJ
 0001:00001fa4       ___vba@067DEE98            00402fa4     midte1.OBJ
 0001:00001fac       ___vba@067DEEA4            00402fac     midte1.OBJ
 0001:00001fb4       ___vba@067DEEB0            00402fb4     midte1.OBJ
 0001:00001fc0       ___vba@067DEEC0            00402fc0     midte1.OBJ
 0001:00001fd0       ___vba@067DEED4            00402fd0     midte1.OBJ
 0001:00001fe0       ___vba@067DEEE8            00402fe0     midte1.OBJ
 0001:00001ff0       ___vba@067DEEFC            00402ff0     midte1.OBJ
 0001:00002004       ___vba@067DEF10            00403004     midte1.OBJ
 0001:0000200c       ___vba@067DEF1C            0040300c     midte1.OBJ
 0001:00002020       ___vba@067DEF38            00403020     midte1.OBJ
 0001:00002030       ___vba@067DEF4C            00403030     midte1.OBJ
 0001:00002044       ___vba@067DEF60            00403044     midte1.OBJ
 0001:00002054       ___vba@067DEF74            00403054     midte1.OBJ
 0001:00002060       ___vba@067DEF84            00403060     midte1.OBJ
 0001:0000206c       ___vba@067DEF94            0040306c     midte1.OBJ
 0001:0000207c       ___vba@067DEFA8            0040307c     midte1.OBJ
 0001:00002088       ___vba@067DEFB8            00403088     midte1.OBJ
 0001:0000209c       ___vba@067E0594            0040309c     midte1.OBJ
 0001:000020ac       ___vba@067E05A8            004030ac     midte1.OBJ
 0001:000020b8       ___vba@067E05BC            004030b8     midte1.OBJ
 0001:000020c4       ___vba@067E05CC            004030c4     midte1.OBJ
 0001:000020d8       ___vba@067E061C            004030d8     midte1.OBJ
 0001:000020e8       ___vba@067E0668            004030e8     midte1.OBJ
 0001:000020f4       ___vba@067E06B0            004030f4     midte1.OBJ
 0001:00002100       ___vba@067E06F8            00403100     midte1.OBJ
 0001:0000210c       ___vba@067E0740            0040310c     midte1.OBJ
 0001:0000211c       ___vba@067E09E4            0040311c     midte1.OBJ
 0001:0000212c       ___vba@067E0A30            0040312c     midte1.OBJ
 0001:00002140       ___vba@067E0A80            00403140     midte1.OBJ
 0001:00002158       ___vba@067E0AD4            00403158     midte1.OBJ
 0001:0000216c       ___vba@067E0B28            0040316c     midte1.OBJ
 0001:0000217c       ___vba@067E0B74            0040317c     midte1.OBJ
 0001:00002188       ___vba@067E0BBC            00403188     midte1.OBJ
 0001:0000219c       ___vba@067DFB04            0040319c     midte1.OBJ
 0001:000021ac       ___vba@067DFB18            004031ac     midte1.OBJ
 0001:000021bc       ___vba@067DFB2C            004031bc     midte1.OBJ
 0001:000021cc       ___vba@067DFB40            004031cc     midte1.OBJ
 0001:000021dc       ___vba@067DFB54            004031dc     midte1.OBJ
 0001:000021ec       ___vba@067DFB68            004031ec     midte1.OBJ
 0001:000021fc       ___vba@067DFB7C            004031fc     midte1.OBJ
 0001:00002208       ___vba@067DFB8C            00403208     midte1.OBJ
 0001:00002218       ___vba@067DFBA0            00403218     midte1.OBJ
 0001:00002224       ___vba@067DFBB0            00403224     midte1.OBJ
 0001:00002230       ___vba@067DFBC0            00403230     midte1.OBJ
 0001:0000223c       ___vba@067DFBD0            0040323c     midte1.OBJ
 0001:0000224c       ___vba@067DFBE0            0040324c     midte1.OBJ
 0001:0000225c       ___vba@067DFBF4            0040325c     midte1.OBJ
 0001:00002284       ___vba@067DFC0C            00403284     midte1.OBJ
 0001:000022a4       ___vba@067DFC44            004032a4     midte1.OBJ
 0001:000022cc       ___vba@067DFC5C            004032cc     midte1.OBJ
 0001:000022ec       ___vba@067DFC94            004032ec     midte1.OBJ
 0001:000022f8       ___vba@067DFCA4            004032f8     midte1.OBJ
 0001:00002328       ___vba@067DF67C            00403328     midte1.OBJ
 0001:00002348       ___vba@067DF6B4            00403348     midte1.OBJ
 0001:00002358       ___vba@067DF6C8            00403358     midte1.OBJ
 0001:0000237c       ___vba@067DF6DC            0040337c     midte1.OBJ
 0001:0000239c       ___vba@067DF714            0040339c     midte1.OBJ
 0001:000023c0       ___vba@067DF728            004033c0     midte1.OBJ
 0001:000023e0       ___vba@067DF760            004033e0     midte1.OBJ
 0001:00002400       ___vba@067DF770            00403400     midte1.OBJ
 0001:00002420       ___vba@067DF7A8            00403420     midte1.OBJ
 0001:00002448       ___vba@067DF7C0            00403448     midte1.OBJ
 0001:00002468       ___vba@067DF7F8            00403468     midte1.OBJ
 0001:0000248c       ___vba@067DF80C            0040348c     midte1.OBJ
 0001:000024ac       ___vba@067DF844            004034ac     midte1.OBJ
 0001:000024b8       ___vba@067DF858            004034b8     midte1.OBJ
 0001:000024dc       ___vba@067E0144            004034dc     midte1.OBJ
 0001:000024fc       ___vba@067E017C            004034fc     midte1.OBJ
 0001:00002524       ___vba@067E0194            00403524     midte1.OBJ
 0001:00002544       ___vba@067E01CC            00403544     midte1.OBJ
 0001:0000256c       ___vba@067E01E4            0040356c     midte1.OBJ
 0001:00002588       ___vba@067E021C            00403588     midte1.OBJ
 0001:00002594       ___vba@067E022C            00403594     midte1.OBJ
 0001:000025a0       ___vba@067E023C            004035a0     midte1.OBJ
 0001:000025a8       ___vba@067E0248            004035a8     midte1.OBJ
 0001:000025b0       ___vba@067E0254            004035b0     midte1.OBJ
 0001:000025c0       ___vba@067E0268            004035c0     midte1.OBJ
 0001:000025d0       ___vba@067E027C            004035d0     midte1.OBJ
 0001:000025dc       ___vba@067E028C            004035dc     midte1.OBJ
 0001:000025e8       ___vba@067E029C            004035e8     midte1.OBJ
 0001:000025f0       ___vba@067E02A8            004035f0     midte1.OBJ
 0001:00002600       ___vba@067E02BC            00403600     midte1.OBJ
 0001:0000260c       ___vba@067E02CC            0040360c     midte1.OBJ
 0001:00002628       ___vba@067E02E8            00403628     midte1.OBJ
 0001:00002638       ___vba@067E0300            00403638     midte1.OBJ
 0001:0000264c       ___vba@067E0314            0040364c     midte1.OBJ
 0001:0000265c       ___vba@067E032C            0040365c     midte1.OBJ
 0001:00002670       ___vba@064C016C            00403670     midte1.OBJ
 0001:00002680       ___vba@064C01B8            00403680     midte1.OBJ
 0001:00002690       ___vba@064C0204            00403690     midte1.OBJ
 0001:0000269c       ___vba@064C024C            0040369c     midte1.OBJ
 0001:000026ac       ___vba@064C0298            004036ac     midte1.OBJ
 0001:000026b8       ___vba@064C02E0            004036b8     midte1.OBJ
 0001:000026c4       ___vba@064C05BC            004036c4     midte1.OBJ
 0001:000026d0       ___vba@064C0604            004036d0     midte1.OBJ
 0001:000026e0       ___vba@064C0650            004036e0     midte1.OBJ
 0001:000026f0       ___vba@064C069C            004036f0     midte1.OBJ
 0001:000026fc       ___vba@064C06E4            004036fc     midte1.OBJ
 0001:00002710       ___vba@064C0734            00403710     midte1.OBJ
 0001:00002720       ___vba@064C07E4            00403720     midte1.OBJ
 0001:0000272c       ___vba@064C082C            0040372c     midte1.OBJ
 0001:0000273c       ___vba@064C0878            0040373c     midte1.OBJ
 0001:00002750       ___vba@064C08C8            00403750     midte1.OBJ
 0001:00002764       ___vba@064C0918            00403764     midte1.OBJ
 0001:00002778       ___vba@064C0968            00403778     midte1.OBJ
 0001:00002788       ___vba@064BFD54            00403788     midte1.OBJ
 0001:00002798       ___vba@064BFDA0            00403798     midte1.OBJ
 0001:000027a4       ___vba@064BFDE8            004037a4     midte1.OBJ
 0001:000027b0       ___vba@064BFE30            004037b0     midte1.OBJ
 0001:000027c4       ___vba@064BFE80            004037c4     midte1.OBJ
 0001:000027d4       ___vba@067DF8A4            004037d4     midte1.OBJ
 0001:0000df78       ___vba@067DE314            0040ef78     midte1.OBJ
 0001:0000dfb8       ___vba@067E1284            0040efb8     midte1.OBJ
 0001:0000e060       ___vba@067DE53C            0040f060     midte1.OBJ
 0001:0000e088       ___vba@067DE568            0040f088     midte1.OBJ
 0001:0000e094       ___vba@067DE578            0040f094     midte1.OBJ
 0001:0000e0a0       ___vba@067DE588            0040f0a0     midte1.OBJ
 0001:0000e0ac       ___vba@067DE598            0040f0ac     midte1.OBJ
 0001:0000e0b8       ___vba@067DE5A8            0040f0b8     midte1.OBJ
 0001:0000e0c4       ___vba@067DE5B8            0040f0c4     midte1.OBJ
 0001:0000e0d0       ___vba@067DE5C8            0040f0d0     midte1.OBJ
 0001:0000e0dc       ___vba@067DE5D8            0040f0dc     midte1.OBJ
 0001:0000e0e0       ___vba@067DE5E0            0040f0e0     midte1.OBJ
 0001:0000e180       VB@BTXT                    0040f180     midte1.OBJ
 0001:0000e190       ?Command1_Click@midte@@AAGXXZ 0040f190 f   midte.OBJ
 0001:0000e300       ?Command2_Click@midte@@AAGXXZ 0040f300 f   midte.OBJ
 0001:0000ed20       ?drawForm@VSKIN@@AAGXXZ    0040fd20 f   VSKIN.OBJ
 0001:00010c80       ?UserControl_DblClick@VSKIN@@AAGXXZ 00411c80 f   VSKIN.OBJ
 0001:00011430       ?drawButtons@VSKIN@@AAGXXZ 00412430 f   VSKIN.OBJ
 0001:00013060       ?UserControl_Initialize@VSKIN@@AAGXXZ 00414060 f   VSKIN.OBJ
 0001:000130f0       ?UserControl_MouseDown@VSKIN@@AAGXXZ 004140f0 f   VSKIN.OBJ
 0001:00013660       ?UserControl_MouseMove@VSKIN@@AAGXXZ 00414660 f   VSKIN.OBJ
 0001:000142b0       ?UserControl_MouseUp@VSKIN@@AAGXXZ 004152b0 f   VSKIN.OBJ
 0001:00014b00       ?UserControl_Paint@VSKIN@@AAGXXZ 00415b00 f   VSKIN.OBJ
 0001:00014b90       ?UserControl_Resize@VSKIN@@AAGXXZ 00415b90 f   VSKIN.OBJ
 0001:00014c20       ?UserControl_ReadProperties@VSKIN@@AAGXXZ 00415c20 f   VSKIN.OBJ
 0001:00014dd0       ?UserControl_WriteProperties@VSKIN@@AAGXXZ 00415dd0 f   VSKIN.OBJ
 0001:00014f10       ?Caption__Get@VSKIN@@AAGXXZ 00415f10 f   VSKIN.OBJ
 0001:00014fa0       ?Caption__Let@VSKIN@@AAGXXZ 00415fa0 f   VSKIN.OBJ
 0001:00015030       ?Resize__Get@VSKIN@@AAGXXZ 00416030 f   VSKIN.OBJ
 0001:000150a0       ?Resize__Let@VSKIN@@AAGXXZ 004160a0 f   VSKIN.OBJ
 0001:00015170       VB@ETXT                    00416170     midte1.OBJ
 0002:00000000       __adjust_fdiv              00417000     VBAEXE6:natsupp.obj
 0002:00000008       VB@BSS                     00417008     midte1.OBJ
 0002:00000010       ___vba@067E1090            00417010     midte1.OBJ
 0002:00000024       ___vba@067E1078            00417024     midte1.OBJ
 0002:0000033c       ___vba@067E0B1C            0041733c     midte1.OBJ
 0002:000003ec       ___vba@064B9CE4            004173ec     midte1.OBJ
 0002:00000af8       ___vba@064A034C            00417af8     midte1.OBJ

 entry point at        0001:000004e0

 Static symbols

