 load

 Timestamp is 5360d0bf (Wed Apr 30 19:30:23 2014)

 Preferred load address is 00400000

 Start         Length     Name                   Class
 0001:00000000 000000c4H .idata$5                CODE
 0001:000000c8 00000020H .rdata                  CODE
 0001:000000f0 000014f0H .text                   CODE
 0001:000015e0 00000004H .text$0                 CODE
 0001:000015f0 000005f0H .text$1                 CODE
 0001:00001be0 00000004H .text$2                 CODE
 0001:00001be4 00000014H .idata$2                CODE
 0001:00001bf8 00000014H .idata$3                CODE
 0001:00001c0c 000000c4H .idata$4                CODE
 0001:00001cd0 000002b8H .idata$6                CODE
 0001:00001f88 00000000H .edata                  CODE
 0002:00000000 00000004H .data                   DATA
 0002:00000008 00000a50H .bss                    DATA
 0003:00000000 00000118H .rsrc$01                DATA
 0003:00000120 000009fcH .rsrc$02                DATA

  Address         Publics by Value              Rva+Base     Lib:Object

 0001:00000000       __imp____vba@067DFF94      00401000     load1.OBJ
 0001:00000000       __imp_@__vba@067DFF94      00401000     load1.OBJ
 0001:00000004       __imp___CIcos              00401004     load1.OBJ
 0001:00000008       __imp___adj_fptan          00401008     load1.OBJ
 0001:0000000c       __imp_@__vbaFreeVar        0040100c     load1.OBJ
 0001:0000000c       __imp____vbaFreeVar        0040100c     load1.OBJ
 0001:00000010       __imp_@__vbaEnd            00401010     load1.OBJ
 0001:00000010       __imp____vbaEnd            00401010     load1.OBJ
 0001:00000014       __imp_@__vbaFreeVarList    00401014     load1.OBJ
 0001:00000014       __imp____vbaFreeVarList    00401014     load1.OBJ
 0001:00000018       __imp___adj_fdiv_m64       00401018     load1.OBJ
 0001:0000001c       __imp___adj_fprem1         0040101c     load1.OBJ
 0001:00000020       __imp____vbaStrCat         00401020     load1.OBJ
 0001:00000020       __imp_@__vbaStrCat         00401020     load1.OBJ
 0001:00000024       __imp_@__vbaSetSystemError 00401024     load1.OBJ
 0001:00000024       __imp____vbaSetSystemError 00401024     load1.OBJ
 0001:00000028       __imp____vbaHresultCheckObj 00401028     load1.OBJ
 0001:00000028       __imp_@__vbaHresultCheckObj 00401028     load1.OBJ
 0001:0000002c       __imp___adj_fdiv_m32       0040102c     load1.OBJ
 0001:00000030       __imp____vbaObjSet         00401030     load1.OBJ
 0001:00000030       __imp_@__vbaObjSet         00401030     load1.OBJ
 0001:00000034       __imp_@__vba@067E0064      00401034     load1.OBJ
 0001:00000034       __imp____vba@067E0064      00401034     load1.OBJ
 0001:00000038       __imp___adj_fdiv_m16i      00401038     load1.OBJ
 0001:0000003c       __imp___adj_fdivr_m16i     0040103c     load1.OBJ
 0001:00000040       __imp___CIsin              00401040     load1.OBJ
 0001:00000044       __imp____vbaChkstk         00401044     load1.OBJ
 0001:0000004c       __imp____vbaStrCmp         0040104c     load1.OBJ
 0001:0000004c       __imp_@__vbaStrCmp         0040104c     load1.OBJ
 0001:00000054       __imp___adj_fpatan         00401054     load1.OBJ
 0001:0000005c       __imp_@__vba@067DE5CC      0040105c     load1.OBJ
 0001:0000005c       __imp____vba@067DE5CC      0040105c     load1.OBJ
 0001:00000060       __imp___CIsqrt             00401060     load1.OBJ
 0001:00000068       __imp____vbaExceptHandler  00401068     load1.OBJ
 0001:0000006c       __imp___adj_fprem          0040106c     load1.OBJ
 0001:00000070       __imp___adj_fdivr_m64      00401070     load1.OBJ
 0001:00000074       __imp____vbaFPException    00401074     load1.OBJ
 0001:00000078       __imp___CIlog              00401078     load1.OBJ
 0001:0000007c       __imp_@__vbaNew2           0040107c     load1.OBJ
 0001:0000007c       __imp____vbaNew2           0040107c     load1.OBJ
 0001:00000080       __imp___adj_fdiv_m32i      00401080     load1.OBJ
 0001:00000084       __imp___adj_fdivr_m32i     00401084     load1.OBJ
 0001:00000088       __imp_@__vbaFreeStrList    00401088     load1.OBJ
 0001:00000088       __imp____vbaFreeStrList    00401088     load1.OBJ
 0001:0000008c       __imp___adj_fdivr_m32      0040108c     load1.OBJ
 0001:00000090       __imp___adj_fdiv_r         00401090     load1.OBJ
 0001:00000098       __imp_@__vba@067DE6EC      00401098     load1.OBJ
 0001:00000098       __imp____vba@067DE6EC      00401098     load1.OBJ
 0001:0000009c       __imp____vbaVarDup         0040109c     load1.OBJ
 0001:0000009c       __imp_@__vbaVarDup         0040109c     load1.OBJ
 0001:000000a0       __imp___CIatan             004010a0     load1.OBJ
 0001:000000a4       __imp____vbaCastObj        004010a4     load1.OBJ
 0001:000000a4       __imp_@__vbaCastObj        004010a4     load1.OBJ
 0001:000000a8       __imp_@__vbaStrMove        004010a8     load1.OBJ
 0001:000000a8       __imp____vbaStrMove        004010a8     load1.OBJ
 0001:000000ac       __imp___allmul             004010ac     load1.OBJ
 0001:000000b0       __imp___CItan              004010b0     load1.OBJ
 0001:000000b4       __imp___CIexp              004010b4     load1.OBJ
 0001:000000b8       __imp____vbaFreeObj        004010b8     load1.OBJ
 0001:000000b8       __imp_@__vbaFreeObj        004010b8     load1.OBJ
 0001:000000bc       __imp_@__vbaFreeStr        004010bc     load1.OBJ
 0001:000000bc       __imp____vbaFreeStr        004010bc     load1.OBJ
 0001:000000f0       ___vbaChkstk               004010f0     load1.OBJ
 0001:000000f0       VB@TEXT                    004010f0     load1.OBJ
 0001:000000f6       ___vbaExceptHandler        004010f6     load1.OBJ
 0001:000000fc       ___vbaFPException          004010fc     load1.OBJ
 0001:00000102       __adj_fdiv_m16i            00401102     load1.OBJ
 0001:00000108       __adj_fdiv_m32             00401108     load1.OBJ
 0001:0000010e       __adj_fdiv_m32i            0040110e     load1.OBJ
 0001:00000114       __adj_fdiv_m64             00401114     load1.OBJ
 0001:0000011a       __adj_fdiv_r               0040111a     load1.OBJ
 0001:00000120       __adj_fdivr_m16i           00401120     load1.OBJ
 0001:00000126       __adj_fdivr_m32            00401126     load1.OBJ
 0001:0000012c       __adj_fdivr_m32i           0040112c     load1.OBJ
 0001:00000132       __adj_fdivr_m64            00401132     load1.OBJ
 0001:00000138       __adj_fpatan               00401138     load1.OBJ
 0001:0000013e       __adj_fprem                0040113e     load1.OBJ
 0001:00000144       __adj_fprem1               00401144     load1.OBJ
 0001:0000014a       __adj_fptan                0040114a     load1.OBJ
 0001:00000150       __CIatan                   00401150     load1.OBJ
 0001:00000156       __CIcos                    00401156     load1.OBJ
 0001:0000015c       __CIexp                    0040115c     load1.OBJ
 0001:00000162       __CIlog                    00401162     load1.OBJ
 0001:00000168       __CIsin                    00401168     load1.OBJ
 0001:0000016e       __CIsqrt                   0040116e     load1.OBJ
 0001:00000174       __CItan                    00401174     load1.OBJ
 0001:0000017a       __allmul                   0040117a     load1.OBJ
 0001:00000186       @__vba@067DFF94            00401186     load1.OBJ
 0001:00000186       ___vba@067DFF94            00401186     load1.OBJ
 0001:0000018c       ___vbaFreeVarList          0040118c     load1.OBJ
 0001:0000018c       @__vbaFreeVarList          0040118c     load1.OBJ
 0001:00000192       @__vbaVarDup               00401192     load1.OBJ
 0001:00000192       ___vbaVarDup               00401192     load1.OBJ
 0001:00000198       ___vba@067E0064            00401198     load1.OBJ
 0001:00000198       @__vba@067E0064            00401198     load1.OBJ
 0001:0000019e       @__vbaEnd                  0040119e     load1.OBJ
 0001:0000019e       ___vbaEnd                  0040119e     load1.OBJ
 0001:000001a4       ___vbaFreeStrList          004011a4     load1.OBJ
 0001:000001a4       @__vbaFreeStrList          004011a4     load1.OBJ
 0001:000001aa       ___vbaStrCat               004011aa     load1.OBJ
 0001:000001aa       @__vbaStrCat               004011aa     load1.OBJ
 0001:000001b0       ___vba@067DE5CC            004011b0     load1.OBJ
 0001:000001b0       @__vba@067DE5CC            004011b0     load1.OBJ
 0001:000001b6       ___vbaStrCmp               004011b6     load1.OBJ
 0001:000001b6       @__vbaStrCmp               004011b6     load1.OBJ
 0001:000001bc       @__vbaFreeStr              004011bc     load1.OBJ
 0001:000001bc       ___vbaFreeStr              004011bc     load1.OBJ
 0001:000001c2       ___vbaHresultCheckObj      004011c2     load1.OBJ
 0001:000001c2       @__vbaHresultCheckObj      004011c2     load1.OBJ
 0001:000001c8       ___vba@067DE6EC            004011c8     load1.OBJ
 0001:000001c8       @__vba@067DE6EC            004011c8     load1.OBJ
 0001:000001ce       ___vbaStrMove              004011ce     load1.OBJ
 0001:000001ce       @__vbaStrMove              004011ce     load1.OBJ
 0001:000001d4       ___vbaFreeVar              004011d4     load1.OBJ
 0001:000001d4       @__vbaFreeVar              004011d4     load1.OBJ
 0001:000001da       @__vbaFreeObj              004011da     load1.OBJ
 0001:000001da       ___vbaFreeObj              004011da     load1.OBJ
 0001:000001e0       @__vbaNew2                 004011e0     load1.OBJ
 0001:000001e0       ___vbaNew2                 004011e0     load1.OBJ
 0001:000001e6       @__vbaCastObj              004011e6     load1.OBJ
 0001:000001e6       ___vbaCastObj              004011e6     load1.OBJ
 0001:000001ec       @__vbaObjSet               004011ec     load1.OBJ
 0001:000001ec       ___vbaObjSet               004011ec     load1.OBJ
 0001:000001f2       @__vbaSetSystemError       004011f2     load1.OBJ
 0001:000001f2       ___vbaSetSystemError       004011f2     load1.OBJ
 0001:00000210       ___vbaS                    00401210     load1.OBJ
 0001:00000b34       ___vba@002CA7B4            00401b34     load1.OBJ
 0001:00000c50       ___vba@002CB6CC            00401c50     load1.OBJ
 0001:0000107c       ___vba@067DDF1C            0040207c     load1.OBJ
 0001:00001134       ___vba@067DDF74            00402134     load1.OBJ
 0001:0000113c       ___vba@067DDF80            0040213c     load1.OBJ
 0001:00001144       ___vba@067DDF8C            00402144     load1.OBJ
 0001:00001150       ___vba@067DDF9C            00402150     load1.OBJ
 0001:00001160       ___vba@067DDFB0            00402160     load1.OBJ
 0001:00001170       ___vba@067DDFC4            00402170     load1.OBJ
 0001:00001180       ___vba@067DDFD8            00402180     load1.OBJ
 0001:00001190       ___vba@067DDFEC            00402190     load1.OBJ
 0001:000011a0       ___vba@067DE000            004021a0     load1.OBJ
 0001:000011a8       ___vba@067DE00C            004021a8     load1.OBJ
 0001:000011b8       ___vba@067DE020            004021b8     load1.OBJ
 0001:000011f4       ___vba@067DE060            004021f4     load1.OBJ
 0001:000011f8       ___vba@067DE068            004021f8     load1.OBJ
 0001:00001220       ___vba@067DE094            00402220     load1.OBJ
 0001:00001230       ___vba@067DE0A8            00402230     load1.OBJ
 0001:00001238       ___vba@067DE0B4            00402238     load1.OBJ
 0001:00001248       ___vba@067DE0C4            00402248     load1.OBJ
 0001:00001254       ___vba@067DE0D4            00402254     load1.OBJ
 0001:00001268       ___vba@067DE0EC            00402268     load1.OBJ
 0001:000012a8       ___vba@067DF05C            004022a8     load1.OBJ
 0001:000012c4       ___vba@067DF094            004022c4     load1.OBJ
 0001:000012d0       ___vba@067DF0A4            004022d0     load1.OBJ
 0001:000012e4       ___vba@067DF0B8            004022e4     load1.OBJ
 0001:000012f0       ___vba@067DF0C8            004022f0     load1.OBJ
 0001:000012f8       ___vba@067DF0D4            004022f8     load1.OBJ
 0001:000012fc       ___vba@067DF0E0            004022fc     load1.OBJ
 0001:00001310       ___vba@067DF0F4            00402310     load1.OBJ
 0001:00001314       ___vba@067DF100            00402314     load1.OBJ
 0001:00001324       ___vba@067DF114            00402324     load1.OBJ
 0001:00001334       ___vba@067DF128            00402334     load1.OBJ
 0001:00001344       ___vba@067DF13C            00402344     load1.OBJ
 0001:00001358       ___vba@067DF150            00402358     load1.OBJ
 0001:00001360       ___vba@067DF15C            00402360     load1.OBJ
 0001:0000137c       ___vba@067DF17C            0040237c     load1.OBJ
 0001:000013f0       ___vba@067DF1F4            004023f0     load1.OBJ
 0001:000013fc       ___vba@067DF204            004023fc     load1.OBJ
 0001:00001430       ___vba@067DF23C            00402430     load1.OBJ
 0001:0000144c       ___vba@067DFF74            0040244c     load1.OBJ
 0001:00001454       ___vba@067DFF84            00402454     load1.OBJ
 0001:00001460       ___vba@067DFFCC            00402460     load1.OBJ
 0001:00001474       ___vba@067E001C            00402474     load1.OBJ
 0001:00001480       ___vba@067E009C            00402480     load1.OBJ
 0001:0000148c       ___vba@067E00E4            0040248c     load1.OBJ
 0001:000014a8       ___vba@067E0140            004024a8     load1.OBJ
 0001:000014b4       ___vba@067DE604            004024b4     load1.OBJ
 0001:000014c0       ___vba@067DE64C            004024c0     load1.OBJ
 0001:000014d0       ___vba@067DE698            004024d0     load1.OBJ
 0001:000014e8       ___vba@067DE724            004024e8     load1.OBJ
 0001:000014f8       ___vba@067DE770            004024f8     load1.OBJ
 0001:00001508       ___vba@067DEA1C            00402508     load1.OBJ
 0001:00001518       ___vba@067DEA68            00402518     load1.OBJ
 0001:00001524       ___vba@067DEAB0            00402524     load1.OBJ
 0001:00001534       ___vba@067DEAFC            00402534     load1.OBJ
 0001:00001540       ___vba@067DEB44            00402540     load1.OBJ
 0001:00001560       ___vba@067E019C            00402560     load1.OBJ
 0001:00001588       ___vba@067E01C8            00402588     load1.OBJ
 0001:00001594       ___vba@067E01D8            00402594     load1.OBJ
 0001:000015a0       ___vba@002C8FFC            004025a0     load1.OBJ
 0001:000015e0       VB@BTXT                    004025e0     load1.OBJ
 0001:000015f0       ?Form_Load@load@@AAGXXZ    004025f0 f   load.OBJ
 0001:00001ac0       ?AlwaysTop@Module1@@AAGXXZ 00402ac0 f   Module1.OBJ
 0001:00001be0       VB@ETXT                    00402be0     load1.OBJ
 0002:00000000       __adjust_fdiv              00403000     VBAEXE6:natsupp.obj
 0002:00000008       VB@BSS                     00403008     load1.OBJ
 0002:00000010       ___vba@067DFD68            00403010     load1.OBJ
 0002:00000024       _Module1                   00403024     load1.OBJ
 0002:00000344       ___vba@067E0134            00403344     load1.OBJ
 0002:0000035c       ___vba@0030BF2C            0040335c     load1.OBJ

 entry point at        0001:00000210

 Static symbols

