 PC2014

 Timestamp is 53469e38 (Thu Apr 10 22:35:52 2014)

 Preferred load address is 00400000

 Start         Length     Name                   Class
 0001:00000000 00000210H .idata$5                CODE
 0001:00000210 000006b0H .rdata                  CODE
 0001:000008c0 000192c4H .text                   CODE
 0001:00019b90 00000004H .text$0                 CODE
 0001:00019ba0 0000ec10H .text$1                 CODE
 0001:000287b0 00000004H .text$2                 CODE
 0001:000287b4 00000014H .idata$2                CODE
 0001:000287c8 00000014H .idata$3                CODE
 0001:000287dc 00000210H .idata$4                CODE
 0001:000289ec 000006a0H .idata$6                CODE
 0001:0002908c 00000000H .edata                  CODE
 0002:00000000 00000004H .data                   DATA
 0002:00000008 00007144H .bss                    DATA
 0003:00000000 00000118H .rsrc$01                DATA
 0003:00000120 00000b3cH .rsrc$02                DATA

  Address         Publics by Value              Rva+Base     Lib:Object

 0001:00000000       __imp____vbaVarSub         00401000     PC2014.OBJ
 0001:00000000       __imp_@__vbaVarSub         00401000     PC2014.OBJ
 0001:00000004       __imp____vba@06C69098      00401004     PC2014.OBJ
 0001:00000004       __imp_@__vba@06C69098      00401004     PC2014.OBJ
 0001:00000008       __imp_@__vba@06C69014      00401008     PC2014.OBJ
 0001:00000008       __imp____vba@06C69014      00401008     PC2014.OBJ
 0001:0000000c       __imp___CIcos              0040100c     PC2014.OBJ
 0001:00000010       __imp___adj_fptan          00401010     PC2014.OBJ
 0001:00000014       __imp_@__vbaStrI4          00401014     PC2014.OBJ
 0001:00000014       __imp____vbaStrI4          00401014     PC2014.OBJ
 0001:00000018       __imp____vbaVarMove        00401018     PC2014.OBJ
 0001:00000018       __imp_@__vbaVarMove        00401018     PC2014.OBJ
 0001:0000001c       __imp____vbaFreeVar        0040101c     PC2014.OBJ
 0001:0000001c       __imp_@__vbaFreeVar        0040101c     PC2014.OBJ
 0001:00000020       __imp____vbaLenBstr        00401020     PC2014.OBJ
 0001:00000020       __imp_@__vbaLenBstr        00401020     PC2014.OBJ
 0001:00000024       __imp____vbaLateIdCall     00401024     PC2014.OBJ
 0001:00000024       __imp_@__vbaLateIdCall     00401024     PC2014.OBJ
 0001:00000028       __imp____vbaStrVarMove     00401028     PC2014.OBJ
 0001:00000028       __imp_@__vbaStrVarMove     00401028     PC2014.OBJ
 0001:0000002c       __imp____vbaFreeVarList    0040102c     PC2014.OBJ
 0001:0000002c       __imp_@__vbaFreeVarList    0040102c     PC2014.OBJ
 0001:00000030       __imp___adj_fdiv_m64       00401030     PC2014.OBJ
 0001:00000034       __imp_@__vbaFreeObjList    00401034     PC2014.OBJ
 0001:00000034       __imp____vbaFreeObjList    00401034     PC2014.OBJ
 0001:00000038       __imp_@__vba@06C514CC      00401038     PC2014.OBJ
 0001:00000038       __imp____vba@06C514CC      00401038     PC2014.OBJ
 0001:0000003c       __imp___adj_fprem1         0040103c     PC2014.OBJ
 0001:00000040       __imp____vbaRecAnsiToUni   00401040     PC2014.OBJ
 0001:00000040       __imp_@__vbaRecAnsiToUni   00401040     PC2014.OBJ
 0001:00000044       __imp____vba@06C513C0      00401044     PC2014.OBJ
 0001:00000044       __imp_@__vba@06C513C0      00401044     PC2014.OBJ
 0001:00000048       __imp_@__vbaStrCat         00401048     PC2014.OBJ
 0001:00000048       __imp____vbaStrCat         00401048     PC2014.OBJ
 0001:0000004c       __imp_@__vbaLsetFixstr     0040104c     PC2014.OBJ
 0001:0000004c       __imp____vbaLsetFixstr     0040104c     PC2014.OBJ
 0001:00000050       __imp_@__vbaSetSystemError 00401050     PC2014.OBJ
 0001:00000050       __imp____vbaSetSystemError 00401050     PC2014.OBJ
 0001:00000054       __imp____vbaHresultCheckObj 00401054     PC2014.OBJ
 0001:00000054       __imp_@__vbaHresultCheckObj 00401054     PC2014.OBJ
 0001:00000058       __imp___adj_fdiv_m32       00401058     PC2014.OBJ
 0001:0000005c       __imp____vbaAryVar         0040105c     PC2014.OBJ
 0001:0000005c       __imp_@__vbaAryVar         0040105c     PC2014.OBJ
 0001:00000060       __imp____vbaVarTstLe       00401060     PC2014.OBJ
 0001:00000060       __imp_@__vbaVarTstLe       00401060     PC2014.OBJ
 0001:00000064       __imp_@__vbaAryDestruct    00401064     PC2014.OBJ
 0001:00000064       __imp____vbaAryDestruct    00401064     PC2014.OBJ
 0001:00000068       __imp____vbaLateMemSt      00401068     PC2014.OBJ
 0001:00000068       __imp_@__vbaLateMemSt      00401068     PC2014.OBJ
 0001:0000006c       __imp_@__vba@06C50EC4      0040106c     PC2014.OBJ
 0001:0000006c       __imp____vba@06C50EC4      0040106c     PC2014.OBJ
 0001:00000070       __imp_@__vba@06C50F8C      00401070     PC2014.OBJ
 0001:00000070       __imp____vba@06C50F8C      00401070     PC2014.OBJ
 0001:00000074       __imp_@__vbaOnError        00401074     PC2014.OBJ
 0001:00000074       __imp____vbaOnError        00401074     PC2014.OBJ
 0001:00000078       __imp_@__vbaObjSet         00401078     PC2014.OBJ
 0001:00000078       __imp____vbaObjSet         00401078     PC2014.OBJ
 0001:0000007c       __imp____vba@06BB8EF4      0040107c     PC2014.OBJ
 0001:0000007c       __imp_@__vba@06BB8EF4      0040107c     PC2014.OBJ
 0001:00000080       __imp___adj_fdiv_m16i      00401080     PC2014.OBJ
 0001:00000084       __imp____vbaObjSetAddref   00401084     PC2014.OBJ
 0001:00000084       __imp_@__vbaObjSetAddref   00401084     PC2014.OBJ
 0001:00000088       __imp___adj_fdivr_m16i     00401088     PC2014.OBJ
 0001:0000008c       __imp____vbaVarIndexLoad   0040108c     PC2014.OBJ
 0001:0000008c       __imp_@__vbaVarIndexLoad   0040108c     PC2014.OBJ
 0001:00000090       __imp____vba@06C69770      00401090     PC2014.OBJ
 0001:00000090       __imp_@__vba@06C69770      00401090     PC2014.OBJ
 0001:00000094       __imp_@__vbaFpR4           00401094     PC2014.OBJ
 0001:00000094       __imp____vbaFpR4           00401094     PC2014.OBJ
 0001:00000098       __imp_@__vbaStrFixstr      00401098     PC2014.OBJ
 0001:00000098       __imp____vbaStrFixstr      00401098     PC2014.OBJ
 0001:0000009c       __imp_@__vba@06C50E8C      0040109c     PC2014.OBJ
 0001:0000009c       __imp____vba@06C50E8C      0040109c     PC2014.OBJ
 0001:000000a0       __imp____vbaBoolVar        004010a0     PC2014.OBJ
 0001:000000a0       __imp_@__vbaBoolVar        004010a0     PC2014.OBJ
 0001:000000a4       __imp____vbaBoolVarNull    004010a4     PC2014.OBJ
 0001:000000a4       __imp_@__vbaBoolVarNull    004010a4     PC2014.OBJ
 0001:000000a8       __imp____vbaFpR8           004010a8     PC2014.OBJ
 0001:000000a8       __imp_@__vbaFpR8           004010a8     PC2014.OBJ
 0001:000000ac       __imp___CIsin              004010ac     PC2014.OBJ
 0001:000000b0       __imp____vba@06C516F4      004010b0     PC2014.OBJ
 0001:000000b0       __imp_@__vba@06C516F4      004010b0     PC2014.OBJ
 0001:000000b4       __imp____vba@06C516BC      004010b4     PC2014.OBJ
 0001:000000b4       __imp_@__vba@06C516BC      004010b4     PC2014.OBJ
 0001:000000b8       __imp____vbaErase          004010b8     PC2014.OBJ
 0001:000000b8       __imp_@__vbaErase          004010b8     PC2014.OBJ
 0001:000000bc       __imp_@__vba@06C51648      004010bc     PC2014.OBJ
 0001:000000bc       __imp____vba@06C51648      004010bc     PC2014.OBJ
 0001:000000c0       __imp____vbaChkstk         004010c0     PC2014.OBJ
 0001:000000c4       __imp_@__vbaFileClose      004010c4     PC2014.OBJ
 0001:000000c4       __imp____vbaFileClose      004010c4     PC2014.OBJ
 0001:000000cc       __imp____vbaGenerateBoundsError 004010cc     PC2014.OBJ
 0001:000000cc       __imp_@__vbaGenerateBoundsError 004010cc     PC2014.OBJ
 0001:000000d0       __imp____vbaStrCmp         004010d0     PC2014.OBJ
 0001:000000d0       __imp_@__vbaStrCmp         004010d0     PC2014.OBJ
 0001:000000d4       __imp____vbaVarTstEq       004010d4     PC2014.OBJ
 0001:000000d4       __imp_@__vbaVarTstEq       004010d4     PC2014.OBJ
 0001:000000d8       __imp_@__vba@00335E38      004010d8     PC2014.OBJ
 0001:000000d8       __imp____vba@00335E38      004010d8     PC2014.OBJ
 0001:000000dc       __imp____vbaI2I4           004010dc     PC2014.OBJ
 0001:000000dc       __imp_@__vbaI2I4           004010dc     PC2014.OBJ
 0001:000000e0       __imp_@__vbaObjVar         004010e0     PC2014.OBJ
 0001:000000e0       __imp____vbaObjVar         004010e0     PC2014.OBJ
 0001:000000e8       __imp___adj_fpatan         004010e8     PC2014.OBJ
 0001:000000ec       __imp____vbaR4Var          004010ec     PC2014.OBJ
 0001:000000ec       __imp_@__vbaR4Var          004010ec     PC2014.OBJ
 0001:000000f0       __imp_@__vba@06C50B64      004010f0     PC2014.OBJ
 0001:000000f0       __imp____vba@06C50B64      004010f0     PC2014.OBJ
 0001:000000f4       __imp_@__vbaLateIdCallLd   004010f4     PC2014.OBJ
 0001:000000f4       __imp____vbaLateIdCallLd   004010f4     PC2014.OBJ
 0001:000000f8       __imp_@__vbaRedim          004010f8     PC2014.OBJ
 0001:000000f8       __imp____vbaRedim          004010f8     PC2014.OBJ
 0001:000000fc       __imp____vbaRecUniToAnsi   004010fc     PC2014.OBJ
 0001:000000fc       __imp_@__vbaRecUniToAnsi   004010fc     PC2014.OBJ
 0001:00000104       __imp_@__vba@06C73928      00401104     PC2014.OBJ
 0001:00000104       __imp____vba@06C73928      00401104     PC2014.OBJ
 0001:00000108       __imp_@__vbaUI1I2          00401108     PC2014.OBJ
 0001:00000108       __imp____vbaUI1I2          00401108     PC2014.OBJ
 0001:0000010c       __imp___CIsqrt             0040110c     PC2014.OBJ
 0001:00000110       __imp____vbaVarAnd         00401110     PC2014.OBJ
 0001:00000110       __imp_@__vbaVarAnd         00401110     PC2014.OBJ
 0001:00000118       __imp_@__vbaStrUI1         00401118     PC2014.OBJ
 0001:00000118       __imp____vbaStrUI1         00401118     PC2014.OBJ
 0001:0000011c       __imp____vbaUI1I4          0040111c     PC2014.OBJ
 0001:0000011c       __imp_@__vbaUI1I4          0040111c     PC2014.OBJ
 0001:00000120       __imp____vbaExceptHandler  00401120     PC2014.OBJ
 0001:00000124       __imp_@__vba@06C73B0C      00401124     PC2014.OBJ
 0001:00000124       __imp____vba@06C73B0C      00401124     PC2014.OBJ
 0001:00000128       __imp_@__vbaStrToUnicode   00401128     PC2014.OBJ
 0001:00000128       __imp____vbaStrToUnicode   00401128     PC2014.OBJ
 0001:0000012c       __imp___adj_fprem          0040112c     PC2014.OBJ
 0001:00000130       __imp___adj_fdivr_m64      00401130     PC2014.OBJ
 0001:00000134       __imp_@__vbaVarDiv         00401134     PC2014.OBJ
 0001:00000134       __imp____vbaVarDiv         00401134     PC2014.OBJ
 0001:00000138       __imp_@__vba@06C50C2C      00401138     PC2014.OBJ
 0001:00000138       __imp____vba@06C50C2C      00401138     PC2014.OBJ
 0001:0000013c       __imp_@__vbaVarCmpLe       0040113c     PC2014.OBJ
 0001:0000013c       __imp____vbaVarCmpLe       0040113c     PC2014.OBJ
 0001:00000140       __imp_@__vba@06BA641C      00401140     PC2014.OBJ
 0001:00000140       __imp____vba@06BA641C      00401140     PC2014.OBJ
 0001:00000144       __imp____vbaFPException    00401144     PC2014.OBJ
 0001:00000148       __imp_@__vbaInStrVar       00401148     PC2014.OBJ
 0001:00000148       __imp____vbaInStrVar       00401148     PC2014.OBJ
 0001:0000014c       __imp____vba@06C6AC68      0040114c     PC2014.OBJ
 0001:0000014c       __imp_@__vba@06C6AC68      0040114c     PC2014.OBJ
 0001:00000150       __imp_@__vbaGetOwner3      00401150     PC2014.OBJ
 0001:00000150       __imp____vbaGetOwner3      00401150     PC2014.OBJ
 0001:00000154       __imp____vbaStrVarVal      00401154     PC2014.OBJ
 0001:00000154       __imp_@__vbaStrVarVal      00401154     PC2014.OBJ
 0001:00000158       __imp____vbaUbound         00401158     PC2014.OBJ
 0001:00000158       __imp_@__vbaUbound         00401158     PC2014.OBJ
 0001:0000015c       __imp_@__vba@06C697F0      0040115c     PC2014.OBJ
 0001:0000015c       __imp____vba@06C697F0      0040115c     PC2014.OBJ
 0001:00000160       __imp_@__vbaI2Var          00401160     PC2014.OBJ
 0001:00000160       __imp____vbaI2Var          00401160     PC2014.OBJ
 0001:00000164       __imp___CIlog              00401164     PC2014.OBJ
 0001:00000168       __imp____vbaErrorOverflow  00401168     PC2014.OBJ
 0001:00000168       __imp_@__vbaErrorOverflow  00401168     PC2014.OBJ
 0001:0000016c       __imp_@__vbaFileOpen       0040116c     PC2014.OBJ
 0001:0000016c       __imp____vbaFileOpen       0040116c     PC2014.OBJ
 0001:00000170       __imp_@__vba@06C50BF4      00401170     PC2014.OBJ
 0001:00000170       __imp____vba@06C50BF4      00401170     PC2014.OBJ
 0001:00000174       __imp____vbaInStr          00401174     PC2014.OBJ
 0001:00000174       __imp_@__vbaInStr          00401174     PC2014.OBJ
 0001:00000178       __imp_@__vbaNew2           00401178     PC2014.OBJ
 0001:00000178       __imp____vbaNew2           00401178     PC2014.OBJ
 0001:0000017c       __imp___adj_fdiv_m32i      0040117c     PC2014.OBJ
 0001:00000180       __imp___adj_fdivr_m32i     00401180     PC2014.OBJ
 0001:00000184       __imp____vbaStrCopy        00401184     PC2014.OBJ
 0001:00000184       __imp_@__vbaStrCopy        00401184     PC2014.OBJ
 0001:00000188       __imp____vbaI4Str          00401188     PC2014.OBJ
 0001:00000188       __imp_@__vbaI4Str          00401188     PC2014.OBJ
 0001:0000018c       __imp____vbaVarCmpLt       0040118c     PC2014.OBJ
 0001:0000018c       __imp_@__vbaVarCmpLt       0040118c     PC2014.OBJ
 0001:00000190       __imp____vbaFreeStrList    00401190     PC2014.OBJ
 0001:00000190       __imp_@__vbaFreeStrList    00401190     PC2014.OBJ
 0001:00000194       __imp___adj_fdivr_m32      00401194     PC2014.OBJ
 0001:00000198       __imp___adj_fdiv_r         00401198     PC2014.OBJ
 0001:000001a0       __imp____vbaVarSetVar      004011a0     PC2014.OBJ
 0001:000001a0       __imp_@__vbaVarSetVar      004011a0     PC2014.OBJ
 0001:000001a4       __imp_@__vbaI4Var          004011a4     PC2014.OBJ
 0001:000001a4       __imp____vbaI4Var          004011a4     PC2014.OBJ
 0001:000001a8       __imp____vba@06BB8E2C      004011a8     PC2014.OBJ
 0001:000001a8       __imp_@__vba@06BB8E2C      004011a8     PC2014.OBJ
 0001:000001ac       __imp____vbaVarAdd         004011ac     PC2014.OBJ
 0001:000001ac       __imp_@__vbaVarAdd         004011ac     PC2014.OBJ
 0001:000001b0       __imp____vbaLateMemCall    004011b0     PC2014.OBJ
 0001:000001b0       __imp_@__vbaLateMemCall    004011b0     PC2014.OBJ
 0001:000001b4       __imp_@__vbaStrToAnsi      004011b4     PC2014.OBJ
 0001:000001b4       __imp____vbaStrToAnsi      004011b4     PC2014.OBJ
 0001:000001b8       __imp____vbaVarDup         004011b8     PC2014.OBJ
 0001:000001b8       __imp_@__vbaVarDup         004011b8     PC2014.OBJ
 0001:000001bc       __imp_@__vba@06C50E54      004011bc     PC2014.OBJ
 0001:000001bc       __imp____vba@06C50E54      004011bc     PC2014.OBJ
 0001:000001c0       __imp____vbaFpI2           004011c0     PC2014.OBJ
 0001:000001c0       __imp_@__vbaFpI2           004011c0     PC2014.OBJ
 0001:000001c4       __imp____vba@06C51494      004011c4     PC2014.OBJ
 0001:000001c4       __imp_@__vba@06C51494      004011c4     PC2014.OBJ
 0001:000001c8       __imp____vbaFpI4           004011c8     PC2014.OBJ
 0001:000001c8       __imp_@__vbaFpI4           004011c8     PC2014.OBJ
 0001:000001cc       __imp_@__vba@06C512A4      004011cc     PC2014.OBJ
 0001:000001cc       __imp____vba@06C512A4      004011cc     PC2014.OBJ
 0001:000001d0       __imp____vbaLateMemCallLd  004011d0     PC2014.OBJ
 0001:000001d0       __imp_@__vbaLateMemCallLd  004011d0     PC2014.OBJ
 0001:000001d4       __imp___CIatan             004011d4     PC2014.OBJ
 0001:000001d8       __imp____vbaUI1Str         004011d8     PC2014.OBJ
 0001:000001d8       __imp_@__vbaUI1Str         004011d8     PC2014.OBJ
 0001:000001dc       __imp____vbaAryCopy        004011dc     PC2014.OBJ
 0001:000001dc       __imp_@__vbaAryCopy        004011dc     PC2014.OBJ
 0001:000001e0       __imp____vbaStrMove        004011e0     PC2014.OBJ
 0001:000001e0       __imp_@__vbaStrMove        004011e0     PC2014.OBJ
 0001:000001e4       __imp____vba@06C5126C      004011e4     PC2014.OBJ
 0001:000001e4       __imp_@__vba@06C5126C      004011e4     PC2014.OBJ
 0001:000001e8       __imp___allmul             004011e8     PC2014.OBJ
 0001:000001ec       __imp_@__vbaLateIdSt       004011ec     PC2014.OBJ
 0001:000001ec       __imp____vbaLateIdSt       004011ec     PC2014.OBJ
 0001:000001f0       __imp_@__vbaLenVarB        004011f0     PC2014.OBJ
 0001:000001f0       __imp____vbaLenVarB        004011f0     PC2014.OBJ
 0001:000001f4       __imp___CItan              004011f4     PC2014.OBJ
 0001:000001f8       __imp____vbaFPInt          004011f8     PC2014.OBJ
 0001:000001f8       __imp_@__vbaFPInt          004011f8     PC2014.OBJ
 0001:000001fc       __imp____vbaUI1Var         004011fc     PC2014.OBJ
 0001:000001fc       __imp_@__vbaUI1Var         004011fc     PC2014.OBJ
 0001:00000200       __imp___CIexp              00401200     PC2014.OBJ
 0001:00000204       __imp_@__vbaFreeObj        00401204     PC2014.OBJ
 0001:00000204       __imp____vbaFreeObj        00401204     PC2014.OBJ
 0001:00000208       __imp____vbaFreeStr        00401208     PC2014.OBJ
 0001:00000208       __imp_@__vbaFreeStr        00401208     PC2014.OBJ
 0001:00000584       __real@4@4003d000000000000000 00401584     VSKIN.OBJ
 0001:00000588       __real@4@40039000000000000000 00401588     VSKIN.OBJ
 0001:0000058c       __real@4@4002a000000000000000 0040158c     VSKIN.OBJ
 0001:00000590       __real@4@4002f000000000000000 00401590     VSKIN.OBJ
 0001:00000594       __real@4@4003a000000000000000 00401594     VSKIN.OBJ
 0001:000005c0       __real@4@4003f000000000000000 004015c0     VSKIN.OBJ
 0001:000005c8       __real@8@4000c000000000000000 004015c8     VSKIN.OBJ
 0001:00000678       __real@4@00000000000000000000 00401678     VSKIN.OBJ
 0001:0000067c       __real@4@40038000000000000000 0040167c     VSKIN.OBJ
 0001:000007a0       __real@8@400fa8c0000000000000 004017a0     z.OBJ
 0001:000007b8       __real@4@3fff8000000000000000 004017b8     z.OBJ
 0001:000007bc       __real@4@4006fe00000000000000 004017bc     z.OBJ
 0001:000007c0       __real@4@4001a000000000000000 004017c0     z.OBJ
 0001:000007c4       __real@4@4002c000000000000000 004017c4     z.OBJ
 0001:000008c0       VB@TEXT                    004018c0     PC2014.OBJ
 0001:000008c0       ___vbaChkstk               004018c0     PC2014.OBJ
 0001:000008c6       ___vbaExceptHandler        004018c6     PC2014.OBJ
 0001:000008cc       ___vbaFPException          004018cc     PC2014.OBJ
 0001:000008d2       __adj_fdiv_m16i            004018d2     PC2014.OBJ
 0001:000008d8       __adj_fdiv_m32             004018d8     PC2014.OBJ
 0001:000008de       __adj_fdiv_m32i            004018de     PC2014.OBJ
 0001:000008e4       __adj_fdiv_m64             004018e4     PC2014.OBJ
 0001:000008ea       __adj_fdiv_r               004018ea     PC2014.OBJ
 0001:000008f0       __adj_fdivr_m16i           004018f0     PC2014.OBJ
 0001:000008f6       __adj_fdivr_m32            004018f6     PC2014.OBJ
 0001:000008fc       __adj_fdivr_m32i           004018fc     PC2014.OBJ
 0001:00000902       __adj_fdivr_m64            00401902     PC2014.OBJ
 0001:00000908       __adj_fpatan               00401908     PC2014.OBJ
 0001:0000090e       __adj_fprem                0040190e     PC2014.OBJ
 0001:00000914       __adj_fprem1               00401914     PC2014.OBJ
 0001:0000091a       __adj_fptan                0040191a     PC2014.OBJ
 0001:00000920       __CIatan                   00401920     PC2014.OBJ
 0001:00000926       __CIcos                    00401926     PC2014.OBJ
 0001:0000092c       __CIexp                    0040192c     PC2014.OBJ
 0001:00000932       __CIlog                    00401932     PC2014.OBJ
 0001:00000938       __CIsin                    00401938     PC2014.OBJ
 0001:0000093e       __CIsqrt                   0040193e     PC2014.OBJ
 0001:00000944       __CItan                    00401944     PC2014.OBJ
 0001:0000094a       __allmul                   0040194a     PC2014.OBJ
 0001:00000956       ___vba@06BB8E2C            00401956     PC2014.OBJ
 0001:00000956       @__vba@06BB8E2C            00401956     PC2014.OBJ
 0001:0000095c       @__vbaStrCmp               0040195c     PC2014.OBJ
 0001:0000095c       ___vbaStrCmp               0040195c     PC2014.OBJ
 0001:00000962       @__vbaVarDup               00401962     PC2014.OBJ
 0001:00000962       ___vbaVarDup               00401962     PC2014.OBJ
 0001:00000968       @__vba@06BB8EF4            00401968     PC2014.OBJ
 0001:00000968       ___vba@06BB8EF4            00401968     PC2014.OBJ
 0001:0000096e       @__vbaVarSetVar            0040196e     PC2014.OBJ
 0001:0000096e       ___vbaVarSetVar            0040196e     PC2014.OBJ
 0001:00000974       ___vba@06C69014            00401974     PC2014.OBJ
 0001:00000974       @__vba@06C69014            00401974     PC2014.OBJ
 0001:0000097a       @__vbaFreeStr              0040197a     PC2014.OBJ
 0001:0000097a       ___vbaFreeStr              0040197a     PC2014.OBJ
 0001:00000980       @__vba@06C69098            00401980     PC2014.OBJ
 0001:00000980       ___vba@06C69098            00401980     PC2014.OBJ
 0001:00000986       @__vbaFreeVarList          00401986     PC2014.OBJ
 0001:00000986       ___vbaFreeVarList          00401986     PC2014.OBJ
 0001:0000098c       ___vbaFreeObjList          0040198c     PC2014.OBJ
 0001:0000098c       @__vbaFreeObjList          0040198c     PC2014.OBJ
 0001:00000992       @__vbaFreeStrList          00401992     PC2014.OBJ
 0001:00000992       ___vbaFreeStrList          00401992     PC2014.OBJ
 0001:00000998       ___vbaStrMove              00401998     PC2014.OBJ
 0001:00000998       @__vbaStrMove              00401998     PC2014.OBJ
 0001:0000099e       ___vbaNew2                 0040199e     PC2014.OBJ
 0001:0000099e       @__vbaNew2                 0040199e     PC2014.OBJ
 0001:000009a4       ___vbaStrCat               004019a4     PC2014.OBJ
 0001:000009a4       @__vbaStrCat               004019a4     PC2014.OBJ
 0001:000009aa       ___vbaLateMemCall          004019aa     PC2014.OBJ
 0001:000009aa       @__vbaLateMemCall          004019aa     PC2014.OBJ
 0001:000009b0       @__vbaFreeVar              004019b0     PC2014.OBJ
 0001:000009b0       ___vbaFreeVar              004019b0     PC2014.OBJ
 0001:000009b6       @__vba@06BA641C            004019b6     PC2014.OBJ
 0001:000009b6       ___vba@06BA641C            004019b6     PC2014.OBJ
 0001:000009bc       @__vbaObjVar               004019bc     PC2014.OBJ
 0001:000009bc       ___vbaObjVar               004019bc     PC2014.OBJ
 0001:000009c2       ___vbaObjSetAddref         004019c2     PC2014.OBJ
 0001:000009c2       @__vbaObjSetAddref         004019c2     PC2014.OBJ
 0001:000009c8       @__vbaFreeObj              004019c8     PC2014.OBJ
 0001:000009c8       ___vbaFreeObj              004019c8     PC2014.OBJ
 0001:000009ce       ___vbaHresultCheckObj      004019ce     PC2014.OBJ
 0001:000009ce       @__vbaHresultCheckObj      004019ce     PC2014.OBJ
 0001:000009d4       ___vbaObjSet               004019d4     PC2014.OBJ
 0001:000009d4       @__vbaObjSet               004019d4     PC2014.OBJ
 0001:000009da       @__vbaOnError              004019da     PC2014.OBJ
 0001:000009da       ___vbaOnError              004019da     PC2014.OBJ
 0001:000009e0       ___vbaErrorOverflow        004019e0     PC2014.OBJ
 0001:000009e0       @__vbaErrorOverflow        004019e0     PC2014.OBJ
 0001:000009e6       ___vbaUI1I4                004019e6     PC2014.OBJ
 0001:000009e6       @__vbaUI1I4                004019e6     PC2014.OBJ
 0001:000009ec       @__vba@06C69770            004019ec     PC2014.OBJ
 0001:000009ec       ___vba@06C69770            004019ec     PC2014.OBJ
 0001:000009f2       @__vbaFpR4                 004019f2     PC2014.OBJ
 0001:000009f2       ___vbaFpR4                 004019f2     PC2014.OBJ
 0001:000009f8       ___vba@06C697F0            004019f8     PC2014.OBJ
 0001:000009f8       @__vba@06C697F0            004019f8     PC2014.OBJ
 0001:000009fe       @__vbaUI1I2                004019fe     PC2014.OBJ
 0001:000009fe       ___vbaUI1I2                004019fe     PC2014.OBJ
 0001:00000a04       ___vbaSetSystemError       00401a04     PC2014.OBJ
 0001:00000a04       @__vbaSetSystemError       00401a04     PC2014.OBJ
 0001:00000a0a       @__vbaFpI4                 00401a0a     PC2014.OBJ
 0001:00000a0a       ___vbaFpI4                 00401a0a     PC2014.OBJ
 0001:00000a10       @__vbaBoolVar              00401a10     PC2014.OBJ
 0001:00000a10       ___vbaBoolVar              00401a10     PC2014.OBJ
 0001:00000a16       ___vbaStrVarMove           00401a16     PC2014.OBJ
 0001:00000a16       @__vbaStrVarMove           00401a16     PC2014.OBJ
 0001:00000a1c       @__vbaStrCopy              00401a1c     PC2014.OBJ
 0001:00000a1c       ___vbaStrCopy              00401a1c     PC2014.OBJ
 0001:00000a22       ___vbaVarDiv               00401a22     PC2014.OBJ
 0001:00000a22       @__vbaVarDiv               00401a22     PC2014.OBJ
 0001:00000a28       ___vbaVarCmpLe             00401a28     PC2014.OBJ
 0001:00000a28       @__vbaVarCmpLe             00401a28     PC2014.OBJ
 0001:00000a2e       ___vbaI2I4                 00401a2e     PC2014.OBJ
 0001:00000a2e       @__vbaI2I4                 00401a2e     PC2014.OBJ
 0001:00000a34       @__vbaFpR8                 00401a34     PC2014.OBJ
 0001:00000a34       ___vbaFpR8                 00401a34     PC2014.OBJ
 0001:00000a3a       ___vbaVarSub               00401a3a     PC2014.OBJ
 0001:00000a3a       @__vbaVarSub               00401a3a     PC2014.OBJ
 0001:00000a40       ___vbaVarTstLe             00401a40     PC2014.OBJ
 0001:00000a40       @__vbaVarTstLe             00401a40     PC2014.OBJ
 0001:00000a46       @__vbaVarCmpLt             00401a46     PC2014.OBJ
 0001:00000a46       ___vbaVarCmpLt             00401a46     PC2014.OBJ
 0001:00000a4c       @__vbaVarAnd               00401a4c     PC2014.OBJ
 0001:00000a4c       ___vbaVarAnd               00401a4c     PC2014.OBJ
 0001:00000a52       @__vbaBoolVarNull          00401a52     PC2014.OBJ
 0001:00000a52       ___vbaBoolVarNull          00401a52     PC2014.OBJ
 0001:00000a58       @__vbaVarMove              00401a58     PC2014.OBJ
 0001:00000a58       ___vbaVarMove              00401a58     PC2014.OBJ
 0001:00000a5e       ___vbaR4Var                00401a5e     PC2014.OBJ
 0001:00000a5e       @__vbaR4Var                00401a5e     PC2014.OBJ
 0001:00000a64       @__vbaLateMemSt            00401a64     PC2014.OBJ
 0001:00000a64       ___vbaLateMemSt            00401a64     PC2014.OBJ
 0001:00000a6a       ___vbaLateMemCallLd        00401a6a     PC2014.OBJ
 0001:00000a6a       @__vbaLateMemCallLd        00401a6a     PC2014.OBJ
 0001:00000a70       @__vbaStrToUnicode         00401a70     PC2014.OBJ
 0001:00000a70       ___vbaStrToUnicode         00401a70     PC2014.OBJ
 0001:00000a76       @__vbaStrToAnsi            00401a76     PC2014.OBJ
 0001:00000a76       ___vbaStrToAnsi            00401a76     PC2014.OBJ
 0001:00000a7c       @__vba@06C6AC68            00401a7c     PC2014.OBJ
 0001:00000a7c       ___vba@06C6AC68            00401a7c     PC2014.OBJ
 0001:00000a82       @__vbaLenVarB              00401a82     PC2014.OBJ
 0001:00000a82       ___vbaLenVarB              00401a82     PC2014.OBJ
 0001:00000a88       ___vbaI4Var                00401a88     PC2014.OBJ
 0001:00000a88       @__vbaI4Var                00401a88     PC2014.OBJ
 0001:00000a8e       ___vbaRedim                00401a8e     PC2014.OBJ
 0001:00000a8e       @__vbaRedim                00401a8e     PC2014.OBJ
 0001:00000a94       ___vbaAryDestruct          00401a94     PC2014.OBJ
 0001:00000a94       @__vbaAryDestruct          00401a94     PC2014.OBJ
 0001:00000a9a       ___vbaUbound               00401a9a     PC2014.OBJ
 0001:00000a9a       @__vbaUbound               00401a9a     PC2014.OBJ
 0001:00000aa0       @__vba@06C73B0C            00401aa0     PC2014.OBJ
 0001:00000aa0       ___vba@06C73B0C            00401aa0     PC2014.OBJ
 0001:00000aa6       ___vbaAryVar               00401aa6     PC2014.OBJ
 0001:00000aa6       @__vbaAryVar               00401aa6     PC2014.OBJ
 0001:00000aac       ___vbaAryCopy              00401aac     PC2014.OBJ
 0001:00000aac       @__vbaAryCopy              00401aac     PC2014.OBJ
 0001:00000ab2       ___vbaGenerateBoundsError  00401ab2     PC2014.OBJ
 0001:00000ab2       @__vbaGenerateBoundsError  00401ab2     PC2014.OBJ
 0001:00000ab8       ___vba@00335E38            00401ab8     PC2014.OBJ
 0001:00000ab8       @__vba@00335E38            00401ab8     PC2014.OBJ
 0001:00000abe       @__vbaStrVarVal            00401abe     PC2014.OBJ
 0001:00000abe       ___vbaStrVarVal            00401abe     PC2014.OBJ
 0001:00000ac4       @__vba@06C73928            00401ac4     PC2014.OBJ
 0001:00000ac4       ___vba@06C73928            00401ac4     PC2014.OBJ
 0001:00000aca       @__vbaStrUI1               00401aca     PC2014.OBJ
 0001:00000aca       ___vbaStrUI1               00401aca     PC2014.OBJ
 0001:00000ad0       ___vbaUI1Str               00401ad0     PC2014.OBJ
 0001:00000ad0       @__vbaUI1Str               00401ad0     PC2014.OBJ
 0001:00000ad6       @__vbaUI1Var               00401ad6     PC2014.OBJ
 0001:00000ad6       ___vbaUI1Var               00401ad6     PC2014.OBJ
 0001:00000adc       ___vbaStrI4                00401adc     PC2014.OBJ
 0001:00000adc       @__vbaStrI4                00401adc     PC2014.OBJ
 0001:00000ae2       ___vbaInStr                00401ae2     PC2014.OBJ
 0001:00000ae2       @__vbaInStr                00401ae2     PC2014.OBJ
 0001:00000ae8       ___vbaErase                00401ae8     PC2014.OBJ
 0001:00000ae8       @__vbaErase                00401ae8     PC2014.OBJ
 0001:00000aee       @__vbaGetOwner3            00401aee     PC2014.OBJ
 0001:00000aee       ___vbaGetOwner3            00401aee     PC2014.OBJ
 0001:00000af4       @__vba@06C50B64            00401af4     PC2014.OBJ
 0001:00000af4       ___vba@06C50B64            00401af4     PC2014.OBJ
 0001:00000afa       @__vba@06C50BF4            00401afa     PC2014.OBJ
 0001:00000afa       ___vba@06C50BF4            00401afa     PC2014.OBJ
 0001:00000b00       @__vba@06C50C2C            00401b00     PC2014.OBJ
 0001:00000b00       ___vba@06C50C2C            00401b00     PC2014.OBJ
 0001:00000b06       @__vbaVarTstEq             00401b06     PC2014.OBJ
 0001:00000b06       ___vbaVarTstEq             00401b06     PC2014.OBJ
 0001:00000b0c       ___vbaFileOpen             00401b0c     PC2014.OBJ
 0001:00000b0c       @__vbaFileOpen             00401b0c     PC2014.OBJ
 0001:00000b12       @__vbaI4Str                00401b12     PC2014.OBJ
 0001:00000b12       ___vbaI4Str                00401b12     PC2014.OBJ
 0001:00000b18       ___vbaLateIdSt             00401b18     PC2014.OBJ
 0001:00000b18       @__vbaLateIdSt             00401b18     PC2014.OBJ
 0001:00000b1e       ___vbaI2Var                00401b1e     PC2014.OBJ
 0001:00000b1e       @__vbaI2Var                00401b1e     PC2014.OBJ
 0001:00000b24       ___vbaLateIdCall           00401b24     PC2014.OBJ
 0001:00000b24       @__vbaLateIdCall           00401b24     PC2014.OBJ
 0001:00000b2a       @__vba@06C50E54            00401b2a     PC2014.OBJ
 0001:00000b2a       ___vba@06C50E54            00401b2a     PC2014.OBJ
 0001:00000b30       ___vba@06C50E8C            00401b30     PC2014.OBJ
 0001:00000b30       @__vba@06C50E8C            00401b30     PC2014.OBJ
 0001:00000b36       @__vba@06C50EC4            00401b36     PC2014.OBJ
 0001:00000b36       ___vba@06C50EC4            00401b36     PC2014.OBJ
 0001:00000b3c       ___vbaFPInt                00401b3c     PC2014.OBJ
 0001:00000b3c       @__vbaFPInt                00401b3c     PC2014.OBJ
 0001:00000b42       ___vbaFpI2                 00401b42     PC2014.OBJ
 0001:00000b42       @__vbaFpI2                 00401b42     PC2014.OBJ
 0001:00000b48       ___vba@06C50F8C            00401b48     PC2014.OBJ
 0001:00000b48       @__vba@06C50F8C            00401b48     PC2014.OBJ
 0001:00000b4e       ___vbaLenBstr              00401b4e     PC2014.OBJ
 0001:00000b4e       @__vbaLenBstr              00401b4e     PC2014.OBJ
 0001:00000b54       @__vba@06C5126C            00401b54     PC2014.OBJ
 0001:00000b54       ___vba@06C5126C            00401b54     PC2014.OBJ
 0001:00000b5a       @__vba@06C512A4            00401b5a     PC2014.OBJ
 0001:00000b5a       ___vba@06C512A4            00401b5a     PC2014.OBJ
 0001:00000b60       @__vbaVarAdd               00401b60     PC2014.OBJ
 0001:00000b60       ___vbaVarAdd               00401b60     PC2014.OBJ
 0001:00000b66       @__vbaLateIdCallLd         00401b66     PC2014.OBJ
 0001:00000b66       ___vbaLateIdCallLd         00401b66     PC2014.OBJ
 0001:00000b6c       ___vbaFileClose            00401b6c     PC2014.OBJ
 0001:00000b6c       @__vbaFileClose            00401b6c     PC2014.OBJ
 0001:00000b72       ___vba@06C513C0            00401b72     PC2014.OBJ
 0001:00000b72       @__vba@06C513C0            00401b72     PC2014.OBJ
 0001:00000b78       ___vbaLsetFixstr           00401b78     PC2014.OBJ
 0001:00000b78       @__vbaLsetFixstr           00401b78     PC2014.OBJ
 0001:00000b7e       ___vba@06C51494            00401b7e     PC2014.OBJ
 0001:00000b7e       @__vba@06C51494            00401b7e     PC2014.OBJ
 0001:00000b84       @__vba@06C514CC            00401b84     PC2014.OBJ
 0001:00000b84       ___vba@06C514CC            00401b84     PC2014.OBJ
 0001:00000b8a       ___vbaStrFixstr            00401b8a     PC2014.OBJ
 0001:00000b8a       @__vbaStrFixstr            00401b8a     PC2014.OBJ
 0001:00000b90       @__vbaInStrVar             00401b90     PC2014.OBJ
 0001:00000b90       ___vbaInStrVar             00401b90     PC2014.OBJ
 0001:00000b96       ___vbaRecAnsiToUni         00401b96     PC2014.OBJ
 0001:00000b96       @__vbaRecAnsiToUni         00401b96     PC2014.OBJ
 0001:00000b9c       @__vbaRecUniToAnsi         00401b9c     PC2014.OBJ
 0001:00000b9c       ___vbaRecUniToAnsi         00401b9c     PC2014.OBJ
 0001:00000ba2       @__vba@06C51648            00401ba2     PC2014.OBJ
 0001:00000ba2       ___vba@06C51648            00401ba2     PC2014.OBJ
 0001:00000ba8       @__vba@06C516BC            00401ba8     PC2014.OBJ
 0001:00000ba8       ___vba@06C516BC            00401ba8     PC2014.OBJ
 0001:00000bae       ___vba@06C516F4            00401bae     PC2014.OBJ
 0001:00000bae       @__vba@06C516F4            00401bae     PC2014.OBJ
 0001:00000bb4       @__vbaVarIndexLoad         00401bb4     PC2014.OBJ
 0001:00000bb4       ___vbaVarIndexLoad         00401bb4     PC2014.OBJ
 0001:00000bd4       ___vbaS                    00401bd4     PC2014.OBJ
 0001:00001edc       ___vba@06BA2874            00402edc     PC2014.OBJ
 0001:00001f20       ___vba@00333464            00402f20     PC2014.OBJ
 0001:00001f68       ___vba@06BA5C34            00402f68     PC2014.OBJ
 0001:00001fb4       ___vba@06BA3BDC            00402fb4     PC2014.OBJ
 0001:00002000       ___vba@00334E44            00403000     PC2014.OBJ
 0001:000020e0       ___vba@06BA3E04            004030e0     PC2014.OBJ
 0001:000027e8       ___vba@06C73E8C            004037e8     PC2014.OBJ
 0001:00002ab4       ___vba@06BA46A4            00403ab4     PC2014.OBJ
 0001:00002dd0       ___vba@06BB79DC            00403dd0     PC2014.OBJ
 0001:00003108       ___vba@06C72F74            00404108     PC2014.OBJ
 0001:00003454       ___vba@06BB7E2C            00404454     PC2014.OBJ
 0001:000037b4       ___vba@06BA4254            004047b4     PC2014.OBJ
 0001:00003b30       ___vba@06BA2EEC            00404b30     PC2014.OBJ
 0001:00003f20       ___vba@06BB88F4            00404f20     PC2014.OBJ
 0001:00004774       ___vba@06BB827C            00405774     PC2014.OBJ
 0001:00004bdc       ___vba@06C51B0C            00405bdc     PC2014.OBJ
 0001:00005100       ___vba@06BB8F6C            00406100     PC2014.OBJ
 0001:00005698       ___vba@06C7472C            00406698     PC2014.OBJ
 0001:000061e8       ___vba@06BA4AF4            004071e8     PC2014.OBJ
 0001:00006e24       ___vba@0033590C            00407e24     PC2014.OBJ
 0001:00008000       ___vba@06BA55BC            00409000     PC2014.OBJ
 0001:00008530       ___vba@06BA5614            00409530     PC2014.OBJ
 0001:00008538       ___vba@06BA5620            00409538     PC2014.OBJ
 0001:00008540       ___vba@06BA562C            00409540     PC2014.OBJ
 0001:0000854c       ___vba@06BA563C            0040954c     PC2014.OBJ
 0001:00008554       ___vba@06BA5648            00409554     PC2014.OBJ
 0001:0000855c       ___vba@06BA5654            0040955c     PC2014.OBJ
 0001:00008564       ___vba@06BA5660            00409564     PC2014.OBJ
 0001:00008568       ___vba@06BA5668            00409568     PC2014.OBJ
 0001:00008570       ___vba@06BA5674            00409570     PC2014.OBJ
 0001:00008578       ___vba@06BA5680            00409578     PC2014.OBJ
 0001:00008580       ___vba@06BA568C            00409580     PC2014.OBJ
 0001:0000858c       ___vba@06BA569C            0040958c     PC2014.OBJ
 0001:00008598       ___vba@06BA56AC            00409598     PC2014.OBJ
 0001:000085a0       ___vba@06BA56B8            004095a0     PC2014.OBJ
 0001:000085ac       ___vba@06BA56C8            004095ac     PC2014.OBJ
 0001:000085b0       ___vba@06BA56D0            004095b0     PC2014.OBJ
 0001:000085b8       ___vba@06BA56DC            004095b8     PC2014.OBJ
 0001:000085c0       ___vba@06BA56E8            004095c0     PC2014.OBJ
 0001:000085c8       ___vba@06BA56F4            004095c8     PC2014.OBJ
 0001:000085dc       ___vba@06BA570C            004095dc     PC2014.OBJ
 0001:000085e4       ___vba@06BA5718            004095e4     PC2014.OBJ
 0001:000085f4       ___vba@06BA5728            004095f4     PC2014.OBJ
 0001:0000860c       ___vba@06BA5748            0040960c     PC2014.OBJ
 0001:0000861c       ___vba@06BA575C            0040961c     PC2014.OBJ
 0001:0000862c       ___vba@06BA5770            0040962c     PC2014.OBJ
 0001:0000863c       ___vba@06BA5784            0040963c     PC2014.OBJ
 0001:0000864c       ___vba@06BA5798            0040964c     PC2014.OBJ
 0001:0000865c       ___vba@06BA57AC            0040965c     PC2014.OBJ
 0001:00008668       ___vba@003345A4            00409668     PC2014.OBJ
 0001:00008678       ___vba@003345B8            00409678     PC2014.OBJ
 0001:000086b4       ___vba@003345F8            004096b4     PC2014.OBJ
 0001:000086b8       ___vba@00334600            004096b8     PC2014.OBJ
 0001:000086e0       ___vba@0033462C            004096e0     PC2014.OBJ
 0001:000086ec       ___vba@0033463C            004096ec     PC2014.OBJ
 0001:000086f8       ___vba@0033464C            004096f8     PC2014.OBJ
 0001:00008708       ___vba@00334660            00409708     PC2014.OBJ
 0001:00008710       ___vba@0033466C            00409710     PC2014.OBJ
 0001:00008720       ___vba@00334680            00409720     PC2014.OBJ
 0001:00008728       ___vba@0033468C            00409728     PC2014.OBJ
 0001:00008738       ___vba@003346A0            00409738     PC2014.OBJ
 0001:00008740       ___vba@003346AC            00409740     PC2014.OBJ
 0001:00008750       ___vba@003346C0            00409750     PC2014.OBJ
 0001:00008758       ___vba@003346CC            00409758     PC2014.OBJ
 0001:00008760       ___vba@003346D8            00409760     PC2014.OBJ
 0001:00008768       ___vba@003346E4            00409768     PC2014.OBJ
 0001:00008770       ___vba@003346F0            00409770     PC2014.OBJ
 0001:0000877c       ___vba@00334700            0040977c     PC2014.OBJ
 0001:00008784       ___vba@0033470C            00409784     PC2014.OBJ
 0001:00008794       ___vba@00334720            00409794     PC2014.OBJ
 0001:0000879c       ___vba@0033472C            0040979c     PC2014.OBJ
 0001:000087a4       ___vba@00334738            004097a4     PC2014.OBJ
 0001:000087b0       ___vba@00334748            004097b0     PC2014.OBJ
 0001:000087b8       ___vba@00334754            004097b8     PC2014.OBJ
 0001:000087c0       ___vba@00334760            004097c0     PC2014.OBJ
 0001:000087c8       ___vba@0033476C            004097c8     PC2014.OBJ
 0001:000087d0       ___vba@00334778            004097d0     PC2014.OBJ
 0001:000087d8       ___vba@00334784            004097d8     PC2014.OBJ
 0001:000087e0       ___vba@00334790            004097e0     PC2014.OBJ
 0001:000087e8       ___vba@06C0A7B4            004097e8     PC2014.OBJ
 0001:000087f0       ___vba@06C0A7C0            004097f0     PC2014.OBJ
 0001:000087f8       ___vba@06C0A7CC            004097f8     PC2014.OBJ
 0001:00008800       ___vba@06C0A7D8            00409800     PC2014.OBJ
 0001:00008808       ___vba@06C0A7E4            00409808     PC2014.OBJ
 0001:00008810       ___vba@06C0A7F0            00409810     PC2014.OBJ
 0001:0000881c       ___vba@06C0A800            0040981c     PC2014.OBJ
 0001:00008828       ___vba@06C0A810            00409828     PC2014.OBJ
 0001:00008834       ___vba@06C0A820            00409834     PC2014.OBJ
 0001:00008840       ___vba@06C0A830            00409840     PC2014.OBJ
 0001:0000884c       ___vba@06C0A840            0040984c     PC2014.OBJ
 0001:00008860       ___vba@06C0A854            00409860     PC2014.OBJ
 0001:00008880       ___vba@06C0A878            00409880     PC2014.OBJ
 0001:00008904       ___vba@06C0A904            00409904     PC2014.OBJ
 0001:00008914       ___vba@06C0A918            00409914     PC2014.OBJ
 0001:00008924       ___vba@06C0A92C            00409924     PC2014.OBJ
 0001:00008934       ___vba@06C0A940            00409934     PC2014.OBJ
 0001:00008948       ___vba@06C0A954            00409948     PC2014.OBJ
 0001:00008950       ___vba@06C0A960            00409950     PC2014.OBJ
 0001:0000895c       ___vba@06C0A974            0040995c     PC2014.OBJ
 0001:00008974       ___vba@06C0A98C            00409974     PC2014.OBJ
 0001:0000897c       ___vba@06C0A998            0040997c     PC2014.OBJ
 0001:00008980       ___vba@06C0AE2C            00409980     PC2014.OBJ
 0001:00008990       ___vba@06C0AE40            00409990     PC2014.OBJ
 0001:000089a8       ___vba@06C0AE58            004099a8     PC2014.OBJ
 0001:00008a48       ___vba@06C0AEFC            00409a48     PC2014.OBJ
 0001:00008a50       ___vba@06C0AF0C            00409a50     PC2014.OBJ
 0001:00008a6c       ___vba@06C0AF28            00409a6c     PC2014.OBJ
 0001:00008a80       ___vba@06C0AF40            00409a80     PC2014.OBJ
 0001:00008ab4       ___vba@06C0AF64            00409ab4     PC2014.OBJ
 0001:00008ad4       ___vba@06C0AF9C            00409ad4     PC2014.OBJ
 0001:00008afc       ___vba@06C0AFB4            00409afc     PC2014.OBJ
 0001:00008b1c       ___vba@06C0AFEC            00409b1c     PC2014.OBJ
 0001:00008b2c       ___vba@06C0B004            00409b2c     PC2014.OBJ
 0001:00008b3c       ___vba@06C0B018            00409b3c     PC2014.OBJ
 0001:00008b64       ___vba@06C0B4A4            00409b64     PC2014.OBJ
 0001:00008b84       ___vba@06C0B4DC            00409b84     PC2014.OBJ
 0001:00008ba8       ___vba@06C0B4F0            00409ba8     PC2014.OBJ
 0001:00008bc8       ___vba@06C0B528            00409bc8     PC2014.OBJ
 0001:00008bec       ___vba@06C0B53C            00409bec     PC2014.OBJ
 0001:00008c0c       ___vba@06C0B574            00409c0c     PC2014.OBJ
 0001:00008c1c       ___vba@06C0B588            00409c1c     PC2014.OBJ
 0001:00008c44       ___vba@06C0B5A0            00409c44     PC2014.OBJ
 0001:00008c60       ___vba@06C0B5D8            00409c60     PC2014.OBJ
 0001:00008c70       ___vba@06C0B5E8            00409c70     PC2014.OBJ
 0001:00008ce4       ___vba@06C0B660            00409ce4     PC2014.OBJ
 0001:00008cec       ___vba@06C0B670            00409cec     PC2014.OBJ
 0001:00008cfc       ___vba@06C0B684            00409cfc     PC2014.OBJ
 0001:00008d10       ___vba@06C0B6CC            00409d10     PC2014.OBJ
 0001:00008d80       ___vba@06C0B740            00409d80     PC2014.OBJ
 0001:00008d84       ___vba@06C0B74C            00409d84     PC2014.OBJ
 0001:00008d94       ___vba@06C0B760            00409d94     PC2014.OBJ
 0001:00008da4       ___vba@06C0B774            00409da4     PC2014.OBJ
 0001:00008db4       ___vba@06C0B788            00409db4     PC2014.OBJ
 0001:00008dc4       ___vba@06C0B79C            00409dc4     PC2014.OBJ
 0001:00008dd4       ___vba@06C0B7B0            00409dd4     PC2014.OBJ
 0001:00008de4       ___vba@06C0B7C4            00409de4     PC2014.OBJ
 0001:00008df0       ___vba@06C0B7D0            00409df0     PC2014.OBJ
 0001:00008dfc       ___vba@06C0B7E0            00409dfc     PC2014.OBJ
 0001:00008e24       ___vba@06C0B7F8            00409e24     PC2014.OBJ
 0001:00008e44       ___vba@06C0B830            00409e44     PC2014.OBJ
 0001:00008e6c       ___vba@06C0B848            00409e6c     PC2014.OBJ
 0001:00008e8c       ___vba@06C0B880            00409e8c     PC2014.OBJ
 0001:00008ea8       ___vba@06C0B8A4            00409ea8     PC2014.OBJ
 0001:00008eb8       ___vba@06C0B8B8            00409eb8     PC2014.OBJ
 0001:00008ee0       ___vba@06BB77B4            00409ee0     PC2014.OBJ
 0001:00008efc       ___vba@06BB77EC            00409efc     PC2014.OBJ
 0001:00008f14       ___vba@06BB7808            00409f14     PC2014.OBJ
 0001:00008f28       ___vba@06BB781C            00409f28     PC2014.OBJ
 0001:00008f30       ___vba@06BB7828            00409f30     PC2014.OBJ
 0001:00008f40       ___vba@06BB783C            00409f40     PC2014.OBJ
 0001:00008f4c       ___vba@06BB7850            00409f4c     PC2014.OBJ
 0001:00008f5c       ___vba@06BB7864            00409f5c     PC2014.OBJ
 0001:00008f6c       ___vba@06BB7878            00409f6c     PC2014.OBJ
 0001:00008f7c       ___vba@06BB788C            00409f7c     PC2014.OBJ
 0001:00008f8c       ___vba@06BB78A0            00409f8c     PC2014.OBJ
 0001:00008f9c       ___vba@06BB78B0            00409f9c     PC2014.OBJ
 0001:00008ff8       ___vba@06BB7914            00409ff8     PC2014.OBJ
 0001:00009008       ___vba@06BB7928            0040a008     PC2014.OBJ
 0001:00009018       ___vba@06BB793C            0040a018     PC2014.OBJ
 0001:00009028       ___vba@06BB7950            0040a028     PC2014.OBJ
 0001:00009038       ___vba@06BB7964            0040a038     PC2014.OBJ
 0001:00009048       ___vba@06BB7978            0040a048     PC2014.OBJ
 0001:00009050       ___vba@06BB7984            0040a050     PC2014.OBJ
 0001:0000905c       ___vba@06BB7994            0040a05c     PC2014.OBJ
 0001:0000906c       ___vba@06BB86CC            0040a06c     PC2014.OBJ
 0001:0000907c       ___vba@06BB86E0            0040a07c     PC2014.OBJ
 0001:0000908c       ___vba@06BB86F4            0040a08c     PC2014.OBJ
 0001:0000909c       ___vba@06BB8708            0040a09c     PC2014.OBJ
 0001:000090a8       ___vba@06BB8714            0040a0a8     PC2014.OBJ
 0001:000090b8       ___vba@06BB8728            0040a0b8     PC2014.OBJ
 0001:000090e0       ___vba@06BB8740            0040a0e0     PC2014.OBJ
 0001:00009100       ___vba@06BB8778            0040a100     PC2014.OBJ
 0001:0000912c       ___vba@06BB8794            0040a12c     PC2014.OBJ
 0001:0000914c       ___vba@06BB87CC            0040a14c     PC2014.OBJ
 0001:0000917c       ___vba@06BB87EC            0040a17c     PC2014.OBJ
 0001:0000919c       ___vba@06BB8824            0040a19c     PC2014.OBJ
 0001:000091c4       ___vba@06BB883C            0040a1c4     PC2014.OBJ
 0001:000091e4       ___vba@06BB8874            0040a1e4     PC2014.OBJ
 0001:00009208       ___vba@06BB8888            0040a208     PC2014.OBJ
 0001:00009224       ___vba@06BB8D44            0040a224     PC2014.OBJ
 0001:00009234       ___vba@06BB8D58            0040a234     PC2014.OBJ
 0001:00009244       ___vba@06BB8D6C            0040a244     PC2014.OBJ
 0001:00009254       ___vba@06BB8D80            0040a254     PC2014.OBJ
 0001:00009264       ___vba@06BB8D94            0040a264     PC2014.OBJ
 0001:00009270       ___vba@06BB8DA4            0040a270     PC2014.OBJ
 0001:00009280       ___vba@06BB8DB8            0040a280     PC2014.OBJ
 0001:00009290       ___vba@06BB8DCC            0040a290     PC2014.OBJ
 0001:000092a0       ___vba@06BB8DE0            0040a2a0     PC2014.OBJ
 0001:000092b0       ___vba@06BB8DF4            0040a2b0     PC2014.OBJ
 0001:000092b8       ___vba@06BB8E00            0040a2b8     PC2014.OBJ
 0001:000092c8       ___vba@06BB8E10            0040a2c8     PC2014.OBJ
 0001:000092cc       ___vba@06BB8E1C            0040a2cc     PC2014.OBJ
 0001:000092d8       ___vba@06BB8E64            0040a2d8     PC2014.OBJ
 0001:000092e4       ___vba@06BB8EAC            0040a2e4     PC2014.OBJ
 0001:000092f0       ___vba@06BB8F2C            0040a2f0     PC2014.OBJ
 0001:00009304       ___vba@06C6904C            0040a304     PC2014.OBJ
 0001:00009314       ___vba@06C690D0            0040a314     PC2014.OBJ
 0001:00009328       ___vba@06C69120            0040a328     PC2014.OBJ
 0001:0000933c       ___vba@06C69170            0040a33c     PC2014.OBJ
 0001:00009350       ___vba@06C691C0            0040a350     PC2014.OBJ
 0001:00009360       ___vba@06BA62E4            0040a360     PC2014.OBJ
 0001:00009374       ___vba@06BA6338            0040a374     PC2014.OBJ
 0001:00009380       ___vba@06BA6380            0040a380     PC2014.OBJ
 0001:00009394       ___vba@06BA63D0            0040a394     PC2014.OBJ
 0001:000093a4       ___vba@06BA6454            0040a3a4     PC2014.OBJ
 0001:000093b0       ___vba@06C6942C            0040a3b0     PC2014.OBJ
 0001:000093c4       ___vba@06C6947C            0040a3c4     PC2014.OBJ
 0001:000093d4       ___vba@06C694C8            0040a3d4     PC2014.OBJ
 0001:000093ec       ___vba@06C6951C            0040a3ec     PC2014.OBJ
 0001:000093f8       ___vba@06C69564            0040a3f8     PC2014.OBJ
 0001:0000940c       ___vba@06C695B0            0040a40c     PC2014.OBJ
 0001:00009430       ___vba@06C695C4            0040a430     PC2014.OBJ
 0001:0000944c       ___vba@06C695FC            0040a44c     PC2014.OBJ
 0001:0000945c       ___vba@06C69610            0040a45c     PC2014.OBJ
 0001:00009484       ___vba@06C69654            0040a484     PC2014.OBJ
 0001:000094b8       ___vba@06C6968C            0040a4b8     PC2014.OBJ
 0001:000094d4       ___vba@06C696C4            0040a4d4     PC2014.OBJ
 0001:000094e4       ___vba@06C696D8            0040a4e4     PC2014.OBJ
 0001:000094f8       ___vba@06C69728            0040a4f8     PC2014.OBJ
 0001:00009504       ___vba@06C697A8            0040a504     PC2014.OBJ
 0001:00009510       ___vba@06C69828            0040a510     PC2014.OBJ
 0001:0000951c       ___vba@06C69838            0040a51c     PC2014.OBJ
 0001:0000952c       ___vba@06C69ADC            0040a52c     PC2014.OBJ
 0001:00009540       ___vba@06C69B2C            0040a540     PC2014.OBJ
 0001:0000954c       ___vba@06C69B3C            0040a54c     PC2014.OBJ
 0001:0000955c       ___vba@06C69B4C            0040a55c     PC2014.OBJ
 0001:00009584       ___vba@06C69B64            0040a584     PC2014.OBJ
 0001:000095a4       ___vba@06C69B9C            0040a5a4     PC2014.OBJ
 0001:000095cc       ___vba@06C69BB4            0040a5cc     PC2014.OBJ
 0001:000095ec       ___vba@06C69BEC            0040a5ec     PC2014.OBJ
 0001:00009614       ___vba@06C69C04            0040a614     PC2014.OBJ
 0001:00009630       ___vba@06C69C3C            0040a630     PC2014.OBJ
 0001:0000963c       ___vba@06C69C4C            0040a63c     PC2014.OBJ
 0001:00009648       ___vba@06C69CCC            0040a648     PC2014.OBJ
 0001:00009658       ___vba@06C69CE0            0040a658     PC2014.OBJ
 0001:00009668       ___vba@06C69CF4            0040a668     PC2014.OBJ
 0001:00009678       ___vba@06C69D08            0040a678     PC2014.OBJ
 0001:00009684       ___vba@06C69D18            0040a684     PC2014.OBJ
 0001:00009690       ___vba@06C69D28            0040a690     PC2014.OBJ
 0001:000096a0       ___vba@06C69D3C            0040a6a0     PC2014.OBJ
 0001:000096ac       ___vba@06C69D4C            0040a6ac     PC2014.OBJ
 0001:000096bc       ___vba@06C69D5C            0040a6bc     PC2014.OBJ
 0001:000096e4       ___vba@06C69D74            0040a6e4     PC2014.OBJ
 0001:00009704       ___vba@06C69DAC            0040a704     PC2014.OBJ
 0001:0000972c       ___vba@06C69DC4            0040a72c     PC2014.OBJ
 0001:0000974c       ___vba@06C69DFC            0040a74c     PC2014.OBJ
 0001:0000977c       ___vba@06C69E1C            0040a77c     PC2014.OBJ
 0001:0000979c       ___vba@06C69E54            0040a79c     PC2014.OBJ
 0001:000097ac       ___vba@06C69E68            0040a7ac     PC2014.OBJ
 0001:000097d0       ___vba@06C69E7C            0040a7d0     PC2014.OBJ
 0001:000097f0       ___vba@06C69EB4            0040a7f0     PC2014.OBJ
 0001:00009818       ___vba@06C6A11C            0040a818     PC2014.OBJ
 0001:00009838       ___vba@06C6A154            0040a838     PC2014.OBJ
 0001:00009858       ___vba@06C6A164            0040a858     PC2014.OBJ
 0001:00009878       ___vba@06C6A19C            0040a878     PC2014.OBJ
 0001:000098a0       ___vba@06C6A1B4            0040a8a0     PC2014.OBJ
 0001:000098c0       ___vba@06C6A1EC            0040a8c0     PC2014.OBJ
 0001:000098e4       ___vba@06C6A200            0040a8e4     PC2014.OBJ
 0001:00009904       ___vba@06C6A238            0040a904     PC2014.OBJ
 0001:00009928       ___vba@06C6A24C            0040a928     PC2014.OBJ
 0001:00009948       ___vba@06C6A284            0040a948     PC2014.OBJ
 0001:00009970       ___vba@06C6A29C            0040a970     PC2014.OBJ
 0001:0000998c       ___vba@06C6A2D4            0040a98c     PC2014.OBJ
 0001:00009998       ___vba@06C6A2E4            0040a998     PC2014.OBJ
 0001:000099a4       ___vba@06C6A2F4            0040a9a4     PC2014.OBJ
 0001:000099ac       ___vba@06C6A300            0040a9ac     PC2014.OBJ
 0001:000099b4       ___vba@06C6A56C            0040a9b4     PC2014.OBJ
 0001:000099c4       ___vba@06C6A580            0040a9c4     PC2014.OBJ
 0001:000099d4       ___vba@06C6A594            0040a9d4     PC2014.OBJ
 0001:000099e0       ___vba@06C6A5A4            0040a9e0     PC2014.OBJ
 0001:000099ec       ___vba@06C6A5B4            0040a9ec     PC2014.OBJ
 0001:000099f4       ___vba@06C6A5C0            0040a9f4     PC2014.OBJ
 0001:00009a04       ___vba@06C6A5D4            0040aa04     PC2014.OBJ
 0001:00009a10       ___vba@06C6A5E4            0040aa10     PC2014.OBJ
 0001:00009a2c       ___vba@06C6A600            0040aa2c     PC2014.OBJ
 0001:00009a3c       ___vba@06C6A618            0040aa3c     PC2014.OBJ
 0001:00009a50       ___vba@06C6A62C            0040aa50     PC2014.OBJ
 0001:00009a60       ___vba@06C6A644            0040aa60     PC2014.OBJ
 0001:00009a70       ___vba@06C6A690            0040aa70     PC2014.OBJ
 0001:00009a80       ___vba@06C6A6DC            0040aa80     PC2014.OBJ
 0001:00009a90       ___vba@06C6A728            0040aa90     PC2014.OBJ
 0001:00009a9c       ___vba@06C6A738            0040aa9c     PC2014.OBJ
 0001:00009aa8       ___vba@06C6A748            0040aaa8     PC2014.OBJ
 0001:00009ab8       ___vba@06C0B2B4            0040aab8     PC2014.OBJ
 0001:00009ac8       ___vba@06C0B300            0040aac8     PC2014.OBJ
 0001:00009ad4       ___vba@06C0B348            0040aad4     PC2014.OBJ
 0001:00009ae0       ___vba@06C0B390            0040aae0     PC2014.OBJ
 0001:00009aec       ___vba@06C0B3D8            0040aaec     PC2014.OBJ
 0001:00009afc       ___vba@06C0B424            0040aafc     PC2014.OBJ
 0001:00009b0c       ___vba@06C6A7CC            0040ab0c     PC2014.OBJ
 0001:00009b20       ___vba@06C6A81C            0040ab20     PC2014.OBJ
 0001:00009b30       ___vba@06C6A868            0040ab30     PC2014.OBJ
 0001:00009b3c       ___vba@06C6A8B0            0040ab3c     PC2014.OBJ
 0001:00009b4c       ___vba@06C6A8FC            0040ab4c     PC2014.OBJ
 0001:00009b60       ___vba@06C6A94C            0040ab60     PC2014.OBJ
 0001:00009b78       ___vba@06C6A964            0040ab78     PC2014.OBJ
 0001:00009b8c       ___vba@06C6A97C            0040ab8c     PC2014.OBJ
 0001:00009b9c       ___vba@06C6AC1C            0040ab9c     PC2014.OBJ
 0001:00009bac       ___vba@06C6ACA0            0040abac     PC2014.OBJ
 0001:00009bbc       ___vba@06C6ACEC            0040abbc     PC2014.OBJ
 0001:00009bc8       ___vba@06C6AD34            0040abc8     PC2014.OBJ
 0001:00009bd8       ___vba@06C6AD48            0040abd8     PC2014.OBJ
 0001:00009be8       ___vba@06C6AD5C            0040abe8     PC2014.OBJ
 0001:00009bf8       ___vba@06C6AD70            0040abf8     PC2014.OBJ
 0001:00009c0c       ___vba@06C6AD84            0040ac0c     PC2014.OBJ
 0001:00009c14       ___vba@06C6AD90            0040ac14     PC2014.OBJ
 0001:00009c44       ___vba@06C6ADC4            0040ac44     PC2014.OBJ
 0001:00009c4c       ___vba@06C733C4            0040ac4c     PC2014.OBJ
 0001:00009c7c       ___vba@06C733E0            0040ac7c     PC2014.OBJ
 0001:00009cb0       ___vba@06C73418            0040acb0     PC2014.OBJ
 0001:00009ce4       ___vba@06C73450            0040ace4     PC2014.OBJ
 0001:00009d04       ___vba@06C73488            0040ad04     PC2014.OBJ
 0001:00009d30       ___vba@06C734A4            0040ad30     PC2014.OBJ
 0001:00009d64       ___vba@06C734DC            0040ad64     PC2014.OBJ
 0001:00009d80       ___vba@06C73514            0040ad80     PC2014.OBJ
 0001:00009dc4       ___vba@06C73558            0040adc4     PC2014.OBJ
 0001:00009dcc       ___vba@06C73564            0040adcc     PC2014.OBJ
 0001:00009df0       ___vba@06C7358C            0040adf0     PC2014.OBJ
 0001:00009e10       ___vba@06C735EC            0040ae10     PC2014.OBJ
 0001:00009e30       ___vba@06C73610            0040ae30     PC2014.OBJ
 0001:00009e4c       ___vba@06C73630            0040ae4c     PC2014.OBJ
 0001:00009e68       ___vba@06C73650            0040ae68     PC2014.OBJ
 0001:00009e7c       ___vba@06C73668            0040ae7c     PC2014.OBJ
 0001:00009e9c       ___vba@06C7368C            0040ae9c     PC2014.OBJ
 0001:00009eb4       ___vba@06C736A8            0040aeb4     PC2014.OBJ
 0001:00009ecc       ___vba@06C736C4            0040aecc     PC2014.OBJ
 0001:00009ee8       ___vba@06C736E4            0040aee8     PC2014.OBJ
 0001:00009f08       ___vba@06C73708            0040af08     PC2014.OBJ
 0001:00009f1c       ___vba@06C73720            0040af1c     PC2014.OBJ
 0001:00009f34       ___vba@06C7373C            0040af34     PC2014.OBJ
 0001:00009f48       ___vba@06C73754            0040af48     PC2014.OBJ
 0001:00009f60       ___vba@06C73770            0040af60     PC2014.OBJ
 0001:00009f74       ___vba@06C73788            0040af74     PC2014.OBJ
 0001:00009f90       ___vba@06C737AC            0040af90     PC2014.OBJ
 0001:00009f9c       ___vba@06C737BC            0040af9c     PC2014.OBJ
 0001:00009fb0       ___vba@06C737D0            0040afb0     PC2014.OBJ
 0001:00009fc4       ___vba@06C73A74            0040afc4     PC2014.OBJ
 0001:00009fd8       ___vba@06C73AC4            0040afd8     PC2014.OBJ
 0001:00009fe4       ___vba@06C73B44            0040afe4     PC2014.OBJ
 0001:00009ff0       ___vba@06C73B8C            0040aff0     PC2014.OBJ
 0001:0000a000       ___vba@06C73BD8            0040b000     PC2014.OBJ
 0001:0000a020       ___vba@00335D5C            0040b020     PC2014.OBJ
 0001:0000a03c       ___vba@00335D7C            0040b03c     PC2014.OBJ
 0001:0000a048       ___vba@00335D8C            0040b048     PC2014.OBJ
 0001:0000a0bc       ___vba@00335E04            0040b0bc     PC2014.OBJ
 0001:0000a0dc       ___vba@00335E28            0040b0dc     PC2014.OBJ
 0001:0000a0e8       ___vba@00335E70            0040b0e8     PC2014.OBJ
 0001:0000a0f4       ___vba@00335E80            0040b0f4     PC2014.OBJ
 0001:0000a138       ___vba@00335ECC            0040b138     PC2014.OBJ
 0001:0000a148       ___vba@00335EE0            0040b148     PC2014.OBJ
 0001:0000a158       ___vba@00335EF4            0040b158     PC2014.OBJ
 0001:0000a16c       ___vba@00335F08            0040b16c     PC2014.OBJ
 0001:0000a17c       ___vba@00335F1C            0040b17c     PC2014.OBJ
 0001:0000a1a0       ___vba@00335F44            0040b1a0     PC2014.OBJ
 0001:0000a1a8       ___vba@06C73814            0040b1a8     PC2014.OBJ
 0001:0000a1bc       ___vba@06C7382C            0040b1bc     PC2014.OBJ
 0001:0000a1c8       ___vba@06C7383C            0040b1c8     PC2014.OBJ
 0001:0000a244       ___vba@06C738BC            0040b244     PC2014.OBJ
 0001:0000a25c       ___vba@06C738DC            0040b25c     PC2014.OBJ
 0001:0000a26c       ___vba@06C73960            0040b26c     PC2014.OBJ
 0001:0000a278       ___vba@06C739A8            0040b278     PC2014.OBJ
 0001:0000a284       ___vba@06C739F0            0040b284     PC2014.OBJ
 0001:0000a294       ___vba@06C73C9C            0040b294     PC2014.OBJ
 0001:0000a2a0       ___vba@06C73CB0            0040b2a0     PC2014.OBJ
 0001:0000a2b0       ___vba@06C73CF8            0040b2b0     PC2014.OBJ
 0001:0000a314       ___vba@06C73D60            0040b314     PC2014.OBJ
 0001:0000a324       ___vba@06C73D74            0040b324     PC2014.OBJ
 0001:0000a32c       ___vba@06C73D80            0040b32c     PC2014.OBJ
 0001:0000a33c       ___vba@06C73D98            0040b33c     PC2014.OBJ
 0001:0000a34c       ___vba@06C73DAC            0040b34c     PC2014.OBJ
 0001:0000a35c       ___vba@06C73DC0            0040b35c     PC2014.OBJ
 0001:0000a36c       ___vba@06C73DD4            0040b36c     PC2014.OBJ
 0001:0000a37c       ___vba@06C73DE8            0040b37c     PC2014.OBJ
 0001:0000a38c       ___vba@06C73DF8            0040b38c     PC2014.OBJ
 0001:0000a3b8       ___vba@06C73E2C            0040b3b8     PC2014.OBJ
 0001:0000a3c8       ___vba@06C73E3C            0040b3c8     PC2014.OBJ
 0001:0000a3d4       ___vba@06C7453C            0040b3d4     PC2014.OBJ
 0001:0000a3e4       ___vba@06C74550            0040b3e4     PC2014.OBJ
 0001:0000a3f4       ___vba@06C74564            0040b3f4     PC2014.OBJ
 0001:0000a404       ___vba@06C74578            0040b404     PC2014.OBJ
 0001:0000a414       ___vba@06C7458C            0040b414     PC2014.OBJ
 0001:0000a41c       ___vba@06C74598            0040b41c     PC2014.OBJ
 0001:0000a424       ___vba@06C745A4            0040b424     PC2014.OBJ
 0001:0000a434       ___vba@06C745B8            0040b434     PC2014.OBJ
 0001:0000a43c       ___vba@06C745C4            0040b43c     PC2014.OBJ
 0001:0000a444       ___vba@06C745D0            0040b444     PC2014.OBJ
 0001:0000a44c       ___vba@06C745DC            0040b44c     PC2014.OBJ
 0001:0000a45c       ___vba@06C745EC            0040b45c     PC2014.OBJ
 0001:0000a480       ___vba@06C74614            0040b480     PC2014.OBJ
 0001:0000a498       ___vba@06C74634            0040b498     PC2014.OBJ
 0001:0000a4bc       ___vba@06C74658            0040b4bc     PC2014.OBJ
 0001:0000a4e4       ___vba@06C74670            0040b4e4     PC2014.OBJ
 0001:0000a504       ___vba@06C746A8            0040b504     PC2014.OBJ
 0001:0000a528       ___vba@06C746BC            0040b528     PC2014.OBJ
 0001:0000a55c       ___vba@06BA5A0C            0040b55c     PC2014.OBJ
 0001:0000a57c       ___vba@06BA5A44            0040b57c     PC2014.OBJ
 0001:0000a58c       ___vba@06BA5A58            0040b58c     PC2014.OBJ
 0001:0000a5bc       ___vba@06BA5A78            0040b5bc     PC2014.OBJ
 0001:0000a5dc       ___vba@06BA5AB0            0040b5dc     PC2014.OBJ
 0001:0000a608       ___vba@06BA5ACC            0040b608     PC2014.OBJ
 0001:0000a628       ___vba@06BA5B04            0040b628     PC2014.OBJ
 0001:0000a64c       ___vba@06BA5B18            0040b64c     PC2014.OBJ
 0001:0000a66c       ___vba@06BA5B50            0040b66c     PC2014.OBJ
 0001:0000a690       ___vba@06BA5B64            0040b690     PC2014.OBJ
 0001:0000a6b0       ___vba@06BA5B9C            0040b6b0     PC2014.OBJ
 0001:0000a6e0       ___vba@06BA5BBC            0040b6e0     PC2014.OBJ
 0001:0000a700       ___vba@06BA5BF4            0040b700     PC2014.OBJ
 0001:0000a728       ___vba@06C74B7C            0040b728     PC2014.OBJ
 0001:0000a748       ___vba@06C74BB4            0040b748     PC2014.OBJ
 0001:0000a774       ___vba@06C74BD0            0040b774     PC2014.OBJ
 0001:0000a794       ___vba@06C74C08            0040b794     PC2014.OBJ
 0001:0000a7cc       ___vba@06C74C30            0040b7cc     PC2014.OBJ
 0001:0000a7ec       ___vba@06C74C68            0040b7ec     PC2014.OBJ
 0001:0000a818       ___vba@06C74C84            0040b818     PC2014.OBJ
 0001:0000a838       ___vba@06C74CBC            0040b838     PC2014.OBJ
 0001:0000a864       ___vba@06C74CD8            0040b864     PC2014.OBJ
 0001:0000a884       ___vba@06C74D10            0040b884     PC2014.OBJ
 0001:0000a8ac       ___vba@06C74D28            0040b8ac     PC2014.OBJ
 0001:0000a8cc       ___vba@06C74D60            0040b8cc     PC2014.OBJ
 0001:0000a8f8       ___vba@06C50354            0040b8f8     PC2014.OBJ
 0001:0000a918       ___vba@06C5038C            0040b918     PC2014.OBJ
 0001:0000a944       ___vba@06C503A8            0040b944     PC2014.OBJ
 0001:0000a964       ___vba@06C503E0            0040b964     PC2014.OBJ
 0001:0000a98c       ___vba@06C503F8            0040b98c     PC2014.OBJ
 0001:0000a9ac       ___vba@06C50430            0040b9ac     PC2014.OBJ
 0001:0000a9d4       ___vba@06C50448            0040b9d4     PC2014.OBJ
 0001:0000a9f4       ___vba@06C50480            0040b9f4     PC2014.OBJ
 0001:0000aa20       ___vba@06C5049C            0040ba20     PC2014.OBJ
 0001:0000aa40       ___vba@06C504D4            0040ba40     PC2014.OBJ
 0001:0000aa6c       ___vba@06C504F0            0040ba6c     PC2014.OBJ
 0001:0000aa8c       ___vba@06C50528            0040ba8c     PC2014.OBJ
 0001:0000aabc       ___vba@06C5057C            0040babc     PC2014.OBJ
 0001:0000aadc       ___vba@06C505B4            0040badc     PC2014.OBJ
 0001:0000ab0c       ___vba@06C505D4            0040bb0c     PC2014.OBJ
 0001:0000ab28       ___vba@06C5060C            0040bb28     PC2014.OBJ
 0001:0000ab38       ___vba@06C50620            0040bb38     PC2014.OBJ
 0001:0000ab48       ___vba@06C50634            0040bb48     PC2014.OBJ
 0001:0000ab58       ___vba@06C50648            0040bb58     PC2014.OBJ
 0001:0000ab68       ___vba@06C5065C            0040bb68     PC2014.OBJ
 0001:0000ab78       ___vba@06C50670            0040bb78     PC2014.OBJ
 0001:0000ab80       ___vba@06C5067C            0040bb80     PC2014.OBJ
 0001:0000ab90       ___vba@06C50690            0040bb90     PC2014.OBJ
 0001:0000ab9c       ___vba@06C506A0            0040bb9c     PC2014.OBJ
 0001:0000abac       ___vba@06C506B4            0040bbac     PC2014.OBJ
 0001:0000abf0       ___vba@06C506FC            0040bbf0     PC2014.OBJ
 0001:0000ac00       ___vba@06C50710            0040bc00     PC2014.OBJ
 0001:0000ac28       ___vba@06C5073C            0040bc28     PC2014.OBJ
 0001:0000ac34       ___vba@06C5074C            0040bc34     PC2014.OBJ
 0001:0000ac4c       ___vba@06C50764            0040bc4c     PC2014.OBJ
 0001:0000ac6c       ___vba@06C507A4            0040bc6c     PC2014.OBJ
 0001:0000ac88       ___vba@06C507DC            0040bc88     PC2014.OBJ
 0001:0000ad00       ___vba@06C50854            0040bd00     PC2014.OBJ
 0001:0000ad30       ___vba@06C50888            0040bd30     PC2014.OBJ
 0001:0000ad3c       ___vba@06C50898            0040bd3c     PC2014.OBJ
 0001:0000ad4c       ___vba@06C508AC            0040bd4c     PC2014.OBJ
 0001:0000ad58       ___vba@06C508BC            0040bd58     PC2014.OBJ
 0001:0000ad68       ___vba@06C508D0            0040bd68     PC2014.OBJ
 0001:0000ad74       ___vba@06C508E0            0040bd74     PC2014.OBJ
 0001:0000ad88       ___vba@06C508F8            0040bd88     PC2014.OBJ
 0001:0000ad94       ___vba@06C50908            0040bd94     PC2014.OBJ
 0001:0000ada4       ___vba@06C5091C            0040bda4     PC2014.OBJ
 0001:0000adb4       ___vba@06C50930            0040bdb4     PC2014.OBJ
 0001:0000adbc       ___vba@06C5093C            0040bdbc     PC2014.OBJ
 0001:0000adc4       ___vba@06C50948            0040bdc4     PC2014.OBJ
 0001:0000add4       ___vba@06C5095C            0040bdd4     PC2014.OBJ
 0001:0000ae08       ___vba@06C509CC            0040be08     PC2014.OBJ
 0001:0000ae1c       ___vba@06C509E8            0040be1c     PC2014.OBJ
 0001:0000ae30       ___vba@06C509FC            0040be30     PC2014.OBJ
 0001:0000ae4c       ___vba@06C50A1C            0040be4c     PC2014.OBJ
 0001:0000ae54       ___vba@06C50A28            0040be54     PC2014.OBJ
 0001:0000ae5c       ___vba@06C50A34            0040be5c     PC2014.OBJ
 0001:0000ae68       ___vba@06C50A44            0040be68     PC2014.OBJ
 0001:0000ae74       ___vba@06C50A54            0040be74     PC2014.OBJ
 0001:0000aea0       ___vba@06C50A84            0040bea0     PC2014.OBJ
 0001:0000aebc       ___vba@06C50AA4            0040bebc     PC2014.OBJ
 0001:0000aed8       ___vba@06C50AC4            0040bed8     PC2014.OBJ
 0001:0000aedc       ___vba@06C50AD0            0040bedc     PC2014.OBJ
 0001:0000aee8       ___vba@06C50B18            0040bee8     PC2014.OBJ
 0001:0000aef8       ___vba@06C50C64            0040bef8     PC2014.OBJ
 0001:0000af08       ___vba@06C50CB0            0040bf08     PC2014.OBJ
 0001:0000af18       ___vba@06C50CFC            0040bf18     PC2014.OBJ
 0001:0000af24       ___vba@06C50D44            0040bf24     PC2014.OBJ
 0001:0000af34       ___vba@06C50D90            0040bf34     PC2014.OBJ
 0001:0000af40       ___vba@06C50DD8            0040bf40     PC2014.OBJ
 0001:0000af50       ___vba@06C50EFC            0040bf50     PC2014.OBJ
 0001:0000af5c       ___vba@06C50F44            0040bf5c     PC2014.OBJ
 0001:0000af68       ___vba@06C50FC4            0040bf68     PC2014.OBJ
 0001:0000af78       ___vba@06C512DC            0040bf78     PC2014.OBJ
 0001:0000af84       ___vba@06C51324            0040bf84     PC2014.OBJ
 0001:0000af98       ___vba@06C51374            0040bf98     PC2014.OBJ
 0001:0000afa8       ___vba@06C513F8            0040bfa8     PC2014.OBJ
 0001:0000afb8       ___vba@06C51504            0040bfb8     PC2014.OBJ
 0001:0000afc8       ___vba@06C51550            0040bfc8     PC2014.OBJ
 0001:0000afd8       ___vba@06C5159C            0040bfd8     PC2014.OBJ
 0001:0000afec       ___vba@06C515EC            0040bfec     PC2014.OBJ
 0001:0000b004       ___vba@06C5163C            0040c004     PC2014.OBJ
 0001:0000b008       ___vba@06C5172C            0040c008     PC2014.OBJ
 0001:0000b020       ___vba@06C5177C            0040c020     PC2014.OBJ
 0001:0000b044       ___vba@06C517A8            0040c044     PC2014.OBJ
 0001:0000b054       ___vba@06C517BC            0040c054     PC2014.OBJ
 0001:0000b064       ___vba@06C517D0            0040c064     PC2014.OBJ
 0001:0000b074       ___vba@06C517E4            0040c074     PC2014.OBJ
 0001:0000b084       ___vba@06C517F8            0040c084     PC2014.OBJ
 0001:0000b090       ___vba@06C51808            0040c090     PC2014.OBJ
 0001:0000b0a0       ___vba@06C5181C            0040c0a0     PC2014.OBJ
 0001:0000b0b0       ___vba@06C51830            0040c0b0     PC2014.OBJ
 0001:0000b0b8       ___vba@06C5183C            0040c0b8     PC2014.OBJ
 0001:0000b0c4       ___vba@06C5184C            0040c0c4     PC2014.OBJ
 0001:0000b0d4       ___vba@06C51860            0040c0d4     PC2014.OBJ
 0001:000195c8       ___vba@06BB7C04            0041a5c8     PC2014.OBJ
 0001:00019608       ___vba@06C742DC            0041a608     PC2014.OBJ
 0001:00019648       ___vba@00335B34            0041a648     PC2014.OBJ
 0001:00019688       ___vba@06C51D34            0041a688     PC2014.OBJ
 0001:000196c8       ___vba@06BA4D1C            0041a6c8     PC2014.OBJ
 0001:00019708       ___vba@06C74954            0041a708     PC2014.OBJ
 0001:00019748       ___vba@06BA447C            0041a748     PC2014.OBJ
 0001:00019788       ___vba@06C7319C            0041a788     PC2014.OBJ
 0001:000197c8       ___vba@06BA3114            0041a7c8     PC2014.OBJ
 0001:00019808       ___vba@06BB9194            0041a808     PC2014.OBJ
 0001:00019848       ___vba@06BB8B1C            0041a848     PC2014.OBJ
 0001:00019888       ___vba@06BA48CC            0041a888     PC2014.OBJ
 0001:000198c8       ___vba@06BB84A4            0041a8c8     PC2014.OBJ
 0001:00019908       ___vba@06BB8054            0041a908     PC2014.OBJ
 0001:00019a90       ___vba@06BA64D4            0041aa90     PC2014.OBJ
 0001:00019ab8       ___vba@06BA6500            0041aab8     PC2014.OBJ
 0001:00019ac4       ___vba@06BA6510            0041aac4     PC2014.OBJ
 0001:00019ad0       ___vba@06BA6520            0041aad0     PC2014.OBJ
 0001:00019adc       ___vba@06BA6530            0041aadc     PC2014.OBJ
 0001:00019ae8       ___vba@06BA6540            0041aae8     PC2014.OBJ
 0001:00019af4       ___vba@06BA6550            0041aaf4     PC2014.OBJ
 0001:00019b00       ___vba@06BA6560            0041ab00     PC2014.OBJ
 0001:00019b0c       ___vba@06BA6570            0041ab0c     PC2014.OBJ
 0001:00019b18       ___vba@06BA6580            0041ab18     PC2014.OBJ
 0001:00019b24       ___vba@06BA6590            0041ab24     PC2014.OBJ
 0001:00019b30       ___vba@06BA65A0            0041ab30     PC2014.OBJ
 0001:00019b3c       ___vba@06BA65B0            0041ab3c     PC2014.OBJ
 0001:00019b40       ___vba@06BA65B8            0041ab40     PC2014.OBJ
 0001:00019b48       ___vba@06BA65C4            0041ab48     PC2014.OBJ
 0001:00019b54       ___vba@06BA65D4            0041ab54     PC2014.OBJ
 0001:00019b60       ___vba@06BA65E4            0041ab60     PC2014.OBJ
 0001:00019b6c       ___vba@06BA65F4            0041ab6c     PC2014.OBJ
 0001:00019b78       ___vba@06BA6604            0041ab78     PC2014.OBJ
 0001:00019b90       VB@BTXT                    0041ab90     PC2014.OBJ
 0001:00019ba0       ?Check5_Click@Main@@AAGXXZ 0041aba0 f   main.OBJ
 0001:0001a490       ?Check6_Click@Main@@AAGXXZ 0041b490 f   main.OBJ
 0001:0001a9f0       ?Check7_Click@Main@@AAGXXZ 0041b9f0 f   main.OBJ
 0001:0001b020       ?Command1_Click@Main@@AAGXXZ 0041c020 f   main.OBJ
 0001:0001b960       ?Command10_Click@Main@@AAGXXZ 0041c960 f   main.OBJ
 0001:0001ba50       ?Command2_Click@Main@@AAGXXZ 0041ca50 f   main.OBJ
 0001:0001c0b0       ?Command3_Click@Main@@AAGXXZ 0041d0b0 f   main.OBJ
 0001:0001c230       ?Command4_Click@Main@@AAGXXZ 0041d230 f   main.OBJ
 0001:0001c320       ?Command5_Click@Main@@AAGXXZ 0041d320 f   main.OBJ
 0001:0001c390       ?Command6_Click@Main@@AAGXXZ 0041d390 f   main.OBJ
 0001:0001c480       ?Command7_Click@Main@@AAGXXZ 0041d480 f   main.OBJ
 0001:0001c570       ?Command8_Click@Main@@AAGXXZ 0041d570 f   main.OBJ
 0001:0001c660       ?Command9_Click@Main@@AAGXXZ 0041d660 f   main.OBJ
 0001:0001c750       ?Form_Load@Main@@AAGXXZ    0041d750 f   main.OBJ
 0001:0001cc20       ?drawForm@VSKIN@@AAGXXZ    0041dc20 f   VSKIN.OBJ
 0001:0001eb80       ?UserControl_DblClick@VSKIN@@AAGXXZ 0041fb80 f   VSKIN.OBJ
 0001:0001f330       ?drawButtons@VSKIN@@AAGXXZ 00420330 f   VSKIN.OBJ
 0001:00020f60       ?UserControl_Initialize@VSKIN@@AAGXXZ 00421f60 f   VSKIN.OBJ
 0001:00020ff0       ?UserControl_MouseDown@VSKIN@@AAGXXZ 00421ff0 f   VSKIN.OBJ
 0001:00021560       ?UserControl_MouseMove@VSKIN@@AAGXXZ 00422560 f   VSKIN.OBJ
 0001:000221b0       ?UserControl_MouseUp@VSKIN@@AAGXXZ 004231b0 f   VSKIN.OBJ
 0001:00022a00       ?UserControl_Paint@VSKIN@@AAGXXZ 00423a00 f   VSKIN.OBJ
 0001:00022a90       ?UserControl_Resize@VSKIN@@AAGXXZ 00423a90 f   VSKIN.OBJ
 0001:00022b20       ?UserControl_ReadProperties@VSKIN@@AAGXXZ 00423b20 f   VSKIN.OBJ
 0001:00022cd0       ?UserControl_WriteProperties@VSKIN@@AAGXXZ 00423cd0 f   VSKIN.OBJ
 0001:00022e10       ?Caption__Get@VSKIN@@AAGXXZ 00423e10 f   VSKIN.OBJ
 0001:00022ea0       ?Caption__Let@VSKIN@@AAGXXZ 00423ea0 f   VSKIN.OBJ
 0001:00022f30       ?Resize__Get@VSKIN@@AAGXXZ 00423f30 f   VSKIN.OBJ
 0001:00022fa0       ?Resize__Let@VSKIN@@AAGXXZ 00423fa0 f   VSKIN.OBJ
 0001:00023070       ?Check1_Click@agree@@AAGXXZ 00424070 f   agree.OBJ
 0001:00023290       ?Command2_Click@Process@@AAGXXZ 00424290 f   Process.OBJ
 0001:000237e0       ?Command1_Click@Process@@AAGXXZ 004247e0 f   Process.OBJ
 0001:000240a0       ?Form_Load@Process@@AAGXXZ 004250a0 f   Process.OBJ
 0001:00024960       ?Command1_Click@key@@AAGXXZ 00425960 f   key.OBJ
 0001:00024cb0       ?Command1_Click@update@@AAGXXZ 00425cb0 f   update.OBJ
 0001:00025090       ?Form_Load@update@@AAGXXZ  00426090 f   update.OBJ
 0001:000253b0       ?Timer1_Timer@time@@AAGXXZ 004263b0 f   time.OBJ
 0001:000254e0       ?Command1_Click@admin@@AAGXXZ 004264e0 f   admin.OBJ
 0001:000259e0       ?Command1_Click@shutdown@@AAGXXZ 004269e0 f   shutdown.OBJ
 0001:00025af0       ?Command2_Click@shutdown@@AAGXXZ 00426af0 f   shutdown.OBJ
 0001:00025ba0       ?Command1_Click@consol@@AAGXXZ 00426ba0 f   consol.OBJ
 0001:00025c90       ?Command2_Click@consol@@AAGXXZ 00426c90 f   consol.OBJ
 0001:00025d80       ?CheckTimeout@ftpupload@@AAGXXZ 00426d80 f   z.OBJ
 0001:00025ef0       ?Command1_Click@ftpupload@@AAGXXZ 00426ef0 f   z.OBJ
 0001:00026ab0       ?File1_Click@ftpupload@@AAGXXZ 00427ab0 f   z.OBJ
 0001:00026d30       ?Winsock1_DataArrival@ftpupload@@AAGXXZ 00427d30 f   z.OBJ
 0001:00027290       ?Winsock2_ConnectionRequest@ftpupload@@AAGXXZ 00428290 f   z.OBJ
 0001:00027440       ?SendNextData@ftpupload@@AAGXXZ 00428440 f   z.OBJ
 0001:00027840       ?Winsock2_SendComplete@ftpupload@@AAGXXZ 00428840 f   z.OBJ
 0001:00027970       ?KillProcessById@Module1@@AAGXXZ 00428970 f   Module1.OBJ
 0001:000279a0       ?KillProcess@Module1@@AAGXXZ 004289a0 f   Module1.OBJ
 0001:00027ed0       ?CollectionProccess@Module2@@AAGXXZ 00428ed0 f   Module2.OBJ
 0001:00028290       ?Main@moduleMemoryClean@@AAGXXZ 00429290 f   modulememoryclean[1].OBJ
 0001:000284f0       ?CleanMem@moduleMemoryClean@@AAGXXZ 004294f0 f   modulememoryclean[1].OBJ
 0001:00028520       ?Timer1_Timer@Load@@AAGXXZ 00429520 f   load.OBJ
 0001:000287b0       VB@ETXT                    004297b0     PC2014.OBJ
 0002:00000000       __adjust_fdiv              0042b000     VBAEXE6:natsupp.obj
 0002:00000008       VB@BSS                     0042b008     PC2014.OBJ
 0002:00000010       ___vba@06BA5860            0042b010     PC2014.OBJ
 0002:00000024       _moduleMemoryClean         0042b024     PC2014.OBJ
 0002:00000034       ___vba@06BA5818            0042b034     PC2014.OBJ
 0002:00000048       ___vba@06BA591C            0042b048     PC2014.OBJ
 0002:0000005c       ___vba@06BA5934            0042b05c     PC2014.OBJ
 0002:00000070       ___vba@06BA594C            0042b070     PC2014.OBJ
 0002:00000084       ___vba@06BA5830            0042b084     PC2014.OBJ
 0002:00000098       ___vba@06BA59B4            0042b098     PC2014.OBJ
 0002:000000ac       ___vba@06BA59CC            0042b0ac     PC2014.OBJ
 0002:000000c0       _modFade                   0042b0c0     PC2014.OBJ
 0002:000000d0       _modMinSize                0042b0d0     PC2014.OBJ
 0002:000000ec       ___vba@06BA5800            0042b0ec     PC2014.OBJ
 0002:00000100       ___vba@06C6AA34            0042b100     PC2014.OBJ
 0002:00000114       _Module1                   0042b114     PC2014.OBJ
 0002:00000144       _Module2                   0042b144     PC2014.OBJ
 0002:00000154       ___vba@06C740BC            0042b154     PC2014.OBJ
 0002:00000168       ___vba@06C740E4            0042b168     PC2014.OBJ
 0002:0000017c       _ftp                       0042b17c     PC2014.OBJ
 0002:0000018c       ___vba@06BA5848            0042b18c     PC2014.OBJ
 0002:000001a0       ___vba@06C5122C            0042b1a0     PC2014.OBJ
 0002:00000b48       ___vba@06BA632C            0042bb48     PC2014.OBJ
 0002:00000dac       ___vba@06BA934C            0042bdac     PC2014.OBJ
 0002:000014b4       ___vba@06B93744            0042c4b4     PC2014.OBJ
 0002:00001bb8       ___vba@0610BF44            0042cbb8     PC2014.OBJ
 0002:000022c4       ___vba@06C136B4            0042d2c4     PC2014.OBJ
 0002:000029cc       ___vba@06C9D2CC            0042d9cc     PC2014.OBJ
 0002:000030d4       ___vba@06B81F64            0042e0d4     PC2014.OBJ
 0002:000037e0       ___vba@06C5BFBC            0042e7e0     PC2014.OBJ
 0002:00003eec       ___vba@06BC852C            0042eeec     PC2014.OBJ
 0002:000045f4       ___vba@06BA1144            0042f5f4     PC2014.OBJ
 0002:00004cf8       ___vba@06BB074C            0042fcf8     PC2014.OBJ
 0002:00005434       ___vba@0037150C            00430434     PC2014.OBJ
 0002:00005b54       ___vba@060AB62C            00430b54     PC2014.OBJ
 0002:0000625c       ___vba@0032A2CC            0043125c     PC2014.OBJ
 0002:0000696c       ___vba@06CAD194            0043196c     PC2014.OBJ

 entry point at        0001:00000bd4

 Static symbols

