 Project1

 Timestamp is 534fe036 (Thu Apr 17 23:07:50 2014)

 Preferred load address is 00400000

 Start         Length     Name                   Class
 0001:00000000 00000120H .idata$5                CODE
 0001:00000120 00000328H .rdata                  CODE
 0001:00000450 00011b54H .text                   CODE
 0001:00011fb0 00000004H .text$0                 CODE
 0001:00011fc0 00007d80H .text$1                 CODE
 0001:00019d40 00000004H .text$2                 CODE
 0001:00019d44 00000014H .idata$2                CODE
 0001:00019d58 00000014H .idata$3                CODE
 0001:00019d6c 00000120H .idata$4                CODE
 0001:00019e8c 00000450H .idata$6                CODE
 0001:0001a2dc 00000000H .edata                  CODE
 0002:00000000 00000004H .data                   DATA
 0002:00000008 00002214H .bss                    DATA
 0003:00000000 00000148H .rsrc$01                DATA
 0003:00000150 00000788H .rsrc$02                DATA

  Address         Publics by Value              Rva+Base     Lib:Object

 0001:00000000       __imp____vbaVarSub         00401000     Project1.OBJ
 0001:00000000       __imp_@__vbaVarSub         00401000     Project1.OBJ
 0001:00000004       __imp___CIcos              00401004     Project1.OBJ
 0001:00000008       __imp___adj_fptan          00401008     Project1.OBJ
 0001:0000000c       __imp____vbaVarMove        0040100c     Project1.OBJ
 0001:0000000c       __imp_@__vbaVarMove        0040100c     Project1.OBJ
 0001:00000010       __imp_@__vbaFreeVar        00401010     Project1.OBJ
 0001:00000010       __imp____vbaFreeVar        00401010     Project1.OBJ
 0001:00000014       __imp_@__vbaStrVarMove     00401014     Project1.OBJ
 0001:00000014       __imp____vbaStrVarMove     00401014     Project1.OBJ
 0001:00000018       __imp____vbaFreeVarList    00401018     Project1.OBJ
 0001:00000018       __imp_@__vbaFreeVarList    00401018     Project1.OBJ
 0001:0000001c       __imp___adj_fdiv_m64       0040101c     Project1.OBJ
 0001:00000020       __imp_@__vbaFreeObjList    00401020     Project1.OBJ
 0001:00000020       __imp____vbaFreeObjList    00401020     Project1.OBJ
 0001:00000024       __imp___adj_fprem1         00401024     Project1.OBJ
 0001:00000028       __imp_@__vbaStrCat         00401028     Project1.OBJ
 0001:00000028       __imp____vbaStrCat         00401028     Project1.OBJ
 0001:0000002c       __imp_@__vbaSetSystemError 0040102c     Project1.OBJ
 0001:0000002c       __imp____vbaSetSystemError 0040102c     Project1.OBJ
 0001:00000030       __imp____vbaHresultCheckObj 00401030     Project1.OBJ
 0001:00000030       __imp_@__vbaHresultCheckObj 00401030     Project1.OBJ
 0001:00000034       __imp___adj_fdiv_m32       00401034     Project1.OBJ
 0001:00000038       __imp_@__vbaVarTstLe       00401038     Project1.OBJ
 0001:00000038       __imp____vbaVarTstLe       00401038     Project1.OBJ
 0001:0000003c       __imp____vbaLateMemSt      0040103c     Project1.OBJ
 0001:0000003c       __imp_@__vbaLateMemSt      0040103c     Project1.OBJ
 0001:00000040       __imp_@__vbaOnError        00401040     Project1.OBJ
 0001:00000040       __imp____vbaOnError        00401040     Project1.OBJ
 0001:00000044       __imp____vbaObjSet         00401044     Project1.OBJ
 0001:00000044       __imp_@__vbaObjSet         00401044     Project1.OBJ
 0001:00000048       __imp____vba@00782DDC      00401048     Project1.OBJ
 0001:00000048       __imp_@__vba@00782DDC      00401048     Project1.OBJ
 0001:0000004c       __imp___adj_fdiv_m16i      0040104c     Project1.OBJ
 0001:00000050       __imp_@__vbaObjSetAddref   00401050     Project1.OBJ
 0001:00000050       __imp____vbaObjSetAddref   00401050     Project1.OBJ
 0001:00000054       __imp___adj_fdivr_m16i     00401054     Project1.OBJ
 0001:00000058       __imp____vbaFpR4           00401058     Project1.OBJ
 0001:00000058       __imp_@__vbaFpR4           00401058     Project1.OBJ
 0001:0000005c       __imp_@__vbaBoolVar        0040105c     Project1.OBJ
 0001:0000005c       __imp____vbaBoolVar        0040105c     Project1.OBJ
 0001:00000060       __imp____vbaBoolVarNull    00401060     Project1.OBJ
 0001:00000060       __imp_@__vbaBoolVarNull    00401060     Project1.OBJ
 0001:00000064       __imp_@__vbaFpR8           00401064     Project1.OBJ
 0001:00000064       __imp____vbaFpR8           00401064     Project1.OBJ
 0001:00000068       __imp___CIsin              00401068     Project1.OBJ
 0001:0000006c       __imp____vbaChkstk         0040106c     Project1.OBJ
 0001:00000074       __imp_@__vbaStrCmp         00401074     Project1.OBJ
 0001:00000074       __imp____vbaStrCmp         00401074     Project1.OBJ
 0001:00000078       __imp_@__vbaI2I4           00401078     Project1.OBJ
 0001:00000078       __imp____vbaI2I4           00401078     Project1.OBJ
 0001:00000080       __imp___adj_fpatan         00401080     Project1.OBJ
 0001:00000084       __imp____vbaR4Var          00401084     Project1.OBJ
 0001:00000084       __imp_@__vbaR4Var          00401084     Project1.OBJ
 0001:0000008c       __imp___CIsqrt             0040108c     Project1.OBJ
 0001:00000090       __imp_@__vbaVarAnd         00401090     Project1.OBJ
 0001:00000090       __imp____vbaVarAnd         00401090     Project1.OBJ
 0001:00000098       __imp____vbaExceptHandler  00401098     Project1.OBJ
 0001:0000009c       __imp____vbaStrToUnicode   0040109c     Project1.OBJ
 0001:0000009c       __imp_@__vbaStrToUnicode   0040109c     Project1.OBJ
 0001:000000a0       __imp___adj_fprem          004010a0     Project1.OBJ
 0001:000000a4       __imp___adj_fdivr_m64      004010a4     Project1.OBJ
 0001:000000a8       __imp____vbaVarDiv         004010a8     Project1.OBJ
 0001:000000a8       __imp_@__vbaVarDiv         004010a8     Project1.OBJ
 0001:000000ac       __imp_@__vbaVarCmpLe       004010ac     Project1.OBJ
 0001:000000ac       __imp____vbaVarCmpLe       004010ac     Project1.OBJ
 0001:000000b0       __imp____vbaFPException    004010b0     Project1.OBJ
 0001:000000b4       __imp____vba@00784218      004010b4     Project1.OBJ
 0001:000000b4       __imp_@__vba@00784218      004010b4     Project1.OBJ
 0001:000000b8       __imp___CIlog              004010b8     Project1.OBJ
 0001:000000bc       __imp_@__vbaErrorOverflow  004010bc     Project1.OBJ
 0001:000000bc       __imp____vbaErrorOverflow  004010bc     Project1.OBJ
 0001:000000c0       __imp____vbaNew2           004010c0     Project1.OBJ
 0001:000000c0       __imp_@__vbaNew2           004010c0     Project1.OBJ
 0001:000000c4       __imp_@__vbaInStr          004010c4     Project1.OBJ
 0001:000000c4       __imp____vbaInStr          004010c4     Project1.OBJ
 0001:000000c8       __imp___adj_fdiv_m32i      004010c8     Project1.OBJ
 0001:000000cc       __imp___adj_fdivr_m32i     004010cc     Project1.OBJ
 0001:000000d0       __imp_@__vbaStrCopy        004010d0     Project1.OBJ
 0001:000000d0       __imp____vbaStrCopy        004010d0     Project1.OBJ
 0001:000000d4       __imp____vbaVarCmpLt       004010d4     Project1.OBJ
 0001:000000d4       __imp_@__vbaVarCmpLt       004010d4     Project1.OBJ
 0001:000000d8       __imp_@__vbaFreeStrList    004010d8     Project1.OBJ
 0001:000000d8       __imp____vbaFreeStrList    004010d8     Project1.OBJ
 0001:000000dc       __imp___adj_fdivr_m32      004010dc     Project1.OBJ
 0001:000000e0       __imp___adj_fdiv_r         004010e0     Project1.OBJ
 0001:000000e8       __imp____vbaI4Var          004010e8     Project1.OBJ
 0001:000000e8       __imp_@__vbaI4Var          004010e8     Project1.OBJ
 0001:000000ec       __imp_@__vbaStrToAnsi      004010ec     Project1.OBJ
 0001:000000ec       __imp____vbaStrToAnsi      004010ec     Project1.OBJ
 0001:000000f0       __imp_@__vbaVarDup         004010f0     Project1.OBJ
 0001:000000f0       __imp____vbaVarDup         004010f0     Project1.OBJ
 0001:000000f4       __imp____vbaFpI4           004010f4     Project1.OBJ
 0001:000000f4       __imp_@__vbaFpI4           004010f4     Project1.OBJ
 0001:000000f8       __imp_@__vbaLateMemCallLd  004010f8     Project1.OBJ
 0001:000000f8       __imp____vbaLateMemCallLd  004010f8     Project1.OBJ
 0001:000000fc       __imp___CIatan             004010fc     Project1.OBJ
 0001:00000100       __imp____vbaStrMove        00401100     Project1.OBJ
 0001:00000100       __imp_@__vbaStrMove        00401100     Project1.OBJ
 0001:00000104       __imp___allmul             00401104     Project1.OBJ
 0001:00000108       __imp____vbaLenVarB        00401108     Project1.OBJ
 0001:00000108       __imp_@__vbaLenVarB        00401108     Project1.OBJ
 0001:0000010c       __imp___CItan              0040110c     Project1.OBJ
 0001:00000110       __imp___CIexp              00401110     Project1.OBJ
 0001:00000114       __imp_@__vbaFreeStr        00401114     Project1.OBJ
 0001:00000114       __imp____vbaFreeStr        00401114     Project1.OBJ
 0001:00000118       __imp____vbaFreeObj        00401118     Project1.OBJ
 0001:00000118       __imp_@__vbaFreeObj        00401118     Project1.OBJ
 0001:000001c4       __real@4@4003d000000000000000 004011c4     VSKIN.OBJ
 0001:000001c8       __real@4@40039000000000000000 004011c8     VSKIN.OBJ
 0001:000001cc       __real@4@4002a000000000000000 004011cc     VSKIN.OBJ
 0001:000001d0       __real@4@4002f000000000000000 004011d0     VSKIN.OBJ
 0001:000001d4       __real@4@4003a000000000000000 004011d4     VSKIN.OBJ
 0001:00000200       __real@4@4003f000000000000000 00401200     VSKIN.OBJ
 0001:00000208       __real@8@4000c000000000000000 00401208     VSKIN.OBJ
 0001:000002b8       __real@4@00000000000000000000 004012b8     VSKIN.OBJ
 0001:000002bc       __real@4@40038000000000000000 004012bc     VSKIN.OBJ
 0001:00000450       VB@TEXT                    00401450     Project1.OBJ
 0001:00000450       ___vbaChkstk               00401450     Project1.OBJ
 0001:00000456       ___vbaExceptHandler        00401456     Project1.OBJ
 0001:0000045c       ___vbaFPException          0040145c     Project1.OBJ
 0001:00000462       __adj_fdiv_m16i            00401462     Project1.OBJ
 0001:00000468       __adj_fdiv_m32             00401468     Project1.OBJ
 0001:0000046e       __adj_fdiv_m32i            0040146e     Project1.OBJ
 0001:00000474       __adj_fdiv_m64             00401474     Project1.OBJ
 0001:0000047a       __adj_fdiv_r               0040147a     Project1.OBJ
 0001:00000480       __adj_fdivr_m16i           00401480     Project1.OBJ
 0001:00000486       __adj_fdivr_m32            00401486     Project1.OBJ
 0001:0000048c       __adj_fdivr_m32i           0040148c     Project1.OBJ
 0001:00000492       __adj_fdivr_m64            00401492     Project1.OBJ
 0001:00000498       __adj_fpatan               00401498     Project1.OBJ
 0001:0000049e       __adj_fprem                0040149e     Project1.OBJ
 0001:000004a4       __adj_fprem1               004014a4     Project1.OBJ
 0001:000004aa       __adj_fptan                004014aa     Project1.OBJ
 0001:000004b0       __CIatan                   004014b0     Project1.OBJ
 0001:000004b6       __CIcos                    004014b6     Project1.OBJ
 0001:000004bc       __CIexp                    004014bc     Project1.OBJ
 0001:000004c2       __CIlog                    004014c2     Project1.OBJ
 0001:000004c8       __CIsin                    004014c8     Project1.OBJ
 0001:000004ce       __CIsqrt                   004014ce     Project1.OBJ
 0001:000004d4       __CItan                    004014d4     Project1.OBJ
 0001:000004da       __allmul                   004014da     Project1.OBJ
 0001:000004e0       ___vbaFreeObj              004014e0     Project1.OBJ
 0001:000004e0       @__vbaFreeObj              004014e0     Project1.OBJ
 0001:000004e6       ___vbaObjSetAddref         004014e6     Project1.OBJ
 0001:000004e6       @__vbaObjSetAddref         004014e6     Project1.OBJ
 0001:000004ec       @__vbaFreeVarList          004014ec     Project1.OBJ
 0001:000004ec       ___vbaFreeVarList          004014ec     Project1.OBJ
 0001:000004f2       @__vbaVarDup               004014f2     Project1.OBJ
 0001:000004f2       ___vbaVarDup               004014f2     Project1.OBJ
 0001:000004f8       ___vba@00782DDC            004014f8     Project1.OBJ
 0001:000004f8       @__vba@00782DDC            004014f8     Project1.OBJ
 0001:000004fe       @__vbaFreeStr              004014fe     Project1.OBJ
 0001:000004fe       ___vbaFreeStr              004014fe     Project1.OBJ
 0001:00000504       ___vbaInStr                00401504     Project1.OBJ
 0001:00000504       @__vbaInStr                00401504     Project1.OBJ
 0001:0000050a       ___vbaFreeObjList          0040150a     Project1.OBJ
 0001:0000050a       @__vbaFreeObjList          0040150a     Project1.OBJ
 0001:00000510       ___vbaFreeStrList          00401510     Project1.OBJ
 0001:00000510       @__vbaFreeStrList          00401510     Project1.OBJ
 0001:00000516       ___vbaStrCat               00401516     Project1.OBJ
 0001:00000516       @__vbaStrCat               00401516     Project1.OBJ
 0001:0000051c       @__vbaStrMove              0040151c     Project1.OBJ
 0001:0000051c       ___vbaStrMove              0040151c     Project1.OBJ
 0001:00000522       ___vbaNew2                 00401522     Project1.OBJ
 0001:00000522       @__vbaNew2                 00401522     Project1.OBJ
 0001:00000528       ___vbaHresultCheckObj      00401528     Project1.OBJ
 0001:00000528       @__vbaHresultCheckObj      00401528     Project1.OBJ
 0001:0000052e       ___vbaObjSet               0040152e     Project1.OBJ
 0001:0000052e       @__vbaObjSet               0040152e     Project1.OBJ
 0001:0000053a       ___vbaBoolVar              0040153a     Project1.OBJ
 0001:0000053a       @__vbaBoolVar              0040153a     Project1.OBJ
 0001:00000540       @__vbaStrVarMove           00401540     Project1.OBJ
 0001:00000540       ___vbaStrVarMove           00401540     Project1.OBJ
 0001:00000546       @__vbaStrCopy              00401546     Project1.OBJ
 0001:00000546       ___vbaStrCopy              00401546     Project1.OBJ
 0001:0000054c       @__vbaVarDiv               0040154c     Project1.OBJ
 0001:0000054c       ___vbaVarDiv               0040154c     Project1.OBJ
 0001:00000552       @__vbaVarCmpLe             00401552     Project1.OBJ
 0001:00000552       ___vbaVarCmpLe             00401552     Project1.OBJ
 0001:00000558       @__vbaFpR4                 00401558     Project1.OBJ
 0001:00000558       ___vbaFpR4                 00401558     Project1.OBJ
 0001:0000055e       @__vbaI2I4                 0040155e     Project1.OBJ
 0001:0000055e       ___vbaI2I4                 0040155e     Project1.OBJ
 0001:00000564       @__vbaFpR8                 00401564     Project1.OBJ
 0001:00000564       ___vbaFpR8                 00401564     Project1.OBJ
 0001:0000056a       ___vbaVarSub               0040156a     Project1.OBJ
 0001:0000056a       @__vbaVarSub               0040156a     Project1.OBJ
 0001:00000570       @__vbaVarTstLe             00401570     Project1.OBJ
 0001:00000570       ___vbaVarTstLe             00401570     Project1.OBJ
 0001:00000576       ___vbaVarCmpLt             00401576     Project1.OBJ
 0001:00000576       @__vbaVarCmpLt             00401576     Project1.OBJ
 0001:0000057c       ___vbaVarAnd               0040157c     Project1.OBJ
 0001:0000057c       @__vbaVarAnd               0040157c     Project1.OBJ
 0001:00000582       @__vbaBoolVarNull          00401582     Project1.OBJ
 0001:00000582       ___vbaBoolVarNull          00401582     Project1.OBJ
 0001:00000588       ___vbaVarMove              00401588     Project1.OBJ
 0001:00000588       @__vbaVarMove              00401588     Project1.OBJ
 0001:0000058e       @__vbaErrorOverflow        0040158e     Project1.OBJ
 0001:0000058e       ___vbaErrorOverflow        0040158e     Project1.OBJ
 0001:00000594       @__vbaR4Var                00401594     Project1.OBJ
 0001:00000594       ___vbaR4Var                00401594     Project1.OBJ
 0001:0000059a       ___vbaLateMemSt            0040159a     Project1.OBJ
 0001:0000059a       @__vbaLateMemSt            0040159a     Project1.OBJ
 0001:000005a0       ___vbaLateMemCallLd        004015a0     Project1.OBJ
 0001:000005a0       @__vbaLateMemCallLd        004015a0     Project1.OBJ
 0001:000005a6       @__vbaFreeVar              004015a6     Project1.OBJ
 0001:000005a6       ___vbaFreeVar              004015a6     Project1.OBJ
 0001:000005ac       ___vbaStrToUnicode         004015ac     Project1.OBJ
 0001:000005ac       @__vbaStrToUnicode         004015ac     Project1.OBJ
 0001:000005b2       ___vbaStrToAnsi            004015b2     Project1.OBJ
 0001:000005b2       @__vbaStrToAnsi            004015b2     Project1.OBJ
 0001:000005b8       @__vba@00784218            004015b8     Project1.OBJ
 0001:000005b8       ___vba@00784218            004015b8     Project1.OBJ
 0001:000005be       @__vbaLenVarB              004015be     Project1.OBJ
 0001:000005be       ___vbaLenVarB              004015be     Project1.OBJ
 0001:000005c4       @__vbaI4Var                004015c4     Project1.OBJ
 0001:000005c4       ___vbaI4Var                004015c4     Project1.OBJ
 0001:000005ca       ___vbaFpI4                 004015ca     Project1.OBJ
 0001:000005ca       @__vbaFpI4                 004015ca     Project1.OBJ
 0001:000005d0       @__vbaSetSystemError       004015d0     Project1.OBJ
 0001:000005d0       ___vbaSetSystemError       004015d0     Project1.OBJ
 0001:000005d6       @__vbaOnError              004015d6     Project1.OBJ
 0001:000005d6       ___vbaOnError              004015d6     Project1.OBJ
 0001:000005dc       ___vbaStrCmp               004015dc     Project1.OBJ
 0001:000005dc       @__vbaStrCmp               004015dc     Project1.OBJ
 0001:000005fc       ___vbaS                    004015fc     Project1.OBJ
 0001:00003f18       ___vba@069E2504            00404f18     Project1.OBJ
 0001:00004308       ___vba@069CF674            00405308     Project1.OBJ
 0001:000048c8       ___vba@069E20B4            004058c8     Project1.OBJ
 0001:00005000       ___vba@069E1E8C            00406000     Project1.OBJ
 0001:00005b14       ___vba@06A72AB4            00406b14     Project1.OBJ
 0001:00005cec       ___vba@06A72B0C            00406cec     Project1.OBJ
 0001:00005cf4       ___vba@06A72B18            00406cf4     Project1.OBJ
 0001:00005cfc       ___vba@06A72B24            00406cfc     Project1.OBJ
 0001:00005d04       ___vba@06A72B30            00406d04     Project1.OBJ
 0001:00005d0c       ___vba@06A72B3C            00406d0c     Project1.OBJ
 0001:00005d18       ___vba@06A72B4C            00406d18     Project1.OBJ
 0001:00005d28       ___vba@06A72B60            00406d28     Project1.OBJ
 0001:00005d38       ___vba@06A72B74            00406d38     Project1.OBJ
 0001:00005d48       ___vba@06A72B88            00406d48     Project1.OBJ
 0001:00005d58       ___vba@06A72B9C            00406d58     Project1.OBJ
 0001:00005d68       ___vba@06A72BB0            00406d68     Project1.OBJ
 0001:00005d70       ___vba@06A72BBC            00406d70     Project1.OBJ
 0001:00005d80       ___vba@06A72BD0            00406d80     Project1.OBJ
 0001:00005dbc       ___vba@06A72C10            00406dbc     Project1.OBJ
 0001:00005dc0       ___vba@06A72C18            00406dc0     Project1.OBJ
 0001:00005de8       ___vba@06A72C44            00406de8     Project1.OBJ
 0001:00005df8       ___vba@06A72C58            00406df8     Project1.OBJ
 0001:00005e00       ___vba@06A72C64            00406e00     Project1.OBJ
 0001:00005e08       ___vba@06A72C70            00406e08     Project1.OBJ
 0001:00005e18       ___vba@06A72C84            00406e18     Project1.OBJ
 0001:00005e20       ___vba@06A72C90            00406e20     Project1.OBJ
 0001:00005e30       ___vba@06A72CA4            00406e30     Project1.OBJ
 0001:00005e3c       ___vba@069CEDD4            00406e3c     Project1.OBJ
 0001:00005e4c       ___vba@069CEDE8            00406e4c     Project1.OBJ
 0001:00005e54       ___vba@069CEDF4            00406e54     Project1.OBJ
 0001:00005e5c       ___vba@069CEE00            00406e5c     Project1.OBJ
 0001:00005e6c       ___vba@069CEE14            00406e6c     Project1.OBJ
 0001:00005e78       ___vba@069CEE24            00406e78     Project1.OBJ
 0001:00005e84       ___vba@069CEE34            00406e84     Project1.OBJ
 0001:00005e90       ___vba@069CEE44            00406e90     Project1.OBJ
 0001:00005e98       ___vba@069CEE50            00406e98     Project1.OBJ
 0001:00005ea0       ___vba@069CEE5C            00406ea0     Project1.OBJ
 0001:00005eb0       ___vba@069CEE6C            00406eb0     Project1.OBJ
 0001:00005ebc       ___vba@069CEE7C            00406ebc     Project1.OBJ
 0001:00005f1c       ___vba@069CEEE4            00406f1c     Project1.OBJ
 0001:00005f30       ___vba@069CEEF8            00406f30     Project1.OBJ
 0001:00005f3c       ___vba@069CEF0C            00406f3c     Project1.OBJ
 0001:00005f4c       ___vba@069CEF20            00406f4c     Project1.OBJ
 0001:00005f5c       ___vba@069CEF34            00406f5c     Project1.OBJ
 0001:00005f70       ___vba@069CEF48            00406f70     Project1.OBJ
 0001:00005f78       ___vba@069CEF54            00406f78     Project1.OBJ
 0001:00005f8c       ___vba@069CEF6C            00406f8c     Project1.OBJ
 0001:00005f90       ___vba@069CEF78            00406f90     Project1.OBJ
 0001:00005fa0       ___vba@069CEF8C            00406fa0     Project1.OBJ
 0001:00005fb0       ___vba@069CEFA0            00406fb0     Project1.OBJ
 0001:00005fc0       ___vba@069CEFB4            00406fc0     Project1.OBJ
 0001:00005fcc       ___vba@069CEFC4            00406fcc     Project1.OBJ
 0001:00005fdc       ___vba@069CF224            00406fdc     Project1.OBJ
 0001:00006008       ___vba@069CF258            00407008     Project1.OBJ
 0001:00006018       ___vba@069CF26C            00407018     Project1.OBJ
 0001:00006028       ___vba@069CF280            00407028     Project1.OBJ
 0001:00006038       ___vba@069CF294            00407038     Project1.OBJ
 0001:00006048       ___vba@069CF2A8            00407048     Project1.OBJ
 0001:00006050       ___vba@069CF2B4            00407050     Project1.OBJ
 0001:00006060       ___vba@069CF2C8            00407060     Project1.OBJ
 0001:0000606c       ___vba@069CF2D8            0040706c     Project1.OBJ
 0001:0000607c       ___vba@069CF324            0040707c     Project1.OBJ
 0001:00006098       ___vba@069CF380            00407098     Project1.OBJ
 0001:000060ac       ___vba@069CF3D0            004070ac     Project1.OBJ
 0001:000060b8       ___vba@069CF418            004070b8     Project1.OBJ
 0001:000060c0       ___vba@00782E14            004070c0     Project1.OBJ
 0001:000060d0       ___vba@00782E60            004070d0     Project1.OBJ
 0001:000060dc       ___vba@00782EA8            004070dc     Project1.OBJ
 0001:000060f0       ___vba@00782EF8            004070f0     Project1.OBJ
 0001:00006104       ___vba@00782F48            00407104     Project1.OBJ
 0001:00006110       ___vba@00782F90            00407110     Project1.OBJ
 0001:00006120       ___vba@00782574            00407120     Project1.OBJ
 0001:00006138       ___vba@007825C8            00407138     Project1.OBJ
 0001:00006144       ___vba@00782610            00407144     Project1.OBJ
 0001:00006154       ___vba@00782624            00407154     Project1.OBJ
 0001:00006164       ___vba@00782638            00407164     Project1.OBJ
 0001:00006174       ___vba@0078264C            00407174     Project1.OBJ
 0001:00006184       ___vba@00782660            00407184     Project1.OBJ
 0001:00006194       ___vba@00782674            00407194     Project1.OBJ
 0001:000061a4       ___vba@00782688            004071a4     Project1.OBJ
 0001:000061b0       ___vba@00782698            004071b0     Project1.OBJ
 0001:000061bc       ___vba@007826A8            004071bc     Project1.OBJ
 0001:000061cc       ___vba@007826BC            004071cc     Project1.OBJ
 0001:000061d8       ___vba@007826CC            004071d8     Project1.OBJ
 0001:000061e4       ___vba@007826DC            004071e4     Project1.OBJ
 0001:000061f4       ___vba@007826EC            004071f4     Project1.OBJ
 0001:00006204       ___vba@00782700            00407204     Project1.OBJ
 0001:00006214       ___vba@00782718            00407214     Project1.OBJ
 0001:00006224       ___vba@0078272C            00407224     Project1.OBJ
 0001:00006248       ___vba@00783004            00407248     Project1.OBJ
 0001:00006268       ___vba@0078303C            00407268     Project1.OBJ
 0001:00006290       ___vba@00783054            00407290     Project1.OBJ
 0001:000062b0       ___vba@0078308C            004072b0     Project1.OBJ
 0001:000062bc       ___vba@0078309C            004072bc     Project1.OBJ
 0001:000062ec       ___vba@007830BC            004072ec     Project1.OBJ
 0001:0000630c       ___vba@007830F4            0040730c     Project1.OBJ
 0001:0000631c       ___vba@00783108            0040731c     Project1.OBJ
 0001:00006340       ___vba@0078311C            00407340     Project1.OBJ
 0001:00006360       ___vba@00783154            00407360     Project1.OBJ
 0001:00006384       ___vba@00783168            00407384     Project1.OBJ
 0001:000063a4       ___vba@007831A0            004073a4     Project1.OBJ
 0001:000063c4       ___vba@007831B0            004073c4     Project1.OBJ
 0001:000063e4       ___vba@007831E8            004073e4     Project1.OBJ
 0001:00006410       ___vba@00783454            00407410     Project1.OBJ
 0001:00006430       ___vba@0078348C            00407430     Project1.OBJ
 0001:00006454       ___vba@007834A0            00407454     Project1.OBJ
 0001:00006474       ___vba@007834D8            00407474     Project1.OBJ
 0001:00006498       ___vba@007834EC            00407498     Project1.OBJ
 0001:000064b8       ___vba@00783524            004074b8     Project1.OBJ
 0001:000064e0       ___vba@0078353C            004074e0     Project1.OBJ
 0001:00006500       ___vba@00783574            00407500     Project1.OBJ
 0001:00006528       ___vba@0078358C            00407528     Project1.OBJ
 0001:00006544       ___vba@007835C4            00407544     Project1.OBJ
 0001:00006550       ___vba@007835D4            00407550     Project1.OBJ
 0001:0000655c       ___vba@007835E4            0040755c     Project1.OBJ
 0001:00006564       ___vba@007835F0            00407564     Project1.OBJ
 0001:0000656c       ___vba@007835FC            0040756c     Project1.OBJ
 0001:0000657c       ___vba@00783610            0040757c     Project1.OBJ
 0001:0000658c       ___vba@00783624            0040758c     Project1.OBJ
 0001:00006598       ___vba@00783634            00407598     Project1.OBJ
 0001:000065a4       ___vba@00783644            004075a4     Project1.OBJ
 0001:000065b0       ___vba@0078298C            004075b0     Project1.OBJ
 0001:000065cc       ___vba@007829A8            004075cc     Project1.OBJ
 0001:000065dc       ___vba@007829C0            004075dc     Project1.OBJ
 0001:000065f0       ___vba@007829D4            004075f0     Project1.OBJ
 0001:00006600       ___vba@007829EC            00407600     Project1.OBJ
 0001:00006610       ___vba@00782A38            00407610     Project1.OBJ
 0001:00006620       ___vba@00782A84            00407620     Project1.OBJ
 0001:00006630       ___vba@00782AD0            00407630     Project1.OBJ
 0001:0000663c       ___vba@00782B18            0040763c     Project1.OBJ
 0001:0000664c       ___vba@00782B64            0040764c     Project1.OBJ
 0001:00006658       ___vba@00782B74            00407658     Project1.OBJ
 0001:0000666c       ___vba@00785934            0040766c     Project1.OBJ
 0001:00006678       ___vba@0078597C            00407678     Project1.OBJ
 0001:00006684       ___vba@007859C4            00407684     Project1.OBJ
 0001:00006690       ___vba@00785A0C            00407690     Project1.OBJ
 0001:000066a0       ___vba@00785A58            004076a0     Project1.OBJ
 0001:000066b0       ___vba@00785AA4            004076b0     Project1.OBJ
 0001:000066bc       ___vba@00785AEC            004076bc     Project1.OBJ
 0001:000066c8       ___vba@00783F54            004076c8     Project1.OBJ
 0001:000066d8       ___vba@00783FA0            004076d8     Project1.OBJ
 0001:000066ec       ___vba@00783FF0            004076ec     Project1.OBJ
 0001:000066f8       ___vba@00784038            004076f8     Project1.OBJ
 0001:00006708       ___vba@00784084            00407708     Project1.OBJ
 0001:0000671c       ___vba@007840D4            0040771c     Project1.OBJ
 0001:0000672c       ___vba@007840E8            0040772c     Project1.OBJ
 0001:0000673c       ___vba@007840FC            0040773c     Project1.OBJ
 0001:0000674c       ___vba@00784110            0040774c     Project1.OBJ
 0001:00006754       ___vba@0078417C            00407754     Project1.OBJ
 0001:00006768       ___vba@007841CC            00407768     Project1.OBJ
 0001:00006778       ___vba@00784250            00407778     Project1.OBJ
 0001:00006788       ___vba@0078429C            00407788     Project1.OBJ
 0001:00006794       ___vba@007842E4            00407794     Project1.OBJ
 0001:000067a0       ___vba@0078432C            004077a0     Project1.OBJ
 0001:000067b4       ___vba@06A7224C            004077b4     Project1.OBJ
 0001:000067c8       ___vba@06A72298            004077c8     Project1.OBJ
 0001:000067e4       ___vba@06A722B8            004077e4     Project1.OBJ
 0001:0000684c       ___vba@06A72324            0040784c     Project1.OBJ
 0001:0000685c       ___vba@06A72338            0040785c     Project1.OBJ
 0001:00006884       ___vba@06A72364            00407884     Project1.OBJ
 0001:000068a4       ___vba@06A7238C            004078a4     Project1.OBJ
 0001:000068b0       ___vba@06A723D4            004078b0     Project1.OBJ
 0001:000068c0       ___vba@06A723E8            004078c0     Project1.OBJ
 0001:000068d0       ___vba@06A723FC            004078d0     Project1.OBJ
 0001:000068e4       ___vba@06A71FEC            004078e4     Project1.OBJ
 0001:000068ec       ___vba@06A71FF8            004078ec     Project1.OBJ
 0001:000068f4       ___vba@06A72004            004078f4     Project1.OBJ
 0001:000068fc       ___vba@06A72010            004078fc     Project1.OBJ
 0001:00006908       ___vba@06A72020            00407908     Project1.OBJ
 0001:00006910       ___vba@06A7202C            00407910     Project1.OBJ
 0001:0000691c       ___vba@06A7203C            0040791c     Project1.OBJ
 0001:00006928       ___vba@06A7204C            00407928     Project1.OBJ
 0001:00006934       ___vba@06A7205C            00407934     Project1.OBJ
 0001:00006944       ___vba@06A7206C            00407944     Project1.OBJ
 0001:00006954       ___vba@06A72080            00407954     Project1.OBJ
 0001:00006978       ___vba@06A72094            00407978     Project1.OBJ
 0001:00006998       ___vba@06A720CC            00407998     Project1.OBJ
 0001:000069c0       ___vba@06A720E4            004079c0     Project1.OBJ
 0001:000069dc       ___vba@06A7211C            004079dc     Project1.OBJ
 0001:000069ec       ___vba@06A7212C            004079ec     Project1.OBJ
 0001:00006a00       ___vba@06A72148            00407a00     Project1.OBJ
 0001:00006a14       ___vba@06A7215C            00407a14     Project1.OBJ
 0001:00006a20       ___vba@06A7216C            00407a20     Project1.OBJ
 0001:00006a30       ___vba@06A72180            00407a30     Project1.OBJ
 0001:00006a38       ___vba@06A72190            00407a38     Project1.OBJ
 0001:00006a4c       ___vba@06A721A4            00407a4c     Project1.OBJ
 0001:00006a64       ___vba@06A721C0            00407a64     Project1.OBJ
 0001:00006a7c       ___vba@06A72664            00407a7c     Project1.OBJ
 0001:00006a90       ___vba@06A7267C            00407a90     Project1.OBJ
 0001:00006ab0       ___vba@06A726A0            00407ab0     Project1.OBJ
 0001:00006ac4       ___vba@06A726B8            00407ac4     Project1.OBJ
 0001:00006ad8       ___vba@06A726D0            00407ad8     Project1.OBJ
 0001:00006ae4       ___vba@06A726E0            00407ae4     Project1.OBJ
 0001:00006b04       ___vba@06A72704            00407b04     Project1.OBJ
 0001:00006b18       ___vba@06A7271C            00407b18     Project1.OBJ
 0001:00006b28       ___vba@06A72730            00407b28     Project1.OBJ
 0001:00006b34       ___vba@06A72740            00407b34     Project1.OBJ
 0001:00006b54       ___vba@06A72764            00407b54     Project1.OBJ
 0001:00011cc0       ___vba@069E3644            00412cc0     Project1.OBJ
 0001:00011d00       ___vba@069E1C64            00412d00     Project1.OBJ
 0001:00011d40       ___vba@069E386C            00412d40     Project1.OBJ
 0001:00011d80       ___vba@069CE75C            00412d80     Project1.OBJ
 0001:00011f04       ___vba@06A7357C            00412f04     Project1.OBJ
 0001:00011f2c       ___vba@06A735A8            00412f2c     Project1.OBJ
 0001:00011f38       ___vba@06A735B8            00412f38     Project1.OBJ
 0001:00011f44       ___vba@06A735C8            00412f44     Project1.OBJ
 0001:00011f50       ___vba@06A735D8            00412f50     Project1.OBJ
 0001:00011f5c       ___vba@06A735E8            00412f5c     Project1.OBJ
 0001:00011f68       ___vba@06A735F8            00412f68     Project1.OBJ
 0001:00011f74       ___vba@06A73608            00412f74     Project1.OBJ
 0001:00011f80       ___vba@06A73618            00412f80     Project1.OBJ
 0001:00011f8c       ___vba@06A73628            00412f8c     Project1.OBJ
 0001:00011f90       ___vba@06A73630            00412f90     Project1.OBJ
 0001:00011f98       ___vba@06A7363C            00412f98     Project1.OBJ
 0001:00011fb0       VB@BTXT                    00412fb0     Project1.OBJ
 0001:00011fc0       ?Command1_Click@Login@@AAGXXZ 00412fc0 f   Login.OBJ
 0001:00012400       ?Command2_Click@Login@@AAGXXZ 00413400 f   Login.OBJ
 0001:00012550       ?drawForm@VSKIN@@AAGXXZ    00413550 f   VSKIN.OBJ
 0001:000144b0       ?UserControl_DblClick@VSKIN@@AAGXXZ 004154b0 f   VSKIN.OBJ
 0001:00014c60       ?drawButtons@VSKIN@@AAGXXZ 00415c60 f   VSKIN.OBJ
 0001:00016890       ?UserControl_Initialize@VSKIN@@AAGXXZ 00417890 f   VSKIN.OBJ
 0001:00016920       ?UserControl_MouseDown@VSKIN@@AAGXXZ 00417920 f   VSKIN.OBJ
 0001:00016e90       ?UserControl_MouseMove@VSKIN@@AAGXXZ 00417e90 f   VSKIN.OBJ
 0001:00017ae0       ?UserControl_MouseUp@VSKIN@@AAGXXZ 00418ae0 f   VSKIN.OBJ
 0001:00018330       ?UserControl_Paint@VSKIN@@AAGXXZ 00419330 f   VSKIN.OBJ
 0001:000183c0       ?UserControl_Resize@VSKIN@@AAGXXZ 004193c0 f   VSKIN.OBJ
 0001:00018450       ?UserControl_ReadProperties@VSKIN@@AAGXXZ 00419450 f   VSKIN.OBJ
 0001:00018600       ?UserControl_WriteProperties@VSKIN@@AAGXXZ 00419600 f   VSKIN.OBJ
 0001:00018740       ?Caption__Get@VSKIN@@AAGXXZ 00419740 f   VSKIN.OBJ
 0001:000187d0       ?Caption__Let@VSKIN@@AAGXXZ 004197d0 f   VSKIN.OBJ
 0001:00018860       ?Resize__Get@VSKIN@@AAGXXZ 00419860 f   VSKIN.OBJ
 0001:000188d0       ?Resize__Let@VSKIN@@AAGXXZ 004198d0 f   VSKIN.OBJ
 0001:000189a0       ?Command1_Click@Join@@AAGXXZ 004199a0 f   Join.OBJ
 0001:00018ee0       ?Form_Unload@Join@@AAGXXZ  00419ee0 f   Join.OBJ
 0001:00018fd0       ?Command1_GotFocus@Main@@AAGXXZ 00419fd0 f   Main.OBJ
 0001:00019090       ?Command1_LostFocus@Main@@AAGXXZ 0041a090 f   Main.OBJ
 0001:00019150       ?Command2_GotFocus@Main@@AAGXXZ 0041a150 f   Main.OBJ
 0001:00019210       ?Command2_LostFocus@Main@@AAGXXZ 0041a210 f   Main.OBJ
 0001:000192d0       ?Command3_Click@Main@@AAGXXZ 0041a2d0 f   Main.OBJ
 0001:00019440       ?Command3_GotFocus@Main@@AAGXXZ 0041a440 f   Main.OBJ
 0001:00019500       ?Command3_LostFocus@Main@@AAGXXZ 0041a500 f   Main.OBJ
 0001:000195c0       ?Command4_GotFocus@Main@@AAGXXZ 0041a5c0 f   Main.OBJ
 0001:00019680       ?Command4_LostFocus@Main@@AAGXXZ 0041a680 f   Main.OBJ
 0001:00019740       ?Command5_GotFocus@Main@@AAGXXZ 0041a740 f   Main.OBJ
 0001:00019800       ?Command5_LostFocus@Main@@AAGXXZ 0041a800 f   Main.OBJ
 0001:000198c0       ?Command6_GotFocus@Main@@AAGXXZ 0041a8c0 f   Main.OBJ
 0001:00019980       ?Command6_LostFocus@Main@@AAGXXZ 0041a980 f   Main.OBJ
 0001:00019a40       ?Command7_GotFocus@Main@@AAGXXZ 0041aa40 f   Main.OBJ
 0001:00019b00       ?Command7_LostFocus@Main@@AAGXXZ 0041ab00 f   Main.OBJ
 0001:00019bc0       ?Command8_GotFocus@Main@@AAGXXZ 0041abc0 f   Main.OBJ
 0001:00019c80       ?Command8_LostFocus@Main@@AAGXXZ 0041ac80 f   Main.OBJ
 0001:00019d40       VB@ETXT                    0041ad40     Project1.OBJ
 0002:00000000       __adjust_fdiv              0041c000     VBAEXE6:natsupp.obj
 0002:00000008       VB@BSS                     0041c008     Project1.OBJ
 0002:00000010       ___vba@06A728D8            0041c010     Project1.OBJ
 0002:00000024       ___vba@06A728F8            0041c024     Project1.OBJ
 0002:00000038       ___vba@06A728A8            0041c038     Project1.OBJ
 0002:0000004c       ___vba@06A728C0            0041c04c     Project1.OBJ
 0002:0000040c       ___vba@069CF374            0041c40c     Project1.OBJ
 0002:000004dc       ___vba@06986384            0041c4dc     Project1.OBJ
 0002:00000be8       ___vba@00763504            0041cbe8     Project1.OBJ
 0002:000012f4       ___vba@0078E074            0041d2f4     Project1.OBJ
 0002:00001a3c       ___vba@062246E4            0041da3c     Project1.OBJ

 entry point at        0001:000005fc

 Static symbols

